data/raw/sales.csv
date,sku,price,promo,true_demand_qty,sales_qty
2024-12-07,SKU_0001,15.21392488562531,0,36.86,36.86
2024-12-08,SKU_0001,14.914320056796146,0,54.26,54.26
2024-12-09,SKU_0001,15.945830361672112,0,49.31,49.31
2024-12-10,SKU_0001,16.31687751536504,0,84.86,84.86
2024-12-11,SKU_0001,16.18899597611674,0,54.91,54.91
2024-12-12,SKU_0001,16.53134547298749,0,56.37,56.37
2024-12-13,SKU_0001,18.584335676252003,0,35.8,35.8
2024-12-14,SKU_0001,21.050785802071026,1,53.99,53.99
2024-12-15,SKU_0001,21.138600099789233,0,32.59,32.59
2024-12-16,SKU_0001,21.34275191770593,0,59.48,59.48
2024-12-17,SKU_0001,22.766419079206806,0,40.35,40.35
2024-12-18,SKU_0001,21.640075456797803,0,65.22,65.22
2024-12-19,SKU_0001,22.07688565533905,0,43.18,43.18
2024-12-20,SKU_0001,22.04265395386698,0,40.3,40.3
2024-12-21,SKU_0001,22.461750504983357,0,22.34,22.34
2024-12-22,SKU_0001,21.36623253111574,0,34.2,34.2
2024-12-23,SKU_0001,19.422607198018284,0,35.14,35.14
2024-12-24,SKU_0001,17.151038075049886,0,61.75,61.75
2024-12-25,SKU_0001,16.038878068824882,0,48.13,48.13
2024-12-26,SKU_0001,15.603498267959868,1,70.83,70.83
2024-12-27,SKU_0001,15.331409642657373,0,61.13,61.13
2024-12-28,SKU_0001,17.221136774648762,0,41.82,41.82
2024-12-29,SKU_0001,18.402694862387673,0,29.38,29.38
2024-12-30,SKU_0001,17.370470152676575,1,40.84,40.84
2024-01-01,SKU_0002,21.86863312164039,0,26.08,26.08
2024-01-02,SKU_0002,19.557182756653408,0,40.2,40.2
2024-01-03,SKU_0002,19.59137111731691,0,25.21,25.21
2024-01-04,SKU_0002,19.62774755877466,0,41.56,6.51
2024-01-05,SKU_0002,19.489728935332916,1,26.15,0.0
2024-01-06,SKU_0002,20.96258108572149,0,12.44,0.0
2024-01-07,SKU_0002,17.85652395788408,0,15.09,15.09
2024-01-08,SKU_0002,18.285802914764304,0,29.77,29.77
2024-01-09,SKU_0002,20.081746213414824,0,30.54,30.54
2024-01-10,SKU_0002,18.767833266904454,0,42.64,42.64
2024-01-11,SKU_0002,18.34498091118995,0,22.46,22.46
2024-01-12,SKU_0002,17.534712755120793,0,23.91,23.91
2024-01-13,SKU_0002,16.618586529696625,0,20.22,20.22
2024-01-14,SKU_0002,16.29642924615197,0,21.07,21.07
2024-01-15,SKU_0002,17.753721149632288,0,24.4,24.4
2024-01-16,SKU_0002,19.82290994438583,0,28.42,28.42
2024-01-17,SKU_0002,19.42735225652148,0,33.23,33.23
2024-01-18,SKU_0002,21.779857963244325,0,29.44,29.44
2024-01-19,SKU_0002,21.826398655121636,0,23.5,23.5
2024-01-20,SKU_0002,24.248182018749052,0,23.44,23.44
2024-01-21,SKU_0002,24.112821881433938,0,15.48,15.48
2024-01-22,SKU_0002,24.30317977825094,0,17.04,17.04
2024-01-23,SKU_0002,24.841997418775925,0,35.74,35.74
2024-01-24,SKU_0002,30.062149416548927,0,23.79,23.79
2024-01-25,SKU_0002,31.637528302852044,0,23.44,23.44
2024-01-26,SKU_0002,30.323049978455106,1,21.66,21.66
2024-01-27,SKU_0002,32.13828571673489,0,15.21,15.21
2024-01-28,SKU_0002,31.448084297858593,0,13.85,13.85
2024-01-29,SKU_0002,30.537427354597483,0,20.81,20.81
2024-01-30,SKU_0002,32.24842288589145,0,31.31,31.31
2024-01-31,SKU_0002,32.308626683357666,0,28.64,28.64
2024-02-01,SKU_0002,32.853189380290836,0,28.19,28.19
2024-02-02,SKU_0002,32.88076849822304,0,18.61,18.61
2024-02-03,SKU_0002,33.55154558044628,0,20.81,20.81
2024-02-04,SKU_0002,34.41804133024743,0,16.61,16.61
2024-02-05,SKU_0002,30.641731924072598,1,18.44,18.44
2024-02-06,SKU_0002,31.89206485845433,0,29.93,29.93
2024-02-07,SKU_0002,30.067235675848973,0,34.77,34.77
2024-02-08,SKU_0002,27.57468426435249,0,24.46,24.46
2024-02-09,SKU_0002,27.47821311667517,1,33.24,33.24
2024-02-10,SKU_0002,27.617021415193715,0,15.81,15.81
2024-02-11,SKU_0002,26.491447119728853,0,23.14,23.14
2024-02-12,SKU_0002,27.845847200261332,0,35.2,35.2
2024-02-13,SKU_0002,25.69132360998009,1,36.38,36.38
2024-02-14,SKU_0002,25.07162446527065,0,30.6,30.6
2024-02-15,SKU_0002,24.207058378136896,0,28.3,28.3
2024-02-16,SKU_0002,24.13948841277286,1,38.26,38.26
2024-02-17,SKU_0002,24.546784793253106,0,21.37,21.37
2024-02-18,SKU_0002,23.106346106763905,0,32.87,32.87
2024-02-19,SKU_0002,24.132615448744474,0,27.82,27.82
2024-02-20,SKU_0002,24.224012803045785,0,27.62,27.62
2024-02-21,SKU_0002,21.624515124616256,0,30.21,30.21
2024-02-22,SKU_0002,19.22693468540517,0,31.8,31.8
2024-02-23,SKU_0002,19.212728202035557,0,16.83,16.83
2024-02-24,SKU_0002,18.959686227676222,0,19.64,19.64
2024-02-25,SKU_0002,18.842401717150295,0,21.06,21.06
2024-02-26,SKU_0002,18.81079285816256,0,30.14,30.14
2024-02-27,SKU_0002,19.067100895180385,0,50.51,50.51
2024-02-28,SKU_0002,20.182650723168564,0,35.47,35.47
2024-02-29,SKU_0002,18.881017763262804,0,21.75,21.75
2024-03-01,SKU_0002,17.59894171915631,1,25.95,25.95
2024-03-02,SKU_0002,16.48151317552782,1,28.45,28.45
2024-03-03,SKU_0002,16.769710944115868,0,24.59,24.59
2024-03-04,SKU_0002,18.07032666002354,0,40.65,40.65
2024-03-05,SKU_0002,17.608659808772984,0,42.94,42.94
2024-03-06,SKU_0002,15.154368268881278,0,46.53,46.53
2024-03-07,SKU_0002,13.681564274630805,0,34.04,34.04
2024-03-08,SKU_0002,13.014538124114376,0,36.2,36.2
2024-03-09,SKU_0002,12.586229463697064,0,20.84,20.84
2024-03-10,SKU_0002,12.281572877025257,0,32.46,32.46
2024-03-11,SKU_0002,12.310036020930736,0,31.43,31.43
2024-03-12,SKU_0002,12.081919591877215,0,29.96,29.96
2024-03-13,SKU_0002,12.867058788485254,0,46.04,46.04
2024-03-14,SKU_0002,12.355600286530445,0,48.83,48.83
2024-03-15,SKU_0002,11.732588915457242,0,27.83,27.83
2024-03-16,SKU_0002,12.07458559299636,0,34.73,34.73
2024-03-17,SKU_0002,11.011766196283816,0,19.97,19.97
2024-03-18,SKU_0002,11.27227146748032,0,27.04,27.04
2024-03-19,SKU_0002,11.341845739465368,0,39.82,39.82
2024-03-20,SKU_0002,11.241952049614909,0,39.74,39.74
2024-03-21,SKU_0002,12.36597891071782,0,32.45,32.45
2024-03-22,SKU_0002,11.912837724307455,1,36.73,36.73
2024-03-23,SKU_0002,13.480369407474,0,22.2,22.2
2024-03-24,SKU_0002,13.299263028085171,0,24.54,24.54
2024-03-25,SKU_0002,12.31832062086075,0,35.47,35.47
2024-03-26,SKU_0002,12.370106679678324,1,41.54,41.54
2024-03-27,SKU_0002,11.596555315044021,0,41.63,41.63
2024-03-28,SKU_0002,11.08510979165503,1,40.01,40.01
2024-03-29,SKU_0002,11.352349711545333,0,24.11,24.11
2024-03-30,SKU_0002,11.737157579035802,0,30.02,30.02
2024-03-31,SKU_0002,11.307086000186159,0,39.02,39.02
2024-04-01,SKU_0002,11.997207538119865,0,41.88,41.88
2024-04-02,SKU_0002,12.860034261954333,0,42.34,42.34
2024-04-03,SKU_0002,14.017443080804366,0,35.33,35.33
2024-04-04,SKU_0002,14.469851715245621,0,33.47,33.47
2024-04-05,SKU_0002,15.70333351447422,0,34.36,34.36
2024-04-06,SKU_0002,14.02757604689703,0,15.46,15.46
2024-04-07,SKU_0002,13.762544245601363,0,24.27,24.27
2024-04-08,SKU_0002,13.06491511214841,0,38.15,38.15
2024-04-09,SKU_0002,13.158710743398041,0,31.28,31.28
2024-04-10,SKU_0002,12.71518565618846,0,44.92,44.92
2024-04-11,SKU_0002,12.589051776374838,0,39.77,39.77
2024-04-12,SKU_0002,14.094124697353877,0,21.42,21.42
2024-04-13,SKU_0002,13.951329866134145,0,24.79,24.79
2024-04-14,SKU_0002,14.30204270632996,0,22.72,22.72
2024-04-15,SKU_0002,14.104109571153968,0,34.85,34.85
2024-04-16,SKU_0002,14.168327435645407,0,43.74,43.74
2024-04-17,SKU_0002,14.173443136885679,0,43.06,43.06
2024-04-18,SKU_0002,14.55987497612787,0,35.64,35.64
2024-04-19,SKU_0002,15.614311664202724,1,34.69,34.69
2024-04-20,SKU_0002,17.23653998067068,1,21.29,21.29
2024-04-21,SKU_0002,17.559739492727672,0,23.88,23.88
2024-04-22,SKU_0002,18.191993250492825,0,25.17,25.17
2024-04-23,SKU_0002,16.978191973471837,0,44.23,44.23
2024-04-24,SKU_0002,16.888908266989144,0,42.94,42.94
2024-04-25,SKU_0002,17.86912670762349,0,37.56,37.56
2024-04-26,SKU_0002,18.822116295066973,0,36.52,36.52
2024-04-27,SKU_0002,19.06261640922947,0,20.48,20.48
2024-04-28,SKU_0002,20.10387934410414,0,20.49,20.49
2024-04-29,SKU_0002,20.704660113212586,0,26.22,26.22
2024-04-30,SKU_0002,22.250782503087308,1,28.27,28.27
2024-05-01,SKU_0002,22.6404635079036,0,25.04,25.04
2024-05-02,SKU_0002,22.16239263967503,0,34.45,34.45
2024-05-03,SKU_0002,22.613505189791532,0,18.37,18.37
2024-05-04,SKU_0002,18.967208885057342,0,17.49,17.49
2024-05-05,SKU_0002,19.40798897628466,0,22.41,22.41
2024-05-06,SKU_0002,15.592343846135293,0,27.92,27.92
2024-05-07,SKU_0002,14.06053884384292,0,44.57,44.57
2024-05-08,SKU_0002,14.446877862038953,0,38.92,38.92
2024-05-09,SKU_0002,14.866793274420388,0,28.91,28.91
2024-05-10,SKU_0002,13.865231279309327,0,33.77,33.77
2024-05-11,SKU_0002,13.285301015011331,0,27.59,27.59
2024-05-12,SKU_0002,14.423959766225984,0,18.63,18.63
2024-05-13,SKU_0002,14.011086213458352,0,32.51,32.51
2024-05-14,SKU_0002,16.02939312790819,0,30.69,30.69
2024-05-15,SKU_0002,16.027546789372508,0,31.7,31.7
2024-05-16,SKU_0002,16.424778632493513,0,47.17,47.17
2024-05-17,SKU_0002,18.098038291554875,0,25.93,25.93
2024-05-18,SKU_0002,18.24087906225785,0,20.45,20.45
2024-05-19,SKU_0002,17.17619715189163,0,23.48,23.48
2024-05-20,SKU_0002,17.06348656178422,0,34.17,34.17
2024-05-21,SKU_0002,17.027066884479158,0,29.76,29.76
2024-05-22,SKU_0002,15.688371175363693,0,32.76,32.76
2024-05-23,SKU_0002,15.449394693477442,0,37.1,37.1
2024-05-24,SKU_0002,14.776503214465501,0,19.54,19.54
2024-05-25,SKU_0002,15.619181838649393,0,26.84,26.84
2024-05-26,SKU_0002,15.651652092070101,0,16.94,16.94
2024-05-27,SKU_0002,15.388319251441171,1,32.82,32.82
2024-05-28,SKU_0002,15.290593197391125,0,25.25,25.25
2024-05-29,SKU_0002,15.496669606180884,0,29.08,29.08
2024-05-30,SKU_0002,16.080928244016167,1,48.51,48.51
2024-05-31,SKU_0002,15.144709377860334,0,31.78,31.78
2024-06-01,SKU_0002,14.227205287931097,0,27.99,27.99
2024-06-02,SKU_0002,15.202148247669868,0,17.31,17.31
2024-06-03,SKU_0002,14.830658191764407,0,23.4,23.4
2024-06-04,SKU_0002,13.62199835503617,0,37.8,37.8
2024-06-05,SKU_0002,13.98960808888578,0,41.93,41.93
2024-06-06,SKU_0002,14.38400697993728,0,27.29,27.29
2024-06-07,SKU_0002,13.121787905948006,0,23.52,23.52
2024-06-08,SKU_0002,13.303710090213206,1,21.02,21.02
2024-06-09,SKU_0002,13.904019013750633,1,38.43,38.43
2024-06-10,SKU_0002,14.219881956737499,0,26.06,26.06
2024-06-11,SKU_0002,14.769437504257265,0,33.97,33.97
2024-06-12,SKU_0002,13.576004593236652,0,36.52,36.52
2024-06-13,SKU_0002,13.848352542617093,1,46.89,46.89
2024-06-14,SKU_0002,13.599174467744115,0,21.14,21.14
2024-06-15,SKU_0002,13.21089252338729,1,32.65,32.65
2024-06-16,SKU_0002,13.919281219462125,0,17.63,17.63
2024-06-17,SKU_0002,15.211192227960936,0,34.68,34.68
2024-06-18,SKU_0002,16.940271071521344,0,22.48,22.48
2024-06-19,SKU_0002,18.33079006560375,0,31.42,31.42
2024-06-20,SKU_0002,18.210495657627636,0,39.53,39.53
2024-06-21,SKU_0002,18.599995190256617,0,26.15,26.15
2024-06-22,SKU_0002,19.47576153960171,1,24.45,24.45
2024-06-23,SKU_0002,19.617879531208317,0,16.27,16.27
2024-06-24,SKU_0002,19.772403891233104,0,21.41,21.41
2024-06-25,SKU_0002,20.774212015902318,0,38.1,38.1
2024-06-26,SKU_0002,20.700450261985548,0,33.22,33.22
2024-06-27,SKU_0002,19.814187779916185,1,38.51,38.51
2024-06-28,SKU_0002,19.3275173846386,0,22.29,22.29
2024-06-29,SKU_0002,20.076791061384686,0,17.35,17.35
2024-06-30,SKU_0002,20.08039712611549,0,22.69,22.69
2024-07-01,SKU_0002,20.494502315315724,1,29.9,29.9
2024-07-02,SKU_0002,21.335266866872868,0,27.26,27.26
2024-07-03,SKU_0002,20.860782006467158,0,22.18,22.18
2024-07-04,SKU_0002,21.829141147226263,0,31.21,31.21
2024-07-05,SKU_0002,22.33101195976921,0,22.42,22.42
2024-07-06,SKU_0002,20.736337539955805,1,18.62,18.62
2024-07-07,SKU_0002,22.610759690385535,0,23.2,23.2
2024-07-08,SKU_0002,21.941530280705845,1,28.5,28.5
2024-07-09,SKU_0002,19.867306281462746,0,29.64,29.64
2024-07-10,SKU_0002,18.659825758700798,0,35.45,35.45
2024-07-11,SKU_0002,17.55098630494504,0,30.72,30.72
2024-07-12,SKU_0002,17.60601398137798,0,22.82,22.82
2024-07-13,SKU_0002,17.319092692998986,0,17.6,17.6
2024-07-14,SKU_0002,16.972588453759748,1,34.35,34.35
2024-07-15,SKU_0002,17.61554439837879,0,20.62,20.62
2024-07-16,SKU_0002,17.97845754991785,0,32.82,32.82
2024-07-17,SKU_0002,18.322633714322883,0,28.66,28.66
2024-07-18,SKU_0002,18.778767025899132,0,28.14,28.14
2024-07-19,SKU_0002,19.48597348208213,0,26.06,26.06
2024-07-20,SKU_0002,17.170927595087964,0,16.8,16.8
2024-07-21,SKU_0002,16.799538276492996,0,21.53,21.53
2024-07-22,SKU_0002,14.739615465815975,0,25.93,25.93
2024-07-23,SKU_0002,14.77154055713932,0,25.75,25.75
2024-07-24,SKU_0002,14.767434959572624,0,39.05,39.05
2024-07-25,SKU_0002,15.723499117163051,1,36.14,36.14
2024-07-26,SKU_0002,16.884810249253125,0,19.03,19.03
2024-07-27,SKU_0002,17.09149410237894,0,21.8,21.8
2024-07-28,SKU_0002,16.586004779546066,0,15.84,15.84
2024-07-29,SKU_0002,17.07591380148302,0,22.84,22.84
2024-07-30,SKU_0002,16.54350971562944,1,30.05,30.05
2024-07-31,SKU_0002,16.54212741282121,0,33.3,33.3
2024-08-01,SKU_0002,17.550430554673873,0,22.71,22.71
2024-08-02,SKU_0002,16.97280236248133,1,27.92,27.92
2024-08-03,SKU_0002,17.813434507577114,1,22.51,22.51
2024-08-04,SKU_0002,18.552359956896353,0,16.39,16.39
2024-08-05,SKU_0002,17.51941147491632,0,32.12,32.12
2024-08-06,SKU_0002,18.57363572413425,0,22.47,22.47
2024-08-07,SKU_0002,19.368675995848648,0,20.15,20.15
2024-08-08,SKU_0002,19.487489098763128,0,28.11,28.11
2024-08-09,SKU_0002,18.616220442775536,0,12.53,12.53
2024-08-10,SKU_0002,17.680828312934704,1,26.41,26.41
2024-08-11,SKU_0002,17.11955113768964,0,18.08,18.08
2024-08-12,SKU_0002,17.6860610773086,0,16.34,16.34
2024-08-13,SKU_0002,16.70051086261243,0,21.81,21.81
2024-08-14,SKU_0002,17.144716398889262,0,19.57,19.57
2024-08-15,SKU_0002,15.913769053881532,0,26.63,26.63
2024-08-16,SKU_0002,15.720107063743585,0,15.23,15.23
2024-08-17,SKU_0002,15.823868472133741,1,21.96,21.96
2024-08-18,SKU_0002,18.324285776040558,0,16.01,16.01
2024-08-19,SKU_0002,16.870867743207203,0,19.66,19.66
2024-08-20,SKU_0002,18.428699525618246,0,27.79,27.79
2024-08-21,SKU_0002,18.595130607033106,0,29.43,29.43
2024-08-22,SKU_0002,19.059583886219762,1,34.15,34.15
2024-08-23,SKU_0002,19.195405259780205,0,16.16,16.16
2024-08-24,SKU_0002,19.71450284858589,0,15.31,15.31
2024-08-25,SKU_0002,19.533548902892537,0,14.44,14.44
2024-08-26,SKU_0002,21.31426260985382,0,20.45,20.45
2024-08-27,SKU_0002,20.73842347295844,0,20.38,20.38
2024-08-28,SKU_0002,22.196225688727765,0,22.24,22.24
2024-08-29,SKU_0002,21.354451800626116,0,20.03,20.03
2024-08-30,SKU_0002,21.27739246457618,0,18.56,18.56
2024-08-31,SKU_0002,19.95195970360455,0,15.12,15.12
2024-09-01,SKU_0002,20.504180506277105,0,17.6,17.6
2024-09-02,SKU_0002,22.36140205213825,0,18.82,18.82
2024-09-03,SKU_0002,22.257854979911894,1,24.24,24.24
2024-09-04,SKU_0002,21.996466728134696,0,24.87,24.87
2024-09-05,SKU_0002,20.573520152036277,0,18.09,18.09
2024-09-06,SKU_0002,20.292416811943752,0,19.64,19.64
2024-09-07,SKU_0002,18.44290243517339,0,14.43,14.43
2024-09-08,SKU_0002,17.459901787750624,0,17.18,17.18
2024-09-09,SKU_0002,17.69910526277786,0,21.3,21.3
2024-09-10,SKU_0002,19.156745136163874,1,38.78,38.78
2024-09-11,SKU_0002,22.673742382182457,0,25.32,25.32
2024-09-12,SKU_0002,21.889617258354647,0,21.42,21.42
2024-09-13,SKU_0002,23.858258744980077,0,14.38,14.38
2024-09-14,SKU_0002,24.209753395372996,0,16.36,16.36
2024-09-15,SKU_0002,23.99104716660951,0,14.07,14.07
2024-09-16,SKU_0002,24.62190251939839,0,13.48,13.48
2024-09-17,SKU_0002,24.713542732727344,0,20.99,20.99
2024-09-18,SKU_0002,24.87778224137869,0,23.52,23.52
2024-09-19,SKU_0002,24.27568266490266,1,20.43,20.43
2024-09-20,SKU_0002,22.322353072067813,0,16.35,16.35
2024-09-21,SKU_0002,20.347764314963733,0,14.39,14.39
2024-09-22,SKU_0002,21.161124264635532,0,15.16,15.16
2024-09-23,SKU_0002,20.812707377446923,0,24.51,24.51
2024-09-24,SKU_0002,20.08148804276422,0,17.79,17.79
2024-09-25,SKU_0002,20.09173899674561,0,36.11,36.11
2024-09-26,SKU_0002,21.07325436015629,0,20.98,20.98
2024-09-27,SKU_0002,21.302544105447247,0,19.01,19.01
2024-09-28,SKU_0002,20.48029513496917,0,14.9,14.9
2024-09-29,SKU_0002,22.044007324618107,0,10.7,10.7
2024-09-30,SKU_0002,24.234855782188472,0,14.78,14.78
2024-10-01,SKU_0002,24.96476218053017,0,19.47,19.47
2024-10-02,SKU_0002,26.466641493901374,0,26.97,26.97
2024-10-03,SKU_0002,28.51421481244099,0,14.61,14.61
2024-10-04,SKU_0002,30.5147046549568,1,15.17,15.17
2024-10-05,SKU_0002,31.660018471699342,0,13.17,13.17
2024-10-06,SKU_0002,32.81728836132768,0,14.75,14.75
2024-10-07,SKU_0002,33.856638492322666,0,18.06,18.06
2024-10-08,SKU_0002,31.699307481806315,0,16.57,16.57
2024-10-09,SKU_0002,33.06046719609655,0,15.06,15.06
2024-10-10,SKU_0002,30.477520704336627,0,21.11,21.11
2024-10-11,SKU_0002,29.05856913068371,0,20.62,20.62
2024-10-12,SKU_0002,31.422598218496038,0,11.98,11.98
2024-10-13,SKU_0002,33.04732193526229,0,10.71,10.71
2024-10-14,SKU_0002,36.1321998251452,0,14.96,14.96
2024-10-15,SKU_0002,35.5480025166246,0,21.21,21.21
2024-10-16,SKU_0002,33.17342276451341,0,19.9,19.9
2024-10-17,SKU_0002,32.69829070015675,0,24.76,24.76
2024-10-18,SKU_0002,32.89907961674023,0,18.07,18.07
2024-10-19,SKU_0002,33.05536904129557,0,13.22,13.22
2024-10-20,SKU_0002,35.38205723624546,1,10.66,10.66
2024-10-21,SKU_0002,34.62336033396709,0,14.51,14.51
2024-10-22,SKU_0002,35.36245544649713,0,17.76,17.76
2024-10-23,SKU_0002,33.32583919031425,0,18.11,18.11
2024-10-24,SKU_0002,34.238545966331856,0,19.34,19.34
2024-10-25,SKU_0002,34.24493249620398,0,15.65,15.65
2024-10-26,SKU_0002,32.7384358906186,0,9.25,9.25
2024-10-27,SKU_0002,32.27845679520092,0,16.25,16.25
2024-10-28,SKU_0002,31.92372585747181,0,17.34,17.34
2024-10-29,SKU_0002,31.410435638272688,0,22.35,22.35
2024-10-30,SKU_0002,34.93260582576921,0,24.38,24.38
2024-10-31,SKU_0002,34.726875500145304,0,16.12,16.12
2024-11-01,SKU_0002,34.222390767673694,0,19.57,19.57
2024-11-02,SKU_0002,30.175582570644625,0,13.06,13.06
2024-11-03,SKU_0002,28.599253957379812,0,19.7,19.7
2024-11-04,SKU_0002,28.15137578115574,0,15.24,15.24
2024-11-05,SKU_0002,27.016426395759026,0,29.48,29.48
2024-11-06,SKU_0002,29.3516135714583,0,18.77,18.77
2024-11-07,SKU_0002,29.06257474223777,0,33.56,33.56
2024-11-08,SKU_0002,31.398430578205875,0,13.12,13.12
2024-11-09,SKU_0002,31.51489175111617,0,16.66,16.66
2024-11-10,SKU_0002,31.585364302130852,0,13.37,13.37
2024-11-11,SKU_0002,31.41753169831589,0,20.7,20.7
2024-11-12,SKU_0002,31.424688644711143,0,21.34,21.34
2024-11-13,SKU_0002,34.838445987429346,0,17.49,17.49
