data/raw/sales.csv
date,sku,price,promo,true_demand_qty,sales_qty
2024-11-14,SKU_0002,30.312037265709655,0,11.59,11.59
2024-11-15,SKU_0002,26.881872063618577,0,28.0,28.0
2024-11-16,SKU_0002,26.019907252031736,0,14.78,14.78
2024-11-17,SKU_0002,26.04259798848026,0,8.63,8.63
2024-11-18,SKU_0002,27.14356080034727,0,20.33,20.33
2024-11-19,SKU_0002,27.925076344788266,0,26.11,26.11
2024-11-20,SKU_0002,27.288635244334824,0,20.71,20.71
2024-11-21,SKU_0002,29.009197813878615,0,18.2,18.2
2024-11-22,SKU_0002,30.858883596429223,0,16.54,16.54
2024-11-23,SKU_0002,31.20156144138,0,17.92,17.92
2024-11-24,SKU_0002,33.05680992070414,0,15.07,15.07
2024-11-25,SKU_0002,33.60202422399872,0,24.56,24.56
2024-11-26,SKU_0002,32.48886217556094,0,27.85,27.85
2024-11-27,SKU_0002,33.878017023198545,0,21.87,21.87
2024-11-28,SKU_0002,34.103605983117944,1,17.68,17.68
2024-11-29,SKU_0002,34.10634770966883,0,15.75,15.75
2024-11-30,SKU_0002,37.2577781021938,0,15.17,15.17
2024-12-01,SKU_0002,32.16273240129168,0,15.42,15.42
2024-12-02,SKU_0002,29.54006132851734,1,26.23,26.23
2024-12-03,SKU_0002,27.509272444393837,0,28.4,28.4
2024-12-04,SKU_0002,26.916177200888562,0,27.93,27.93
2024-12-05,SKU_0002,26.508117281466358,1,25.3,25.3
2024-12-06,SKU_0002,24.21594885611487,0,20.76,20.76
2024-12-07,SKU_0002,22.82603973233521,0,25.36,25.36
2024-12-08,SKU_0002,21.676993203546424,0,13.05,13.05
2024-12-09,SKU_0002,25.120818448162165,0,23.12,23.12
2024-12-10,SKU_0002,27.988716294449624,0,35.13,35.13
2024-12-11,SKU_0002,27.305727382230984,0,20.25,20.25
2024-12-12,SKU_0002,26.716503337555732,0,28.17,28.17
2024-12-13,SKU_0002,24.93641630234857,0,23.84,23.84
2024-12-14,SKU_0002,22.238864520918046,0,12.46,12.46
2024-12-15,SKU_0002,22.083453135347312,0,20.66,20.66
2024-12-16,SKU_0002,20.800093506161986,0,21.55,21.55
2024-12-17,SKU_0002,20.694468664461475,0,27.01,27.01
2024-12-18,SKU_0002,18.799947914812993,0,27.53,27.53
2024-12-19,SKU_0002,17.95979469988764,0,34.64,34.64
2024-12-20,SKU_0002,18.120669672274317,1,24.85,24.85
2024-12-21,SKU_0002,18.523233952327995,0,16.53,16.53
2024-12-22,SKU_0002,18.993069528265934,0,17.57,17.57
2024-12-23,SKU_0002,17.54633001176122,0,22.93,22.93
2024-12-24,SKU_0002,18.469596647347547,0,23.37,23.37
2024-12-25,SKU_0002,17.603772997324892,0,27.95,27.95
2024-12-26,SKU_0002,18.285067237583014,0,27.8,27.8
2024-12-27,SKU_0002,18.273399226908015,1,28.16,28.16
2024-12-28,SKU_0002,16.824954281842693,0,24.34,24.34
2024-12-29,SKU_0002,16.50876242450691,0,21.56,21.56
2024-12-30,SKU_0002,16.87466054156291,0,23.15,23.15
2024-01-01,SKU_0003,19.98933980346893,0,10.12,10.12
2024-01-02,SKU_0003,19.139199666874774,0,16.13,16.13
2024-01-03,SKU_0003,18.482702404101676,0,15.79,15.79
2024-01-04,SKU_0003,18.081821812686826,0,14.38,14.38
2024-01-05,SKU_0003,16.64903569524311,0,12.99,12.99
2024-01-06,SKU_0003,16.03301497248434,0,11.88,11.88
2024-01-07,SKU_0003,15.34720546320424,0,12.34,12.34
2024-01-08,SKU_0003,16.074359076918668,0,13.75,13.75
2024-01-09,SKU_0003,16.87397808822389,0,14.17,14.17
2024-01-10,SKU_0003,16.72699781503274,0,15.43,15.43
2024-01-11,SKU_0003,16.33813036195746,0,18.72,18.72
2024-01-12,SKU_0003,16.475873861890257,1,18.57,18.57
2024-01-13,SKU_0003,15.688102369764593,0,8.47,8.47
2024-01-14,SKU_0003,14.644907868854247,0,15.46,15.46
2024-01-15,SKU_0003,13.841611991230995,0,13.05,13.05
2024-01-16,SKU_0003,13.324315870377884,0,19.41,19.41
2024-01-17,SKU_0003,12.42588999676891,0,23.02,23.02
2024-01-18,SKU_0003,12.54730338137316,1,29.59,29.59
2024-01-19,SKU_0003,13.108864921511477,0,8.91,8.91
2024-01-20,SKU_0003,11.91815436930184,0,14.16,14.16
2024-01-21,SKU_0003,11.936137194013982,0,18.2,18.2
2024-01-22,SKU_0003,11.779660877440925,0,20.51,20.51
2024-01-23,SKU_0003,12.023522157668642,0,13.59,13.59
2024-01-24,SKU_0003,12.014191606013398,0,33.2,33.2
2024-01-25,SKU_0003,11.010756163384439,0,15.58,15.58
2024-01-26,SKU_0003,10.207566613576374,1,21.89,21.89
2024-01-27,SKU_0003,10.225603116311499,0,16.94,16.94
2024-01-28,SKU_0003,10.87668535189658,0,16.38,16.38
2024-01-29,SKU_0003,9.523574943529283,1,32.38,32.38
2024-01-30,SKU_0003,9.723191346170946,0,21.16,21.16
2024-01-31,SKU_0003,10.442575137274128,0,31.09,31.09
2024-02-01,SKU_0003,10.347134899912666,0,21.23,21.23
2024-02-02,SKU_0003,10.694416789232228,0,12.4,12.4
2024-02-03,SKU_0003,10.25266493071522,0,18.86,18.86
2024-02-04,SKU_0003,10.179497954667207,0,16.49,16.49
2024-02-05,SKU_0003,9.236110744785158,0,25.88,25.88
2024-02-06,SKU_0003,8.024186422254434,0,29.96,29.96
2024-02-07,SKU_0003,8.49116517302683,0,43.64,43.64
2024-02-08,SKU_0003,8.0038808946498,0,23.43,23.43
2024-02-09,SKU_0003,7.7880839369634,0,20.46,20.46
2024-02-10,SKU_0003,7.166435068971996,0,20.92,20.92
2024-02-11,SKU_0003,6.585104126831546,0,19.01,19.01
2024-02-12,SKU_0003,6.51677672127094,1,47.32,47.32
2024-02-13,SKU_0003,6.237660886345589,0,17.2,17.2
2024-02-14,SKU_0003,6.3807364008507275,0,31.5,31.5
2024-02-15,SKU_0003,6.556361627682968,0,27.56,27.56
2024-02-16,SKU_0003,6.68380073429454,0,21.83,21.83
2024-02-17,SKU_0003,6.780174542826997,0,15.89,15.89
2024-02-18,SKU_0003,7.453389815487634,0,23.02,23.02
2024-02-19,SKU_0003,6.990928021203055,0,22.37,22.37
2024-02-20,SKU_0003,6.9679232132831075,0,30.9,30.9
2024-02-21,SKU_0003,7.457935317466549,0,29.63,29.63
2024-02-22,SKU_0003,8.045806285593956,0,28.31,28.31
2024-02-23,SKU_0003,7.387912202087974,0,28.74,28.74
2024-02-24,SKU_0003,7.250742315087615,0,19.26,19.26
2024-02-25,SKU_0003,7.866326002550471,0,22.38,22.38
2024-02-26,SKU_0003,8.109821548305755,0,23.85,23.85
2024-02-27,SKU_0003,8.205393203884105,0,24.92,24.92
2024-02-28,SKU_0003,8.098918743084267,0,28.12,28.12
2024-02-29,SKU_0003,7.914547396709047,0,24.7,24.7
2024-03-01,SKU_0003,8.052605088062448,0,23.37,23.37
2024-03-02,SKU_0003,7.931587501880508,0,18.25,18.25
2024-03-03,SKU_0003,7.911350399413199,0,16.26,16.26
2024-03-04,SKU_0003,7.948747826085009,0,22.63,22.63
2024-03-05,SKU_0003,7.63184876771286,0,21.32,21.32
2024-03-06,SKU_0003,7.879448237774905,0,28.56,28.56
2024-03-07,SKU_0003,9.384998964813388,0,24.12,24.12
2024-03-08,SKU_0003,8.435874294076994,0,29.49,29.49
2024-03-09,SKU_0003,8.601478549374614,0,22.61,22.61
2024-03-10,SKU_0003,8.217965788945632,0,15.32,15.32
2024-03-11,SKU_0003,8.507659387541562,0,23.96,23.96
2024-03-12,SKU_0003,8.531458320111737,0,28.73,28.73
2024-03-13,SKU_0003,8.930492968501165,0,26.69,26.69
2024-03-14,SKU_0003,9.583108252414105,0,23.23,23.23
2024-03-15,SKU_0003,9.694388943080888,0,17.91,17.91
2024-03-16,SKU_0003,10.3757400735777,0,22.89,22.89
2024-03-17,SKU_0003,9.014302858090513,1,26.46,26.46
2024-03-18,SKU_0003,9.916892936739268,0,22.85,22.85
2024-03-19,SKU_0003,10.142589997119089,0,15.22,15.22
2024-03-20,SKU_0003,10.820191702379091,0,29.93,29.93
2024-03-21,SKU_0003,10.056522671097675,0,29.82,29.82
2024-03-22,SKU_0003,9.567531714086979,0,15.75,15.75
2024-03-23,SKU_0003,9.65167572692093,0,14.82,14.82
2024-03-24,SKU_0003,9.641814117432697,1,30.49,30.49
2024-03-25,SKU_0003,9.806970346066747,1,34.46,34.46
2024-03-26,SKU_0003,10.466339044859739,0,27.33,27.33
2024-03-27,SKU_0003,9.414500277136135,0,25.86,25.86
2024-03-28,SKU_0003,9.980969478049797,0,34.37,34.37
2024-03-29,SKU_0003,9.985930399955574,0,16.66,16.66
2024-03-30,SKU_0003,9.864576713275865,0,27.85,27.85
2024-03-31,SKU_0003,9.031182548092138,1,37.01,37.01
2024-04-01,SKU_0003,9.30792545461168,0,26.18,26.18
2024-04-02,SKU_0003,8.052799263670071,0,23.23,23.23
2024-04-03,SKU_0003,8.372256201291963,0,34.97,34.97
2024-04-04,SKU_0003,7.6552911025145525,0,30.73,30.73
2024-04-05,SKU_0003,7.679884676032178,0,14.31,14.31
2024-04-06,SKU_0003,7.625168347920231,1,22.38,22.38
2024-04-07,SKU_0003,8.17946454563381,0,20.49,20.49
2024-04-08,SKU_0003,8.092254578784294,0,23.2,23.2
2024-04-09,SKU_0003,7.762147733587043,0,26.25,26.25
2024-04-10,SKU_0003,7.5297580056786,1,60.8,60.8
2024-04-11,SKU_0003,8.127357744512508,0,22.06,22.06
2024-04-12,SKU_0003,8.393131461518063,0,18.99,18.99
2024-04-13,SKU_0003,8.20116230977678,0,15.68,15.68
2024-04-14,SKU_0003,8.085635595669894,0,21.17,21.17
2024-04-15,SKU_0003,7.3599892981723105,1,28.19,28.19
2024-04-16,SKU_0003,7.533554162134285,0,26.66,26.66
2024-04-17,SKU_0003,6.778650143669372,1,36.53,36.53
2024-04-18,SKU_0003,7.09142123141697,0,26.44,26.44
2024-04-19,SKU_0003,7.146359539845677,0,26.03,26.03
2024-04-20,SKU_0003,8.246758217167333,0,20.53,20.53
2024-04-21,SKU_0003,7.719982108845945,0,16.84,16.84
2024-04-22,SKU_0003,7.6725752948533525,0,26.99,26.99
2024-04-23,SKU_0003,8.546737089230254,0,26.38,26.38
2024-04-24,SKU_0003,9.180052848540287,0,35.96,35.96
2024-04-25,SKU_0003,8.804476087221241,0,24.29,24.29
2024-04-26,SKU_0003,8.92358957303545,1,17.48,17.48
2024-04-27,SKU_0003,8.924660123410026,0,20.14,20.14
2024-04-28,SKU_0003,9.076926077477204,0,16.18,16.18
2024-04-29,SKU_0003,8.70427924012237,0,21.31,21.31
2024-04-30,SKU_0003,8.657755832541474,0,28.82,28.82
2024-05-01,SKU_0003,7.866178801924754,0,22.14,22.14
2024-05-02,SKU_0003,7.930212338118205,0,26.48,26.48
2024-05-03,SKU_0003,8.147254931152426,0,22.98,22.98
2024-05-04,SKU_0003,8.036839328024147,0,18.95,18.95
2024-05-05,SKU_0003,7.294588953539418,0,17.47,17.47
2024-05-06,SKU_0003,7.7403332778674745,0,28.88,28.88
2024-05-07,SKU_0003,7.911490909163937,0,22.89,22.89
2024-05-08,SKU_0003,7.574257617089941,0,26.2,26.2
2024-05-09,SKU_0003,7.4478046822101,0,25.94,25.94
2024-05-10,SKU_0003,6.806507577684385,0,23.8,23.8
2024-05-11,SKU_0003,6.400361950961926,0,18.39,18.39
2024-05-12,SKU_0003,6.1971274044588665,0,27.09,27.09
2024-05-13,SKU_0003,6.671142346197714,0,26.82,26.82
2024-05-14,SKU_0003,6.420017914422044,1,49.78,49.78
2024-05-15,SKU_0003,6.671426650368188,0,32.99,32.99
2024-05-16,SKU_0003,6.459389156423293,0,32.8,32.8
2024-05-17,SKU_0003,6.556202899958173,0,23.67,23.67
2024-05-18,SKU_0003,6.500817115105043,0,13.36,13.36
2024-05-19,SKU_0003,6.850428979257924,0,24.63,24.63
2024-05-20,SKU_0003,6.634097216704971,0,25.58,25.58
2024-05-21,SKU_0003,6.036780860363824,0,35.91,35.91
2024-05-22,SKU_0003,5.556419676949165,0,31.3,31.3
2024-05-23,SKU_0003,5.381899120232177,1,33.94,33.94
2024-05-24,SKU_0003,4.993303476031527,0,16.24,16.24
2024-05-25,SKU_0003,5.117727182932645,0,17.72,17.72
2024-05-26,SKU_0003,4.976686663632562,0,25.56,25.56
2024-05-27,SKU_0003,5.738746082958576,1,54.74,54.74
2024-05-28,SKU_0003,5.170543756419876,0,35.47,35.47
2024-05-29,SKU_0003,5.2341049162016775,0,27.89,27.89
2024-05-30,SKU_0003,4.891596181090067,0,27.11,27.11
2024-05-31,SKU_0003,4.7489074791503425,0,33.92,33.92
2024-06-01,SKU_0003,4.789374199503848,0,16.74,16.74
2024-06-02,SKU_0003,4.165671441666965,0,37.83,37.83
2024-06-03,SKU_0003,4.225286377282271,0,44.49,44.49
2024-06-04,SKU_0003,4.736324854669402,1,83.77,83.77
2024-06-05,SKU_0003,4.609204073584881,0,38.97,38.97
2024-06-06,SKU_0003,4.681617460136239,0,29.73,29.73
2024-06-07,SKU_0003,4.978551388847669,0,26.53,26.53
2024-06-08,SKU_0003,4.929816434331722,0,25.19,25.19
2024-06-09,SKU_0003,4.7609353052179735,0,19.93,19.93
2024-06-10,SKU_0003,4.153286536825363,0,24.25,24.25
2024-06-11,SKU_0003,4.3161310063067315,0,33.35,33.35
2024-06-12,SKU_0003,4.2869232992890876,0,31.48,31.48
2024-06-13,SKU_0003,4.034201000571663,0,43.2,43.2
2024-06-14,SKU_0003,4.064960669381458,0,23.8,23.8
2024-06-15,SKU_0003,3.9250663129693084,0,23.63,23.63
2024-06-16,SKU_0003,3.8025719937845373,0,30.44,30.44
2024-06-17,SKU_0003,3.943446738499728,0,39.26,39.26
2024-06-18,SKU_0003,3.6391575149978093,0,39.39,39.39
2024-06-19,SKU_0003,3.8751761510215967,0,40.93,40.93
2024-06-20,SKU_0003,3.563452756689414,0,28.71,28.71
2024-06-21,SKU_0003,3.42454243035216,1,56.31,56.31
2024-06-22,SKU_0003,3.843350981357048,1,47.01,47.01
2024-06-23,SKU_0003,4.112314148245783,0,16.13,16.13
2024-06-24,SKU_0003,4.136467499878869,0,41.21,41.21
2024-06-25,SKU_0003,3.9095033668300396,0,30.9,30.9
2024-06-26,SKU_0003,3.7873024511842788,0,42.22,42.22
2024-06-27,SKU_0003,3.8039900546986223,0,33.73,33.73
2024-06-28,SKU_0003,3.812563982880389,0,26.27,26.27
2024-06-29,SKU_0003,3.7918334742499344,0,21.63,21.63
2024-06-30,SKU_0003,3.784825253140931,0,19.62,19.62
2024-07-01,SKU_0003,3.7364546638051657,0,33.13,33.13
2024-07-02,SKU_0003,3.426771234658553,0,35.14,35.14
2024-07-03,SKU_0003,3.322202087138778,0,30.18,30.18
2024-07-04,SKU_0003,3.5096112822728918,1,43.82,43.82
2024-07-05,SKU_0003,3.2329829587643304,0,21.87,21.87
2024-07-06,SKU_0003,3.1964214814471004,1,34.54,34.54
2024-07-07,SKU_0003,3.0430084910995383,0,28.87,28.87
2024-07-08,SKU_0003,3.0634069747500248,0,28.05,28.05
2024-07-09,SKU_0003,2.992800874287425,0,47.4,47.4
2024-07-10,SKU_0003,3.270207099488103,0,37.67,37.67
2024-07-11,SKU_0003,3.3711310302151167,0,31.82,31.82
2024-07-12,SKU_0003,3.115968800822214,0,28.27,28.27
2024-07-13,SKU_0003,3.2440216045569867,0,30.82,30.82
2024-07-14,SKU_0003,3.096692742409033,0,19.25,19.25
2024-07-15,SKU_0003,2.991320421384651,0,44.49,44.49
2024-07-16,SKU_0003,3.0481780260947455,0,45.66,45.66
2024-07-17,SKU_0003,2.959555826456066,0,39.51,39.51
2024-07-18,SKU_0003,3.122426885670367,0,43.4,43.4
2024-07-19,SKU_0003,2.980645666725579,0,26.38,26.38
2024-07-20,SKU_0003,2.8719842023014457,0,25.68,25.68
2024-07-21,SKU_0003,2.761077209734695,0,23.56,23.56
2024-07-22,SKU_0003,2.6689431552901315,0,40.17,40.17
2024-07-23,SKU_0003,2.850898094159358,0,33.07,33.07
2024-07-24,SKU_0003,2.9605108651290544,0,38.32,38.32
2024-07-25,SKU_0003,3.2803774114904978,0,37.32,37.32
2024-07-26,SKU_0003,3.7584894418396715,0,29.98,29.98
2024-07-27,SKU_0003,3.533094481443408,0,18.01,18.01
2024-07-28,SKU_0003,3.548053907890491,0,26.11,26.11
2024-07-29,SKU_0003,3.30629173370167,0,23.73,23.73
2024-07-30,SKU_0003,3.1555754852196034,0,22.94,22.94
2024-07-31,SKU_0003,3.038505956501938,0,32.12,32.12
2024-08-01,SKU_0003,2.8517608354160906,0,40.48,40.48
2024-08-02,SKU_0003,2.6773390356063964,0,28.32,28.32
2024-08-03,SKU_0003,2.654261181023278,0,21.67,21.67
2024-08-04,SKU_0003,2.46739573545423,0,26.87,26.87
2024-08-05,SKU_0003,2.595270769232248,0,32.21,32.21
2024-08-06,SKU_0003,2.4562250568230004,0,44.55,44.55
2024-08-07,SKU_0003,2.9072272148536014,1,43.08,43.08
2024-08-08,SKU_0003,2.8295472393165837,0,32.96,32.96
2024-08-09,SKU_0003,2.8418003326099033,1,43.95,43.95
2024-08-10,SKU_0003,2.6292990774544442,0,18.05,18.05
2024-08-11,SKU_0003,2.9127067563691953,0,18.08,18.08
2024-08-12,SKU_0003,3.11507380859483,0,26.5,26.5
2024-08-13,SKU_0003,3.171065967695647,0,33.71,33.71
2024-08-14,SKU_0003,2.924898109883049,0,36.52,36.52
2024-08-15,SKU_0003,2.9621035019878033,0,28.78,28.78
2024-08-16,SKU_0003,2.769353212803043,0,23.72,23.72
2024-08-17,SKU_0003,3.023318628181073,1,31.77,31.77
2024-08-18,SKU_0003,3.173727597956362,0,23.7,23.7
2024-08-19,SKU_0003,3.191953582888953,0,35.39,35.39
2024-08-20,SKU_0003,2.7578478139375426,0,22.79,22.79
2024-08-21,SKU_0003,2.599828910649643,0,43.08,43.08
2024-08-22,SKU_0003,2.709356918166314,0,32.35,32.35
2024-08-23,SKU_0003,2.9138765098970625,0,28.37,28.37
2024-08-24,SKU_0003,3.1143937713332788,0,26.45,26.45
2024-08-25,SKU_0003,2.8306708618522776,0,20.03,20.03
2024-08-26,SKU_0003,2.882352715127315,0,34.55,34.55
2024-08-27,SKU_0003,3.0634379201328907,0,25.71,25.71
2024-08-28,SKU_0003,2.7732991897007198,0,37.08,37.08
2024-08-29,SKU_0003,2.7719842063897673,1,48.8,48.8
2024-08-30,SKU_0003,2.8179056385471806,0,25.82,25.82
2024-08-31,SKU_0003,2.7675101483522284,0,17.94,17.94
2024-09-01,SKU_0003,2.4764308278591765,0,26.86,26.86
2024-09-02,SKU_0003,2.42850648856332,0,42.37,42.37
2024-09-03,SKU_0003,2.381279929957105,0,30.62,30.62
2024-09-04,SKU_0003,2.3602175206376823,0,40.3,40.3
2024-09-05,SKU_0003,2.2817564039948297,0,41.7,41.7
2024-09-06,SKU_0003,2.2219046307280053,0,26.97,26.97
2024-09-07,SKU_0003,2.2166175168208695,1,50.74,50.74
2024-09-08,SKU_0003,2.276250721866294,0,23.32,23.32
2024-09-09,SKU_0003,2.2350510375951558,0,31.11,31.11
2024-09-10,SKU_0003,2.1807854884721753,0,31.57,31.57
2024-09-11,SKU_0003,2.1929032920939964,1,65.18,65.18
2024-09-12,SKU_0003,1.9541814585000414,0,37.76,37.76
2024-09-13,SKU_0003,2.010922399622357,0,33.91,33.91
2024-09-14,SKU_0003,2.0108544600929967,1,35.48,35.48
2024-09-15,SKU_0003,2.0156492417801983,1,37.32,37.32
2024-09-16,SKU_0003,2.1352535668760457,0,35.47,35.47
2024-09-17,SKU_0003,1.8991690995815698,0,54.33,54.33
2024-09-18,SKU_0003,1.6870584365947876,0,51.55,51.55
2024-09-19,SKU_0003,1.715002731006129,0,58.07,58.07
2024-09-20,SKU_0003,1.7142705617806286,0,36.05,36.05
2024-09-21,SKU_0003,1.7318639882346831,0,30.18,30.18
2024-09-22,SKU_0003,1.6845031499320728,0,33.61,33.61
2024-09-23,SKU_0003,1.7530057293897332,0,48.07,48.07
2024-09-24,SKU_0003,1.8538975465335783,0,53.04,53.04
2024-09-25,SKU_0003,1.9085220419306443,0,34.14,34.14
2024-09-26,SKU_0003,1.8788867270516674,0,44.72,44.72
2024-09-27,SKU_0003,1.655690383046605,0,34.53,34.53
2024-09-28,SKU_0003,1.733898331359676,0,26.08,26.08
2024-09-29,SKU_0003,1.8657739697226494,0,19.46,19.46
2024-09-30,SKU_0003,1.9393434130304283,1,39.55,39.55
2024-10-01,SKU_0003,1.8396418818625069,0,38.61,38.61
2024-10-02,SKU_0003,1.9155381221184102,0,31.56,31.56
2024-10-03,SKU_0003,2.0170385460073086,0,34.26,34.26
2024-10-04,SKU_0003,2.214793883294738,0,32.42,32.42
2024-10-05,SKU_0003,2.101376799610994,0,21.83,21.83
2024-10-06,SKU_0003,2.073017911297611,0,26.72,26.72
2024-10-07,SKU_0003,2.1680795956486874,0,25.77,25.77
2024-10-08,SKU_0003,2.175560649154285,0,40.46,40.46
2024-10-09,SKU_0003,2.0344931975938163,0,45.5,45.5
2024-10-10,SKU_0003,2.0857400285293175,0,27.22,27.22
2024-10-11,SKU_0003,2.15942810418303,0,24.6,24.6
2024-10-12,SKU_0003,2.1708552055136234,0,18.79,18.79
2024-10-13,SKU_0003,2.199645672564759,0,28.35,28.35
2024-10-14,SKU_0003,2.1657656228643827,0,33.19,33.19
2024-10-15,SKU_0003,2.3666386836745206,0,36.31,36.31
2024-10-16,SKU_0003,2.2421363532528003,0,38.31,38.31
2024-10-17,SKU_0003,2.1645010970149268,0,38.11,38.11
2024-10-18,SKU_0003,2.1659282566706044,0,30.81,30.81
2024-10-19,SKU_0003,2.2832189493930186,0,21.52,21.52
2024-10-20,SKU_0003,2.087033911717587,0,23.38,23.38
2024-10-21,SKU_0003,1.929239863067464,1,54.22,54.22
2024-10-22,SKU_0003,1.7072132478787487,0,42.34,42.34
