data/raw/sales.csv
date,sku,price,promo,true_demand_qty,sales_qty
2024-10-06,SKU_0004,53.86858672208259,0,5.21,5.21
2024-10-07,SKU_0004,47.49360739486847,0,7.32,7.32
2024-10-08,SKU_0004,49.94733779463645,0,9.6,9.6
2024-10-09,SKU_0004,54.43838855442547,0,9.83,9.83
2024-10-10,SKU_0004,59.52980059396463,0,8.79,8.79
2024-10-11,SKU_0004,60.82582328752776,0,7.16,7.16
2024-10-12,SKU_0004,60.99414721288852,0,5.05,5.05
2024-10-13,SKU_0004,66.05365124754519,0,8.14,8.14
2024-10-14,SKU_0004,73.06944750603795,0,8.32,8.32
2024-10-15,SKU_0004,78.21210623723361,0,6.85,6.85
2024-10-16,SKU_0004,73.91621268162892,0,7.6,7.6
2024-10-17,SKU_0004,74.8145871877392,0,6.48,6.48
2024-10-18,SKU_0004,76.813764588224,0,5.92,5.92
2024-10-19,SKU_0004,68.9103808665887,0,4.07,4.07
2024-10-20,SKU_0004,70.87859415514646,0,4.43,4.43
2024-10-21,SKU_0004,81.2351456319771,0,3.91,3.91
2024-10-22,SKU_0004,84.4149190058323,0,6.53,6.53
2024-10-23,SKU_0004,92.21740953606495,1,10.39,10.39
2024-10-24,SKU_0004,93.23505896843874,0,6.07,6.07
2024-10-25,SKU_0004,92.82636645390525,0,4.96,4.96
2024-10-26,SKU_0004,94.97436414821233,0,4.49,4.49
2024-10-27,SKU_0004,90.43735537626144,0,3.8,3.8
2024-10-28,SKU_0004,85.35601267197252,0,5.98,5.98
2024-10-29,SKU_0004,92.09394224514895,0,8.19,8.19
2024-10-30,SKU_0004,99.9979522223344,0,7.28,7.28
2024-10-31,SKU_0004,94.22479175481297,0,7.67,7.67
2024-11-01,SKU_0004,99.85940606117794,0,6.36,6.36
2024-11-02,SKU_0004,99.33973666234591,0,4.8,4.8
2024-11-03,SKU_0004,101.38591470490796,0,3.85,3.85
2024-11-04,SKU_0004,104.22450679513264,0,5.09,5.09
2024-11-05,SKU_0004,110.6318829031731,0,9.33,9.33
2024-11-06,SKU_0004,111.18232394343039,0,7.02,7.02
2024-11-07,SKU_0004,120.99886090646707,0,5.85,5.85
2024-11-08,SKU_0004,123.26615778063285,0,3.79,3.79
2024-11-09,SKU_0004,127.9701403627624,0,3.69,3.69
2024-11-10,SKU_0004,121.72947965117126,1,5.65,5.65
2024-11-11,SKU_0004,138.56239691834833,0,4.81,4.81
2024-11-12,SKU_0004,142.52397609192968,0,5.11,5.11
2024-11-13,SKU_0004,148.7534272286787,0,5.46,5.46
2024-11-14,SKU_0004,135.07077977591467,0,6.9,6.9
2024-11-15,SKU_0004,128.5652830074531,0,5.14,5.14
2024-11-16,SKU_0004,138.47777391074288,0,4.1,4.1
2024-11-17,SKU_0004,140.88209046062929,0,4.25,4.25
2024-11-18,SKU_0004,125.59927962885801,0,4.06,4.06
2024-11-19,SKU_0004,133.67265181644555,0,6.31,6.31
2024-11-20,SKU_0004,129.38169947447264,0,7.85,7.85
2024-11-21,SKU_0004,140.81485820902526,0,5.15,5.15
2024-11-22,SKU_0004,140.07469618347042,0,5.34,5.34
2024-11-23,SKU_0004,141.80575883558805,0,4.14,4.14
2024-11-24,SKU_0004,152.2000083621747,0,4.51,4.51
2024-11-25,SKU_0004,144.2208668556213,0,4.95,4.95
2024-11-26,SKU_0004,135.88040361255915,0,7.23,7.23
2024-11-27,SKU_0004,134.28779334219715,0,4.75,4.75
2024-11-28,SKU_0004,141.12070336403966,1,6.65,6.65
2024-11-29,SKU_0004,130.2900268436541,0,5.38,5.38
2024-11-30,SKU_0004,117.88161583726706,0,4.43,4.43
2024-12-01,SKU_0004,123.85408277496094,0,5.41,5.41
2024-12-02,SKU_0004,119.45329069553131,0,5.35,5.35
2024-12-03,SKU_0004,116.67494977247645,0,6.01,6.01
2024-12-04,SKU_0004,104.3742750197668,0,5.34,5.34
2024-12-05,SKU_0004,100.20764452119991,1,7.63,7.63
2024-12-06,SKU_0004,100.16215679030796,0,6.06,6.06
2024-12-07,SKU_0004,105.91248204807617,0,5.26,5.26
2024-12-08,SKU_0004,101.12317235143897,0,3.73,3.73
2024-12-09,SKU_0004,111.6961087962804,1,8.82,8.82
2024-12-10,SKU_0004,107.2013141920724,0,5.9,5.9
2024-12-11,SKU_0004,102.8964352847862,0,7.46,7.46
2024-12-12,SKU_0004,112.83927406886761,1,6.93,6.93
2024-12-13,SKU_0004,114.28005538169963,0,5.69,5.69
2024-12-14,SKU_0004,110.55692848868274,0,4.61,4.61
2024-12-15,SKU_0004,109.5326403652213,0,5.56,5.56
2024-12-16,SKU_0004,118.79591312327244,0,8.4,8.4
2024-12-17,SKU_0004,129.72011580835664,0,7.22,7.22
2024-12-18,SKU_0004,123.51610883079265,0,6.36,6.36
2024-12-19,SKU_0004,123.20203327689455,0,7.01,7.01
2024-12-20,SKU_0004,123.87028935174864,0,7.59,7.59
2024-12-21,SKU_0004,116.75299599687109,0,5.15,5.15
2024-12-22,SKU_0004,116.3635631230946,0,5.83,5.83
2024-12-23,SKU_0004,116.40073227865548,0,4.38,4.38
2024-12-24,SKU_0004,124.64271879512417,0,7.53,7.53
2024-12-25,SKU_0004,134.00765119167144,0,6.65,6.65
2024-12-26,SKU_0004,131.3866276838579,0,5.53,5.53
2024-12-27,SKU_0004,129.7107724098359,0,5.13,5.13
2024-12-28,SKU_0004,134.9851378470619,0,4.39,4.39
2024-12-29,SKU_0004,130.32787301586467,0,4.12,4.12
2024-12-30,SKU_0004,135.01309645688653,0,5.94,5.94
2024-01-01,SKU_0005,23.34732382835591,0,27.9,27.9
2024-01-02,SKU_0005,24.523926202437707,0,38.26,38.26
2024-01-03,SKU_0005,24.037184288274087,0,36.94,36.94
2024-01-04,SKU_0005,25.907780746374257,0,31.94,17.9
2024-01-05,SKU_0005,26.99913611130771,0,28.09,28.09
2024-01-06,SKU_0005,30.37963607195314,0,19.88,19.88
2024-01-07,SKU_0005,27.685326620093058,0,20.52,20.52
2024-01-08,SKU_0005,27.248022275628152,0,17.1,17.1
2024-01-09,SKU_0005,26.502250618811686,0,35.33,35.33
2024-01-10,SKU_0005,23.542532945658326,0,30.64,30.64
2024-01-11,SKU_0005,25.088970571434167,0,30.63,30.63
2024-01-12,SKU_0005,24.68521636598313,0,27.45,27.45
2024-01-13,SKU_0005,25.80536481948227,0,27.28,27.28
2024-01-14,SKU_0005,29.730359381405982,0,28.61,28.61
2024-01-15,SKU_0005,29.106866356182778,1,24.63,24.63
2024-01-16,SKU_0005,28.380574783398515,0,23.65,23.65
2024-01-17,SKU_0005,28.583361272043913,1,40.17,40.17
2024-01-18,SKU_0005,30.327643277794042,1,33.59,33.59
2024-01-19,SKU_0005,29.313754258260598,0,17.73,17.73
2024-01-20,SKU_0005,28.224746783986276,0,19.74,19.74
2024-01-21,SKU_0005,30.073082268958544,0,22.57,22.57
2024-01-22,SKU_0005,30.764113184270933,0,19.15,19.15
2024-01-23,SKU_0005,27.212193370225503,0,26.7,26.7
2024-01-24,SKU_0005,25.28323810200279,0,31.79,31.79
2024-01-25,SKU_0005,27.66632037222232,0,28.71,28.71
2024-01-26,SKU_0005,28.341622939563578,0,27.2,27.2
2024-01-27,SKU_0005,27.07470083966031,0,19.61,19.61
2024-01-28,SKU_0005,26.799283821245425,0,22.78,22.78
2024-01-29,SKU_0005,26.820576276439766,0,43.97,43.97
2024-01-30,SKU_0005,28.03106518490803,1,31.55,31.55
2024-01-31,SKU_0005,25.837258093853798,0,31.78,31.78
2024-02-01,SKU_0005,24.565932220734158,0,38.67,36.81
2024-02-02,SKU_0005,24.971569539803937,0,32.73,32.73
2024-02-03,SKU_0005,24.822435078859307,0,24.94,24.94
2024-02-04,SKU_0005,25.688911392450624,0,34.16,34.16
2024-02-05,SKU_0005,23.862041905768567,0,33.61,33.61
2024-02-06,SKU_0005,24.37886850527895,0,25.01,25.01
2024-02-07,SKU_0005,26.029011148355004,1,44.03,44.03
2024-02-08,SKU_0005,26.800507990099494,1,33.58,9.8
2024-02-09,SKU_0005,27.025140072344715,0,33.72,33.72
2024-02-10,SKU_0005,26.870110376704307,0,26.49,26.49
2024-02-11,SKU_0005,25.557312040818736,0,17.68,17.68
2024-02-12,SKU_0005,25.447144739254544,0,39.8,39.8
2024-02-13,SKU_0005,27.445052005076434,0,41.21,41.21
2024-02-14,SKU_0005,27.24974563274459,0,33.57,33.57
2024-02-15,SKU_0005,25.8330827366302,0,32.95,32.95
2024-02-16,SKU_0005,25.08126421524359,0,36.53,36.53
2024-02-17,SKU_0005,25.385347554452697,0,15.69,15.69
2024-02-18,SKU_0005,24.822768081488043,0,27.63,27.63
2024-02-19,SKU_0005,25.55618845191853,0,38.23,38.23
2024-02-20,SKU_0005,26.370609736032876,0,35.2,35.2
2024-02-21,SKU_0005,27.815380226198137,0,40.65,40.65
2024-02-22,SKU_0005,30.29560588177231,0,30.28,20.66
2024-02-23,SKU_0005,32.160989280834755,0,19.43,19.43
2024-02-24,SKU_0005,30.40782149102317,0,17.22,17.22
2024-02-25,SKU_0005,28.803237511398205,0,26.04,26.04
2024-02-26,SKU_0005,28.672586894151465,0,24.86,24.86
2024-02-27,SKU_0005,27.906816678869216,0,25.49,25.49
2024-02-28,SKU_0005,26.064425600312255,0,39.12,39.12
2024-02-29,SKU_0005,25.38275161621697,0,31.45,31.45
2024-03-01,SKU_0005,24.670275480715954,0,22.62,22.62
2024-03-02,SKU_0005,23.69557288809215,0,25.63,25.63
2024-03-03,SKU_0005,23.250830772652318,0,31.89,31.89
2024-03-04,SKU_0005,24.954343982838687,0,32.2,32.2
2024-03-05,SKU_0005,25.254445434728847,0,30.7,30.7
2024-03-06,SKU_0005,29.29189163182878,0,38.47,38.47
2024-03-07,SKU_0005,29.593100198944015,0,38.01,38.01
2024-03-08,SKU_0005,29.082519416228507,0,39.31,39.31
2024-03-09,SKU_0005,29.08973198885634,0,28.61,28.61
2024-03-10,SKU_0005,29.54087146935403,0,18.43,18.43
2024-03-11,SKU_0005,30.32250012825422,1,38.39,38.39
2024-03-12,SKU_0005,34.346244936639856,0,31.11,31.11
2024-03-13,SKU_0005,32.64766924413296,1,30.07,30.07
2024-03-14,SKU_0005,34.37454194199332,1,34.22,34.22
2024-03-15,SKU_0005,34.80570347916813,1,37.8,37.8
2024-03-16,SKU_0005,31.674609629237874,0,25.51,25.51
2024-03-17,SKU_0005,33.173697859834654,0,16.79,16.79
2024-03-18,SKU_0005,35.795233513113295,0,24.05,24.05
2024-03-19,SKU_0005,34.00080355216212,0,33.06,33.06
2024-03-20,SKU_0005,33.982582914792054,0,22.08,22.08
2024-03-21,SKU_0005,30.640628909540283,0,21.63,21.63
2024-03-22,SKU_0005,28.411627569802153,0,26.86,26.86
2024-03-23,SKU_0005,30.255568721641804,0,21.67,21.67
2024-03-24,SKU_0005,29.42060464523729,0,15.81,15.81
2024-03-25,SKU_0005,27.526993048419058,0,32.46,32.46
2024-03-26,SKU_0005,27.908595128810976,0,44.12,44.12
2024-03-27,SKU_0005,27.04737517746375,0,36.31,36.31
2024-03-28,SKU_0005,26.293997078473087,0,35.05,35.05
2024-03-29,SKU_0005,27.486644350092586,0,30.08,30.08
2024-03-30,SKU_0005,25.635964405126728,0,26.36,26.36
2024-03-31,SKU_0005,24.28051829167107,0,19.26,19.26
2024-04-01,SKU_0005,24.50602760380885,0,27.67,27.67
2024-04-02,SKU_0005,25.973679526812703,0,34.87,34.87
2024-04-03,SKU_0005,27.976736273944812,0,31.04,31.04
2024-04-04,SKU_0005,26.88234131218057,0,45.57,33.22
2024-04-05,SKU_0005,28.437600542478577,0,29.59,29.59
2024-04-06,SKU_0005,27.130639406982443,0,18.42,18.42
2024-04-07,SKU_0005,30.27239543364988,0,21.36,21.36
2024-04-08,SKU_0005,28.281559767511816,0,36.79,36.79
2024-04-09,SKU_0005,30.628125554911218,0,28.81,28.81
2024-04-10,SKU_0005,29.445160174977165,0,41.79,41.79
2024-04-11,SKU_0005,33.22572228188468,0,37.39,37.39
2024-04-12,SKU_0005,34.425707185858755,0,28.21,28.21
2024-04-13,SKU_0005,32.38976880926711,0,20.47,20.47
2024-04-14,SKU_0005,31.390593772951505,0,27.68,27.68
2024-04-15,SKU_0005,32.89692403354057,0,23.18,23.18
2024-04-16,SKU_0005,35.041666470823074,0,47.91,47.91
2024-04-17,SKU_0005,34.89330191325543,1,37.61,37.61
2024-04-18,SKU_0005,34.98692377982442,0,33.98,28.61
2024-04-19,SKU_0005,36.61564350827768,0,19.43,19.43
2024-04-20,SKU_0005,36.90634446432954,0,19.43,19.43
2024-04-21,SKU_0005,34.1503618345761,0,22.24,22.24
2024-04-22,SKU_0005,32.52453540101205,0,21.44,21.44
2024-04-23,SKU_0005,32.98661709117526,0,25.15,25.15
2024-04-24,SKU_0005,35.48219003754323,0,28.58,28.58
2024-04-25,SKU_0005,39.094814118700135,0,30.46,30.46
2024-04-26,SKU_0005,40.96678400774559,0,13.07,13.07
2024-04-27,SKU_0005,41.67906806325313,1,17.26,17.26
2024-04-28,SKU_0005,43.59436378563693,0,20.93,20.93
2024-04-29,SKU_0005,41.88479277066204,0,16.16,16.16
2024-04-30,SKU_0005,41.5014747354498,0,31.97,31.97
2024-05-01,SKU_0005,39.49922767241661,0,21.5,21.5
2024-05-02,SKU_0005,36.64791592562536,1,25.07,25.07
2024-05-03,SKU_0005,37.38873676973788,0,19.58,19.58
2024-05-04,SKU_0005,37.80722801105999,1,29.01,29.01
2024-05-05,SKU_0005,39.399749193649306,0,15.27,15.27
2024-05-06,SKU_0005,40.712133177606326,0,14.81,14.81
2024-05-07,SKU_0005,41.309182704793045,0,18.66,18.66
2024-05-08,SKU_0005,42.71208138847504,0,30.05,30.05
2024-05-09,SKU_0005,42.60283630293951,0,16.96,16.96
2024-05-10,SKU_0005,43.67143882600791,0,22.17,22.17
2024-05-11,SKU_0005,41.809586297276226,0,15.57,15.57
2024-05-12,SKU_0005,42.74738423522842,0,15.9,15.9
2024-05-13,SKU_0005,44.49661269884298,0,20.36,20.36
2024-05-14,SKU_0005,42.74414305620313,0,20.17,20.17
2024-05-15,SKU_0005,42.87728109286998,0,25.21,25.21
2024-05-16,SKU_0005,41.30262085140458,0,17.73,17.73
2024-05-17,SKU_0005,40.01824819801107,0,24.29,24.29
2024-05-18,SKU_0005,37.40632447479559,0,13.53,13.53
2024-05-19,SKU_0005,40.35786476034841,0,18.07,18.07
2024-05-20,SKU_0005,43.02267919186108,0,15.81,15.81
2024-05-21,SKU_0005,44.432599854294516,0,20.28,20.28
2024-05-22,SKU_0005,50.01411112404178,0,19.67,19.67
2024-05-23,SKU_0005,49.44942580125207,0,34.54,34.54
2024-05-24,SKU_0005,59.314642099777906,1,15.39,15.39
2024-05-25,SKU_0005,58.51039473801124,0,9.51,9.51
2024-05-26,SKU_0005,59.413176441761266,0,10.74,10.74
2024-05-27,SKU_0005,58.01196907110739,0,10.99,10.99
2024-05-28,SKU_0005,59.322513375519186,0,16.83,16.83
2024-05-29,SKU_0005,62.37258162819537,0,25.04,25.04
2024-05-30,SKU_0005,61.94771967299198,0,16.53,16.53
2024-05-31,SKU_0005,68.91638712995696,0,13.58,13.58
2024-06-01,SKU_0005,69.91239415272045,0,7.9,7.9
2024-06-02,SKU_0005,71.05626793612062,0,9.52,9.52
2024-06-03,SKU_0005,67.2846553975492,0,13.4,13.4
2024-06-04,SKU_0005,68.99555982186182,1,15.31,15.31
2024-06-05,SKU_0005,68.4429477637621,0,16.99,16.99
2024-06-06,SKU_0005,65.99019267225786,0,16.25,16.25
2024-06-07,SKU_0005,62.98632697042659,1,15.75,15.75
2024-06-08,SKU_0005,73.93774633561146,0,8.59,8.59
2024-06-09,SKU_0005,72.77808199657028,0,11.84,11.84
2024-06-10,SKU_0005,66.68604516717066,0,12.06,12.06
2024-06-11,SKU_0005,63.9500573977189,0,14.62,14.62
2024-06-12,SKU_0005,63.75249721022528,0,21.76,21.76
2024-06-13,SKU_0005,65.87825234826299,1,13.31,13.31
2024-06-14,SKU_0005,68.1081013378697,0,7.82,7.82
2024-06-15,SKU_0005,70.9299692411797,0,7.55,7.55
2024-06-16,SKU_0005,68.2379883132155,0,10.63,10.63
2024-06-17,SKU_0005,69.64617977089952,0,15.48,15.48
2024-06-18,SKU_0005,66.07987793158819,0,13.07,13.07
2024-06-19,SKU_0005,63.66823056645883,0,22.95,22.95
2024-06-20,SKU_0005,60.257266112563954,0,14.94,14.94
2024-06-21,SKU_0005,56.11032450970754,0,12.36,12.36
2024-06-22,SKU_0005,59.80997197764699,0,8.55,8.55
2024-06-23,SKU_0005,62.3328830642507,0,15.33,15.33
2024-06-24,SKU_0005,66.09473071362547,0,11.87,11.87
2024-06-25,SKU_0005,66.25081791999848,0,11.15,11.15
2024-06-26,SKU_0005,69.41175771478366,0,23.71,23.71
2024-06-27,SKU_0005,62.45079136105552,0,15.24,15.24
2024-06-28,SKU_0005,65.77002316256564,1,14.94,14.94
2024-06-29,SKU_0005,66.47270081307543,0,12.67,12.67
2024-06-30,SKU_0005,69.02149137458558,0,10.52,10.52
2024-07-01,SKU_0005,70.61335728256076,0,13.73,13.73
2024-07-02,SKU_0005,66.55282638043658,0,14.31,14.31
2024-07-03,SKU_0005,60.831857722568756,0,18.33,18.33
2024-07-04,SKU_0005,58.28765827056685,0,14.47,14.47
2024-07-05,SKU_0005,60.297184695939386,0,11.3,11.3
2024-07-06,SKU_0005,62.84622686477856,0,9.49,9.49
2024-07-07,SKU_0005,57.89403533570856,0,9.72,9.72
2024-07-08,SKU_0005,54.584414897657126,0,15.16,15.16
2024-07-09,SKU_0005,52.266428339844474,0,18.72,18.72
2024-07-10,SKU_0005,51.15785025524539,1,24.82,24.82
2024-07-11,SKU_0005,47.14334745662625,0,19.33,16.31
2024-07-12,SKU_0005,43.28775497491669,0,21.85,21.85
2024-07-13,SKU_0005,41.20500304826447,0,15.93,15.93
2024-07-14,SKU_0005,41.41880117341368,0,13.07,13.07
2024-07-15,SKU_0005,38.58637565972412,0,19.61,19.61
2024-07-16,SKU_0005,38.31919867129477,0,28.47,20.29
2024-07-17,SKU_0005,40.83192334328122,0,17.44,0.0
2024-07-18,SKU_0005,37.76404373967914,0,29.93,0.0
2024-07-19,SKU_0005,37.29915531199827,0,13.88,13.88
2024-07-20,SKU_0005,39.66448030755689,0,15.57,15.57
2024-07-21,SKU_0005,38.68144320172581,0,14.1,14.1
2024-07-22,SKU_0005,37.37267415298939,0,17.78,17.78
2024-07-23,SKU_0005,40.074873768633715,0,15.54,15.54
2024-07-24,SKU_0005,39.34533529508373,0,25.47,25.47
2024-07-25,SKU_0005,42.041075370796754,0,13.79,13.79
2024-07-26,SKU_0005,43.137170449311014,0,10.48,10.48
2024-07-27,SKU_0005,42.258874102597346,0,15.18,15.18
2024-07-28,SKU_0005,43.49281715189732,0,17.81,17.81
2024-07-29,SKU_0005,44.33714318416395,0,13.28,13.28
2024-07-30,SKU_0005,47.13782426100963,0,20.99,20.99
2024-07-31,SKU_0005,45.61219018142542,0,21.47,21.47
2024-08-01,SKU_0005,45.72509963782971,0,15.94,15.94
2024-08-02,SKU_0005,45.55664207775786,0,17.05,17.05
2024-08-03,SKU_0005,47.522596849304584,0,10.31,10.31
2024-08-04,SKU_0005,44.687533468384665,0,13.19,13.19
2024-08-05,SKU_0005,47.499215365879145,0,10.89,10.89
2024-08-06,SKU_0005,48.84699777773285,0,12.79,12.79
2024-08-07,SKU_0005,45.13587632498823,0,22.82,22.82
2024-08-08,SKU_0005,48.52956421784571,0,16.86,16.86
2024-08-09,SKU_0005,55.49088475305434,1,12.38,12.38
2024-08-10,SKU_0005,58.92873348434424,0,12.73,12.73
2024-08-11,SKU_0005,64.19644868844749,0,12.53,12.53
2024-08-12,SKU_0005,64.5261246855887,0,11.55,11.55
2024-08-13,SKU_0005,58.40373717436301,0,10.25,10.25
2024-08-14,SKU_0005,52.28620938579141,0,15.28,15.28
2024-08-15,SKU_0005,53.092600914397835,0,11.6,11.6
2024-08-16,SKU_0005,51.239916507978094,0,11.53,11.53
2024-08-17,SKU_0005,48.50390309529271,0,8.32,8.32
2024-08-18,SKU_0005,48.32163886013776,0,8.41,8.41
2024-08-19,SKU_0005,50.13977408974571,0,8.16,8.16
2024-08-20,SKU_0005,45.95437857839238,0,17.03,17.03
2024-08-21,SKU_0005,44.73322334487248,0,11.04,11.04
2024-08-22,SKU_0005,48.97493899014795,0,13.51,13.51
2024-08-23,SKU_0005,45.914979531853334,0,14.01,14.01
2024-08-24,SKU_0005,48.37470661434646,0,8.55,8.55
2024-08-25,SKU_0005,46.988046558424195,0,8.65,8.65
2024-08-26,SKU_0005,48.55226596258083,0,12.78,12.78
2024-08-27,SKU_0005,51.8565118442121,0,12.39,12.39
2024-08-28,SKU_0005,54.214989153587105,0,15.17,15.17
2024-08-29,SKU_0005,57.254543343310075,0,10.1,10.1
2024-08-30,SKU_0005,53.432083865126714,0,10.34,10.34
2024-08-31,SKU_0005,57.12437849364277,0,7.89,7.89
2024-09-01,SKU_0005,54.275307563812504,0,9.35,9.35
2024-09-02,SKU_0005,55.127125367882606,0,15.91,15.91
2024-09-03,SKU_0005,55.98795955493535,0,14.06,14.06
2024-09-04,SKU_0005,57.64157025435491,1,17.85,17.85
2024-09-05,SKU_0005,58.8187930636265,0,10.57,10.57
2024-09-06,SKU_0005,55.9150075247166,0,10.49,10.49
2024-09-07,SKU_0005,51.56487740686281,0,8.61,8.61
2024-09-08,SKU_0005,54.33571204307904,0,9.3,9.3
2024-09-09,SKU_0005,54.94494949823618,0,12.94,12.94
2024-09-10,SKU_0005,58.867807320703534,0,11.58,11.58
2024-09-11,SKU_0005,58.71001937991277,0,12.31,12.31
2024-09-12,SKU_0005,53.963103177278306,0,11.56,11.56
2024-09-13,SKU_0005,57.18366721377697,0,8.81,8.81
2024-09-14,SKU_0005,55.9269336646538,0,8.71,8.71
2024-09-15,SKU_0005,57.086421726968766,0,8.17,8.17
2024-09-16,SKU_0005,54.911276302091714,0,15.21,15.21
2024-09-17,SKU_0005,60.60496540907829,0,21.17,21.17
