data/raw/sales.csv
date,sku,price,promo,true_demand_qty,sales_qty
2024-09-18,SKU_0005,57.49988441981577,0,12.02,12.02
2024-09-19,SKU_0005,56.34745934729181,0,12.93,12.93
2024-09-20,SKU_0005,56.7119005314289,0,12.0,12.0
2024-09-21,SKU_0005,53.11466860430043,0,8.28,8.28
2024-09-22,SKU_0005,54.178508448364795,0,7.48,7.48
2024-09-23,SKU_0005,59.680118134837265,0,14.8,14.8
2024-09-24,SKU_0005,57.94945735510702,0,14.69,14.69
2024-09-25,SKU_0005,59.339772134973096,0,13.91,13.91
2024-09-26,SKU_0005,50.315523697212925,0,17.86,9.81
2024-09-27,SKU_0005,50.198136257986675,0,12.56,12.56
2024-09-28,SKU_0005,49.264087263166125,0,9.19,9.19
2024-09-29,SKU_0005,46.90318137809761,1,9.97,9.97
2024-09-30,SKU_0005,50.047499003421144,0,10.97,10.97
2024-10-01,SKU_0005,49.07736417102141,0,18.72,18.72
2024-10-02,SKU_0005,48.55752921724484,0,17.71,17.71
2024-10-03,SKU_0005,47.47093798691491,0,13.52,12.49
2024-10-04,SKU_0005,42.31360813497714,0,17.71,17.71
2024-10-05,SKU_0005,39.53512642155913,1,12.77,12.77
2024-10-06,SKU_0005,41.88195904124232,0,13.81,13.81
2024-10-07,SKU_0005,36.90171856667442,0,16.39,16.39
2024-10-08,SKU_0005,35.243432597424906,0,28.71,24.64
2024-10-09,SKU_0005,34.40823754500916,0,24.08,0.0
2024-10-10,SKU_0005,38.202971909628474,0,17.07,0.0
2024-10-11,SKU_0005,40.006003773864734,0,12.64,12.64
2024-10-12,SKU_0005,38.690701721551086,0,11.4,11.4
2024-10-13,SKU_0005,41.840724158116984,1,11.62,11.62
2024-10-14,SKU_0005,40.02239522928036,0,11.2,11.2
2024-10-15,SKU_0005,42.52045126381671,0,17.81,17.81
2024-10-16,SKU_0005,39.19121175112926,0,16.79,16.79
2024-10-17,SKU_0005,41.79797952112315,1,16.72,16.72
2024-10-18,SKU_0005,40.79175521063884,1,15.03,15.03
2024-10-19,SKU_0005,38.350582945492874,0,11.74,11.74
2024-10-20,SKU_0005,37.85416871418418,0,12.53,12.53
2024-10-21,SKU_0005,38.48935703243984,0,21.74,21.74
2024-10-22,SKU_0005,37.363595817824816,1,25.37,25.37
2024-10-23,SKU_0005,38.62632608357024,0,29.12,21.73
2024-10-24,SKU_0005,37.29854932750442,0,16.09,0.0
2024-10-25,SKU_0005,38.713050968195724,0,16.04,16.04
2024-10-26,SKU_0005,39.7539855398475,0,10.56,10.56
2024-10-27,SKU_0005,39.60893475531171,0,10.89,10.89
2024-10-28,SKU_0005,38.57374174081706,0,23.83,23.83
2024-10-29,SKU_0005,38.92607081146515,0,15.82,15.82
2024-10-30,SKU_0005,40.23267399871761,0,11.97,11.97
2024-10-31,SKU_0005,45.53072627067754,0,13.06,13.06
2024-11-01,SKU_0005,48.1707806185493,0,7.74,7.74
2024-11-02,SKU_0005,51.07586227014221,0,7.74,7.74
2024-11-03,SKU_0005,61.47451844246087,0,7.19,7.19
2024-11-04,SKU_0005,63.407380306586,0,10.43,10.43
2024-11-05,SKU_0005,65.27824812453456,0,8.04,8.04
2024-11-06,SKU_0005,68.09472689918562,0,15.48,15.48
2024-11-07,SKU_0005,64.09470913806666,0,7.88,7.88
2024-11-08,SKU_0005,62.41013746698135,0,9.21,9.21
2024-11-09,SKU_0005,60.54322456686358,0,7.73,7.73
2024-11-10,SKU_0005,62.94204637520297,0,10.04,10.04
2024-11-11,SKU_0005,62.28769725721784,0,11.48,11.48
2024-11-12,SKU_0005,62.80642241587389,0,16.15,16.15
2024-11-13,SKU_0005,67.04101613626132,0,11.7,11.7
2024-11-14,SKU_0005,70.60448416343436,1,11.56,11.56
2024-11-15,SKU_0005,69.92270358005463,0,9.5,9.5
2024-11-16,SKU_0005,67.16758006104041,1,11.15,11.15
2024-11-17,SKU_0005,71.90222251526369,0,9.15,9.15
2024-11-18,SKU_0005,75.31961907116846,0,9.92,9.92
2024-11-19,SKU_0005,68.39948102226283,0,12.67,12.67
2024-11-20,SKU_0005,67.12630546253882,0,12.73,12.73
2024-11-21,SKU_0005,67.79625304474416,0,12.34,12.34
2024-11-22,SKU_0005,71.03954626440533,0,13.25,13.25
2024-11-23,SKU_0005,75.02660630166729,0,6.83,6.83
2024-11-24,SKU_0005,76.31558381347145,0,7.01,7.01
2024-11-25,SKU_0005,79.04300040179217,0,8.36,8.36
2024-11-26,SKU_0005,79.34776033329433,1,13.9,13.9
2024-11-27,SKU_0005,76.20363158250117,1,9.08,9.08
2024-11-28,SKU_0005,75.01838798784145,0,10.39,10.39
2024-11-29,SKU_0005,75.10391800054322,0,10.26,10.26
2024-11-30,SKU_0005,74.9478076176141,0,6.6,6.6
2024-12-01,SKU_0005,66.93068948131534,0,8.94,8.94
2024-12-02,SKU_0005,65.3533432884078,0,16.72,16.72
2024-12-03,SKU_0005,65.57410896802435,0,14.01,14.01
2024-12-04,SKU_0005,64.47636600735343,0,8.87,8.87
2024-12-05,SKU_0005,63.52854360124573,1,11.18,11.18
2024-12-06,SKU_0005,65.41612532548804,0,9.41,9.41
2024-12-07,SKU_0005,61.31542002415542,0,7.58,7.58
2024-12-08,SKU_0005,55.609209644128384,1,12.41,12.41
2024-12-09,SKU_0005,54.45957270444263,0,12.35,12.35
2024-12-10,SKU_0005,57.01449338928772,0,19.08,19.08
2024-12-11,SKU_0005,63.08977347496674,1,13.73,13.73
2024-12-12,SKU_0005,66.12099903201546,1,14.08,8.4
2024-12-13,SKU_0005,60.54522198364492,0,11.31,11.31
2024-12-14,SKU_0005,59.70695556635214,0,9.98,9.98
2024-12-15,SKU_0005,60.633441762200675,0,10.12,10.12
2024-12-16,SKU_0005,61.28297378888332,0,7.5,7.5
2024-12-17,SKU_0005,63.298417277209786,0,14.42,14.42
2024-12-18,SKU_0005,59.909637691444416,0,15.05,15.05
2024-12-19,SKU_0005,60.143536108802785,0,16.43,10.08
2024-12-20,SKU_0005,61.67960613219674,0,12.62,12.62
2024-12-21,SKU_0005,64.81218337734747,0,9.36,9.36
2024-12-22,SKU_0005,61.75349115119301,0,10.56,10.56
2024-12-23,SKU_0005,60.48776412634382,0,16.5,16.5
2024-12-24,SKU_0005,51.42950515040708,0,21.79,21.79
2024-12-25,SKU_0005,49.54712911166225,0,19.71,11.23
2024-12-26,SKU_0005,48.012405541617746,0,26.31,0.0
2024-12-27,SKU_0005,45.16327948147319,0,12.84,12.84
2024-12-28,SKU_0005,45.6142918338052,0,9.7,9.7
2024-12-29,SKU_0005,45.46143385266285,0,13.13,13.13
2024-12-30,SKU_0005,39.698425471772616,0,17.07,17.07
2024-01-01,SKU_0006,14.939642511062528,0,12.53,12.53
2024-01-02,SKU_0006,14.98111559568418,0,21.53,21.53
2024-01-03,SKU_0006,15.620359524929674,0,26.07,26.07
2024-01-04,SKU_0006,16.521815956331356,0,20.09,20.09
2024-01-05,SKU_0006,17.45027428879322,1,16.26,16.26
2024-01-06,SKU_0006,17.34507652113849,0,13.27,13.27
2024-01-07,SKU_0006,18.85028919937344,0,13.01,13.01
2024-01-08,SKU_0006,19.11046129363854,0,17.97,17.97
2024-01-09,SKU_0006,19.849493062143786,0,15.69,15.69
2024-01-10,SKU_0006,20.188310359537503,0,21.72,21.72
2024-01-11,SKU_0006,20.489737361362785,0,12.88,12.88
2024-01-12,SKU_0006,19.60488999892531,0,12.33,12.33
2024-01-13,SKU_0006,20.447488744346824,0,15.49,15.49
2024-01-14,SKU_0006,24.253907510475205,0,7.79,7.79
2024-01-15,SKU_0006,23.714579656260163,0,10.74,10.74
2024-01-16,SKU_0006,23.815811701444076,0,11.38,11.38
2024-01-17,SKU_0006,23.18666668091719,0,13.36,13.36
2024-01-18,SKU_0006,22.517577069948153,0,15.01,15.01
2024-01-19,SKU_0006,24.70395064599323,0,12.12,12.12
2024-01-20,SKU_0006,23.72631844594684,0,9.37,9.37
2024-01-21,SKU_0006,23.060935602829534,0,9.74,9.74
2024-01-22,SKU_0006,20.965757615699346,0,11.34,11.34
2024-01-23,SKU_0006,20.03405977101453,0,15.93,15.93
2024-01-24,SKU_0006,18.082232387226618,0,15.99,15.99
2024-01-25,SKU_0006,18.780856918259957,0,21.54,21.54
2024-01-26,SKU_0006,22.216159630202228,0,14.36,14.36
2024-01-27,SKU_0006,21.732725405433868,0,10.6,10.6
2024-01-28,SKU_0006,19.66447546017964,0,14.06,14.06
2024-01-29,SKU_0006,20.755550639779294,0,17.9,17.9
2024-01-30,SKU_0006,19.86974482151112,0,19.38,19.38
2024-01-31,SKU_0006,21.48078962519381,0,23.81,23.81
2024-02-01,SKU_0006,21.12035541476397,0,13.39,13.39
2024-02-02,SKU_0006,20.33469103932955,0,12.94,12.94
2024-02-03,SKU_0006,20.11872336867421,0,10.89,10.89
2024-02-04,SKU_0006,21.054567037845324,0,13.74,13.74
2024-02-05,SKU_0006,20.769223679267057,0,11.48,11.48
2024-02-06,SKU_0006,20.15936163962186,0,25.38,25.38
2024-02-07,SKU_0006,19.92029142506549,0,22.49,22.49
2024-02-08,SKU_0006,18.456702261951154,1,34.61,34.61
2024-02-09,SKU_0006,18.901654669597466,0,15.31,15.31
2024-02-10,SKU_0006,16.980164543373093,0,13.39,13.39
2024-02-11,SKU_0006,16.533664647028207,0,18.78,18.78
2024-02-12,SKU_0006,17.304415437270553,0,23.85,23.85
2024-02-13,SKU_0006,17.6219378307163,0,19.72,19.72
2024-02-14,SKU_0006,18.257278599388357,0,15.23,15.23
2024-02-15,SKU_0006,18.186164042368084,0,14.15,14.15
2024-02-16,SKU_0006,19.50841397449061,0,15.89,15.89
2024-02-17,SKU_0006,20.62136780285534,0,16.31,16.31
2024-02-18,SKU_0006,21.18082455907425,0,9.53,9.53
2024-02-19,SKU_0006,22.393013593784993,0,13.63,13.63
2024-02-20,SKU_0006,23.4243113670635,1,18.84,18.84
2024-02-21,SKU_0006,22.8147354652967,0,25.8,25.8
2024-02-22,SKU_0006,21.047308397268047,0,27.18,27.18
2024-02-23,SKU_0006,21.58490898450647,0,14.72,14.72
2024-02-24,SKU_0006,22.303860191424466,0,13.21,13.21
2024-02-25,SKU_0006,23.811962625122522,0,12.93,12.93
2024-02-26,SKU_0006,22.511106490193075,0,11.21,11.21
2024-02-27,SKU_0006,21.31951702968032,0,21.31,21.31
2024-02-28,SKU_0006,21.91599995509946,0,15.23,15.23
2024-02-29,SKU_0006,21.822617725478747,0,16.19,16.19
2024-03-01,SKU_0006,19.48804587742663,0,19.45,19.45
2024-03-02,SKU_0006,19.931626379518203,0,13.01,13.01
2024-03-03,SKU_0006,17.83499182759502,0,19.46,19.46
2024-03-04,SKU_0006,16.851622913059824,0,26.99,26.99
2024-03-05,SKU_0006,18.27525300471166,0,15.88,15.88
2024-03-06,SKU_0006,20.3899185692138,0,13.32,13.32
2024-03-07,SKU_0006,18.955634241856906,0,25.32,25.32
2024-03-08,SKU_0006,18.584682437346654,0,21.05,21.05
2024-03-09,SKU_0006,18.632270824890963,0,14.75,14.75
2024-03-10,SKU_0006,20.733871837345166,0,14.17,14.17
2024-03-11,SKU_0006,20.12970423371092,0,20.21,20.21
2024-03-12,SKU_0006,19.56189429667195,0,24.94,24.94
2024-03-13,SKU_0006,21.466788907148178,0,18.33,18.33
2024-03-14,SKU_0006,20.98944494489742,0,21.62,21.62
2024-03-15,SKU_0006,21.91895510186846,0,12.72,12.72
2024-03-16,SKU_0006,20.05990836197108,0,13.54,13.54
2024-03-17,SKU_0006,19.854868661550128,0,14.47,14.47
2024-03-18,SKU_0006,17.97305046127194,0,16.43,16.43
2024-03-19,SKU_0006,16.87017740528185,1,26.89,26.89
2024-03-20,SKU_0006,17.74137520402392,0,38.59,38.59
2024-03-21,SKU_0006,17.68833124296674,1,22.87,22.87
2024-03-22,SKU_0006,17.352885884035114,0,19.59,19.59
2024-03-23,SKU_0006,16.590559827275925,0,18.31,18.31
2024-03-24,SKU_0006,16.37235896775137,0,17.45,17.45
2024-03-25,SKU_0006,16.670843145993008,0,24.54,24.54
2024-03-26,SKU_0006,17.683575068332996,0,25.5,25.5
2024-03-27,SKU_0006,15.106535208688424,0,25.29,25.29
2024-03-28,SKU_0006,14.37113635156696,0,31.73,31.73
2024-03-29,SKU_0006,14.508976829311178,0,20.32,20.32
2024-03-30,SKU_0006,14.423167422951732,0,27.43,27.43
2024-03-31,SKU_0006,14.77650378510627,1,26.97,26.97
2024-04-01,SKU_0006,15.01561642151291,0,21.2,21.2
2024-04-02,SKU_0006,14.743446552464398,0,31.92,31.92
2024-04-03,SKU_0006,14.284677949517471,0,26.78,26.78
2024-04-04,SKU_0006,14.075805498107778,0,30.78,30.78
2024-04-05,SKU_0006,15.0801897044719,0,20.66,20.66
2024-04-06,SKU_0006,14.432194877740523,0,16.39,16.39
2024-04-07,SKU_0006,14.377910891875858,0,17.47,17.47
2024-04-08,SKU_0006,14.536948719450121,0,41.22,41.22
2024-04-09,SKU_0006,15.96365621027315,0,27.51,27.51
2024-04-10,SKU_0006,15.67859107772316,0,26.33,26.33
2024-04-11,SKU_0006,16.607004355752313,0,21.13,21.13
2024-04-12,SKU_0006,17.881082666048407,0,19.25,19.25
2024-04-13,SKU_0006,17.812813605650803,0,13.13,13.13
2024-04-14,SKU_0006,17.58902143063299,0,12.94,12.94
2024-04-15,SKU_0006,17.245163109997414,0,20.36,20.36
2024-04-16,SKU_0006,16.982481567200878,1,30.62,30.62
2024-04-17,SKU_0006,17.87560096291245,0,22.42,22.42
2024-04-18,SKU_0006,18.125092550334383,1,22.09,22.09
2024-04-19,SKU_0006,18.382786115085317,0,15.58,15.58
2024-04-20,SKU_0006,17.18266933208361,0,14.11,14.11
2024-04-21,SKU_0006,16.213623963961204,0,15.66,15.66
2024-04-22,SKU_0006,18.438828462809045,0,19.84,19.84
2024-04-23,SKU_0006,18.243140387743345,0,35.46,35.46
2024-04-24,SKU_0006,17.414493520904358,0,32.6,32.6
2024-04-25,SKU_0006,18.975881354687587,0,29.54,29.54
2024-04-26,SKU_0006,19.299463224633183,0,14.07,14.07
2024-04-27,SKU_0006,19.980695418406892,0,17.9,17.9
2024-04-28,SKU_0006,19.81588232574467,0,14.38,14.38
2024-04-29,SKU_0006,19.440594277382974,0,21.26,21.26
2024-04-30,SKU_0006,19.243785665413288,0,23.12,23.12
2024-05-01,SKU_0006,17.711672682700396,0,22.64,22.64
2024-05-02,SKU_0006,17.61847823950248,1,31.03,31.03
2024-05-03,SKU_0006,17.934213117247683,0,18.8,18.8
2024-05-04,SKU_0006,20.040155384606955,0,8.87,8.87
2024-05-05,SKU_0006,20.143828706381978,0,13.0,13.0
2024-05-06,SKU_0006,17.51131688870767,0,23.35,23.35
2024-05-07,SKU_0006,17.412846271973628,0,24.91,24.91
2024-05-08,SKU_0006,20.523662182191938,1,27.23,27.23
2024-05-09,SKU_0006,21.618738189515415,0,14.4,14.4
2024-05-10,SKU_0006,20.592091838742313,0,15.0,15.0
2024-05-11,SKU_0006,21.335524527275066,0,11.34,11.34
2024-05-12,SKU_0006,20.406484054151896,0,12.44,12.44
2024-05-13,SKU_0006,18.814432189205046,0,15.48,15.48
2024-05-14,SKU_0006,18.425251412634896,0,26.06,26.06
2024-05-15,SKU_0006,18.52671361109269,0,23.99,23.99
2024-05-16,SKU_0006,16.558247886118558,1,29.66,29.66
2024-05-17,SKU_0006,15.455034099404557,0,30.02,30.02
2024-05-18,SKU_0006,15.464621260643824,0,18.52,18.52
2024-05-19,SKU_0006,15.090486696574462,0,23.42,23.42
2024-05-20,SKU_0006,15.452228021363215,0,23.44,23.44
2024-05-21,SKU_0006,14.366126394894676,0,26.95,26.95
2024-05-22,SKU_0006,14.995046702343512,0,23.06,23.06
2024-05-23,SKU_0006,13.966957771909483,0,28.99,28.99
2024-05-24,SKU_0006,15.413726429525909,0,11.54,11.54
2024-05-25,SKU_0006,13.905896265478695,0,19.91,19.91
2024-05-26,SKU_0006,13.023555582735986,0,23.08,23.08
2024-05-27,SKU_0006,13.353812624356985,0,24.95,24.95
2024-05-28,SKU_0006,14.756090738879765,0,27.02,27.02
2024-05-29,SKU_0006,15.037671877633583,1,26.89,26.89
2024-05-30,SKU_0006,15.55418892170709,0,31.41,31.41
2024-05-31,SKU_0006,15.570563872076578,1,22.06,22.06
2024-06-01,SKU_0006,14.640597100195853,0,14.32,14.32
2024-06-02,SKU_0006,14.216311354952285,0,21.32,21.32
2024-06-03,SKU_0006,13.219267298066441,0,26.47,26.47
2024-06-04,SKU_0006,12.242981219036091,0,31.54,31.54
2024-06-05,SKU_0006,12.541683119241696,0,31.11,31.11
2024-06-06,SKU_0006,11.724340522186786,0,32.89,32.89
2024-06-07,SKU_0006,11.951302971569865,0,33.76,33.76
2024-06-08,SKU_0006,11.053321185496417,0,26.35,26.35
2024-06-09,SKU_0006,11.25164031483776,0,24.73,24.73
2024-06-10,SKU_0006,10.926521179066471,0,37.92,37.92
2024-06-11,SKU_0006,11.888718219653727,0,34.59,34.59
2024-06-12,SKU_0006,12.121891531278527,0,37.76,37.76
2024-06-13,SKU_0006,13.054853873979791,0,29.16,29.16
2024-06-14,SKU_0006,12.476179746142614,1,33.37,33.37
2024-06-15,SKU_0006,12.518277876489462,0,18.47,18.47
2024-06-16,SKU_0006,11.802655835156582,0,18.31,18.31
2024-06-17,SKU_0006,11.513361866953476,0,35.2,35.2
2024-06-18,SKU_0006,11.333716100980137,0,48.19,48.19
2024-06-19,SKU_0006,10.850710001289865,0,31.34,31.34
2024-06-20,SKU_0006,10.08753339599095,0,39.23,39.23
2024-06-21,SKU_0006,9.267274327628705,0,30.75,30.75
2024-06-22,SKU_0006,8.053480980163807,0,40.26,40.26
2024-06-23,SKU_0006,7.5588845276312195,0,40.59,40.59
2024-06-24,SKU_0006,7.848898973859514,0,88.95,88.95
2024-06-25,SKU_0006,7.131084680294863,1,71.32,71.32
2024-06-26,SKU_0006,6.569094379102697,0,95.38,95.38
2024-06-27,SKU_0006,7.314289462404554,0,75.8,75.8
2024-06-28,SKU_0006,7.040225017957773,0,51.07,51.07
2024-06-29,SKU_0006,7.177153765565012,0,38.19,38.19
2024-06-30,SKU_0006,7.459153394451326,0,39.08,39.08
2024-07-01,SKU_0006,7.76163873867092,0,45.35,45.35
2024-07-02,SKU_0006,7.08411274847382,1,93.52,93.52
2024-07-03,SKU_0006,6.986579223133896,0,53.35,53.35
2024-07-04,SKU_0006,6.3401182440892825,0,61.48,61.48
2024-07-05,SKU_0006,7.342478752351723,0,40.23,40.23
2024-07-06,SKU_0006,6.672429086111939,0,28.62,28.62
2024-07-07,SKU_0006,6.265845662763838,0,54.93,54.93
2024-07-08,SKU_0006,5.886593693207428,0,76.46,76.46
2024-07-09,SKU_0006,5.38101964565163,0,72.36,72.36
2024-07-10,SKU_0006,5.835929299359861,0,94.81,94.81
2024-07-11,SKU_0006,6.748905813767831,0,41.83,41.83
2024-07-12,SKU_0006,6.558982229136135,0,47.88,47.88
2024-07-13,SKU_0006,6.059395569566288,0,43.24,43.24
2024-07-14,SKU_0006,5.298345087661145,0,56.33,56.33
2024-07-15,SKU_0006,5.221308291649839,0,70.95,70.95
2024-07-16,SKU_0006,5.123132537461426,0,83.78,83.78
2024-07-17,SKU_0006,4.926793191264272,0,85.6,85.6
2024-07-18,SKU_0006,4.992669932792494,0,79.1,79.1
2024-07-19,SKU_0006,5.112462630540204,0,82.68,82.68
2024-07-20,SKU_0006,5.212534508239135,0,46.29,46.29
2024-07-21,SKU_0006,5.114597545470306,0,88.52,88.52
2024-07-22,SKU_0006,4.787466730769668,0,66.65,66.65
2024-07-23,SKU_0006,4.982597747941347,0,90.11,90.11
2024-07-24,SKU_0006,4.98634021450604,1,123.41,123.41
2024-07-25,SKU_0006,5.259330136790984,0,69.86,69.86
2024-07-26,SKU_0006,5.514650075984189,0,73.88,73.88
2024-07-27,SKU_0006,5.063725499158797,0,58.61,58.61
2024-07-28,SKU_0006,4.646197506818265,0,59.38,59.38
2024-07-29,SKU_0006,4.44027673175404,0,106.53,106.53
2024-07-30,SKU_0006,4.167601860501189,0,85.06,85.06
2024-07-31,SKU_0006,4.360801555788551,0,91.33,91.33
2024-08-01,SKU_0006,4.453696671811608,0,99.09,99.09
2024-08-02,SKU_0006,4.757324848881877,0,76.91,76.91
2024-08-03,SKU_0006,4.8718547306144595,0,57.4,57.4
2024-08-04,SKU_0006,4.933228725951346,0,54.79,54.79
2024-08-05,SKU_0006,5.301434660024989,0,60.67,60.67
2024-08-06,SKU_0006,5.452973819876803,0,92.12,92.12
2024-08-07,SKU_0006,5.475300569251448,0,79.55,79.55
2024-08-08,SKU_0006,5.983910923154819,0,50.78,50.78
2024-08-09,SKU_0006,6.025408077051883,0,39.92,39.92
2024-08-10,SKU_0006,5.916379976593198,0,56.27,56.27
2024-08-11,SKU_0006,5.6263188109626405,0,40.59,40.59
2024-08-12,SKU_0006,5.868722061651339,0,58.27,58.27
2024-08-13,SKU_0006,6.320889462197721,0,78.74,78.74
2024-08-14,SKU_0006,6.301733106653548,1,86.29,86.29
2024-08-15,SKU_0006,6.816182942255322,0,43.44,43.44
2024-08-16,SKU_0006,6.056298030560224,0,38.2,38.2
2024-08-17,SKU_0006,6.036180985980824,0,57.78,57.78
2024-08-18,SKU_0006,6.02167723001556,0,34.35,34.35
2024-08-19,SKU_0006,5.764659956245997,0,49.5,49.5
2024-08-20,SKU_0006,6.651070572709413,0,59.69,59.69
2024-08-21,SKU_0006,6.624707845626541,0,55.29,55.29
2024-08-22,SKU_0006,6.464608320831147,0,59.34,59.34
2024-08-23,SKU_0006,6.474686261804409,0,31.59,31.59
2024-08-24,SKU_0006,5.7415621698190105,0,39.78,39.78
2024-08-25,SKU_0006,5.485670083464135,0,53.3,53.3
2024-08-26,SKU_0006,5.8190304060782925,0,61.55,61.55
2024-08-27,SKU_0006,5.603530971553919,0,59.82,59.82
2024-08-28,SKU_0006,5.331669520033734,0,60.3,60.3
