data/raw/sales.csv
date,sku,price,promo,true_demand_qty,sales_qty
2024-08-29,SKU_0006,5.767484122278268,0,62.4,62.4
2024-08-30,SKU_0006,6.250436005247707,0,33.47,33.47
2024-08-31,SKU_0006,6.447359392590365,0,45.86,45.86
2024-09-01,SKU_0006,6.273683175226149,0,40.18,40.18
2024-09-02,SKU_0006,6.184185740775479,0,42.75,42.75
2024-09-03,SKU_0006,5.892888876657538,0,50.36,50.36
2024-09-04,SKU_0006,5.551454478923312,0,61.18,61.18
2024-09-05,SKU_0006,5.214248488940856,0,48.78,48.78
2024-09-06,SKU_0006,5.024428459097873,0,61.82,61.82
2024-09-07,SKU_0006,4.721981158732964,0,43.56,43.56
2024-09-08,SKU_0006,4.2991019043834235,1,81.61,81.61
2024-09-09,SKU_0006,4.356070117154199,0,82.8,82.8
2024-09-10,SKU_0006,4.4178185630067475,0,105.86,105.86
2024-09-11,SKU_0006,4.892451964183864,0,84.22,84.22
2024-09-12,SKU_0006,4.700144720712357,0,93.73,93.73
2024-09-13,SKU_0006,4.7843938284490655,0,77.63,77.63
2024-09-14,SKU_0006,4.875009679648545,0,51.31,51.31
2024-09-15,SKU_0006,4.801324591221058,0,56.21,56.21
2024-09-16,SKU_0006,5.020612065522458,0,55.49,55.49
2024-09-17,SKU_0006,5.259655881730387,0,57.46,57.46
2024-09-18,SKU_0006,5.36400162624534,0,91.82,91.82
2024-09-19,SKU_0006,5.282354288400138,0,72.77,72.77
2024-09-20,SKU_0006,5.170245018623324,1,75.49,75.49
2024-09-21,SKU_0006,4.762891043022237,0,44.26,44.26
2024-09-22,SKU_0006,4.538060776835548,0,77.72,77.72
2024-09-23,SKU_0006,4.371819691017245,0,69.75,69.75
2024-09-24,SKU_0006,4.0867131736731075,0,80.67,80.67
2024-09-25,SKU_0006,4.196020012548447,0,85.03,85.03
2024-09-26,SKU_0006,4.508363070543549,0,106.62,106.62
2024-09-27,SKU_0006,4.269302163602242,0,53.57,53.57
2024-09-28,SKU_0006,4.342528891480364,1,59.19,59.19
2024-09-29,SKU_0006,4.081278119449193,0,113.84,113.84
2024-09-30,SKU_0006,4.007288682770628,0,97.81,97.81
2024-10-01,SKU_0006,3.8446981638341295,0,87.98,87.98
2024-10-02,SKU_0006,3.986082176416863,0,81.72,81.72
2024-10-03,SKU_0006,3.8270013048737543,0,68.01,68.01
2024-10-04,SKU_0006,4.066493874255022,0,72.4,72.4
2024-10-05,SKU_0006,4.006980342336717,0,70.96,70.96
2024-10-06,SKU_0006,3.8538078183121978,0,92.76,92.76
2024-10-07,SKU_0006,3.5746361240921587,0,63.87,63.87
2024-10-08,SKU_0006,3.6293575825568465,0,84.03,84.03
2024-10-09,SKU_0006,3.8296321808387823,0,104.3,104.3
2024-10-10,SKU_0006,3.89295316363823,1,201.83,201.83
2024-10-11,SKU_0006,4.452643379227431,0,76.22,76.22
2024-10-12,SKU_0006,4.85148665494071,0,52.62,52.62
2024-10-13,SKU_0006,4.762789466096636,0,41.63,41.63
2024-10-14,SKU_0006,4.672769202219411,0,44.32,44.32
2024-10-15,SKU_0006,4.806329408352537,1,97.67,97.67
2024-10-16,SKU_0006,4.570636738114152,0,85.01,85.01
2024-10-17,SKU_0006,4.901934012120733,1,83.35,83.35
2024-10-18,SKU_0006,5.009448628788048,0,51.66,51.66
2024-10-19,SKU_0006,5.087127805954538,0,40.01,40.01
2024-10-20,SKU_0006,5.3011862147754565,0,38.72,38.72
2024-10-21,SKU_0006,5.878492800608378,0,68.25,68.25
2024-10-22,SKU_0006,5.939100694957577,0,51.19,51.19
2024-10-23,SKU_0006,5.898955500968044,0,60.77,60.77
2024-10-24,SKU_0006,6.45786313426902,0,50.96,50.96
2024-10-25,SKU_0006,6.843857289263805,0,44.41,44.41
2024-10-26,SKU_0006,6.713313964176914,1,35.0,35.0
2024-10-27,SKU_0006,6.715403384752655,0,43.46,43.46
2024-10-28,SKU_0006,6.79459032626469,0,39.07,39.07
2024-10-29,SKU_0006,6.943705265640824,0,49.55,49.55
2024-10-30,SKU_0006,6.400905987775181,0,81.83,81.83
2024-10-31,SKU_0006,5.835094520355864,0,48.51,48.51
2024-11-01,SKU_0006,5.532540222557781,0,58.49,58.49
2024-11-02,SKU_0006,5.221385335188948,0,56.46,56.46
2024-11-03,SKU_0006,5.023532219874043,0,54.92,54.92
2024-11-04,SKU_0006,5.218531050046841,0,59.97,59.97
2024-11-05,SKU_0006,5.165904482585236,0,113.94,113.94
2024-11-06,SKU_0006,5.227137897633098,0,76.36,76.36
2024-11-07,SKU_0006,4.856925752627774,0,77.92,77.92
2024-11-08,SKU_0006,4.724242092605136,1,72.17,72.17
2024-11-09,SKU_0006,4.893670346772348,0,52.39,52.39
2024-11-10,SKU_0006,5.071515821885452,0,62.95,62.95
2024-11-11,SKU_0006,4.855758508117254,0,64.56,64.56
2024-11-12,SKU_0006,4.903087286022146,0,53.0,53.0
2024-11-13,SKU_0006,5.594566933156749,0,79.57,79.57
2024-11-14,SKU_0006,5.588662883090595,0,51.79,51.79
2024-11-15,SKU_0006,5.360990987762668,0,63.24,63.24
2024-11-16,SKU_0006,5.305389021119304,0,46.96,46.96
2024-11-17,SKU_0006,5.3348124359338955,0,60.11,60.11
2024-11-18,SKU_0006,5.286643915439434,0,51.91,51.91
2024-11-19,SKU_0006,5.27670759662596,0,67.75,67.75
2024-11-20,SKU_0006,4.838939253271485,0,81.68,81.68
2024-11-21,SKU_0006,4.567370725074932,0,62.34,62.34
2024-11-22,SKU_0006,4.5266293578971295,0,85.41,85.41
2024-11-23,SKU_0006,4.481964761991984,0,42.55,42.55
2024-11-24,SKU_0006,4.3322635131800205,0,81.58,81.58
2024-11-25,SKU_0006,4.286494823788841,0,90.07,90.07
2024-11-26,SKU_0006,4.302215974657624,0,94.94,94.94
2024-11-27,SKU_0006,4.5380392717197,0,103.54,103.54
2024-11-28,SKU_0006,4.5111059093790455,0,92.75,92.75
2024-11-29,SKU_0006,4.620433484451192,0,62.97,62.97
2024-11-30,SKU_0006,4.472701150776755,0,64.11,64.11
2024-12-01,SKU_0006,4.62889534771468,0,71.57,71.57
2024-12-02,SKU_0006,4.73443346767801,0,62.11,62.11
2024-12-03,SKU_0006,4.986883132564375,0,90.55,90.55
2024-12-04,SKU_0006,5.204994886363401,0,49.51,49.51
2024-12-05,SKU_0006,5.392142800288375,0,48.76,48.76
2024-12-06,SKU_0006,5.360395783022805,0,65.27,65.27
2024-12-07,SKU_0006,5.439755777920742,0,44.84,44.84
2024-12-08,SKU_0006,5.798183633123624,0,40.6,40.6
2024-12-09,SKU_0006,5.575713145487745,0,62.32,62.32
2024-12-10,SKU_0006,5.369397801134007,0,73.08,73.08
2024-12-11,SKU_0006,5.428167743104446,0,66.88,66.88
2024-12-12,SKU_0006,5.565119323126999,0,50.95,50.95
2024-12-13,SKU_0006,5.296636710781597,0,40.89,40.89
2024-12-14,SKU_0006,5.272930512339808,0,60.14,60.14
2024-12-15,SKU_0006,5.243275277334801,0,51.25,51.25
2024-12-16,SKU_0006,4.590686371001837,0,99.25,99.25
2024-12-17,SKU_0006,4.530597864493993,0,91.4,91.4
2024-12-18,SKU_0006,4.488034429878749,0,113.0,113.0
2024-12-19,SKU_0006,4.4450773178795755,0,92.89,92.89
2024-12-20,SKU_0006,4.839213074700176,0,69.95,69.95
2024-12-21,SKU_0006,4.498770880169706,0,65.7,65.7
2024-12-22,SKU_0006,4.281600410790888,0,66.88,66.88
2024-12-23,SKU_0006,3.660483049915747,0,86.29,86.29
2024-12-24,SKU_0006,3.556369138834778,0,159.81,159.81
2024-12-25,SKU_0006,3.472940030753929,0,202.64,202.64
2024-12-26,SKU_0006,3.3682821807644645,0,190.59,190.59
2024-12-27,SKU_0006,3.599746823296125,0,91.15,91.15
2024-12-28,SKU_0006,3.790509972639796,1,86.98,86.98
2024-12-29,SKU_0006,3.8082583967755435,0,77.33,77.33
2024-12-30,SKU_0006,3.7245095834357445,0,106.89,106.89
2024-01-01,SKU_0007,7.625718510256837,0,21.39,21.39
2024-01-02,SKU_0007,7.608734790012506,0,21.28,21.28
2024-01-03,SKU_0007,7.156929901305642,0,21.25,21.25
2024-01-04,SKU_0007,7.200565233499873,0,25.67,25.67
2024-01-05,SKU_0007,6.749681685782336,0,10.69,4.41
2024-01-06,SKU_0007,6.923699484454011,0,17.69,0.0
2024-01-07,SKU_0007,6.931733178068623,0,15.93,0.0
2024-01-08,SKU_0007,7.5393188126653055,0,26.12,0.0
2024-01-09,SKU_0007,7.542365856215223,0,33.04,33.04
2024-01-10,SKU_0007,7.202421857351766,0,36.04,36.04
2024-01-11,SKU_0007,7.09651761660365,0,24.57,24.57
2024-01-12,SKU_0007,6.546627315494337,0,18.14,18.14
2024-01-13,SKU_0007,6.708116684595174,0,16.12,15.63
2024-01-14,SKU_0007,6.949774780928653,0,20.81,0.0
2024-01-15,SKU_0007,8.059576531574635,0,15.54,0.0
2024-01-16,SKU_0007,7.764412985040894,0,35.34,35.34
2024-01-17,SKU_0007,7.640653848452404,1,40.55,40.55
2024-01-18,SKU_0007,7.3812106532062955,0,28.79,28.79
2024-01-19,SKU_0007,7.4757503265742455,0,14.56,14.56
2024-01-20,SKU_0007,7.648931190710732,0,14.41,14.41
2024-01-21,SKU_0007,7.624474741646738,0,12.68,2.67
2024-01-22,SKU_0007,8.13798811211736,0,26.85,0.0
2024-01-23,SKU_0007,7.842237731451326,0,26.23,26.23
2024-01-24,SKU_0007,8.320269627336673,0,30.13,30.13
2024-01-25,SKU_0007,8.593486500685021,0,23.67,23.67
2024-01-26,SKU_0007,8.587286001444145,0,20.72,20.72
2024-01-27,SKU_0007,8.426542445103577,1,23.35,23.35
2024-01-28,SKU_0007,9.747263749471289,0,14.76,14.76
2024-01-29,SKU_0007,9.280970169846906,0,19.62,9.17
2024-01-30,SKU_0007,9.448368452931394,0,25.58,25.58
2024-01-31,SKU_0007,9.03249772256565,0,27.88,27.88
2024-02-01,SKU_0007,10.05395587860802,0,36.61,36.61
2024-02-02,SKU_0007,10.603411156297762,0,22.51,22.51
2024-02-03,SKU_0007,10.180506495027085,0,9.92,9.92
2024-02-04,SKU_0007,10.498479775781849,0,14.3,14.3
2024-02-05,SKU_0007,10.662065979842996,0,16.68,15.3
2024-02-06,SKU_0007,10.33663851516917,0,28.75,28.75
2024-02-07,SKU_0007,10.817709654889212,0,20.97,20.97
2024-02-08,SKU_0007,11.073367460995339,0,21.47,21.47
2024-02-09,SKU_0007,11.21760949955178,0,9.78,9.78
2024-02-10,SKU_0007,11.189430614865335,0,9.82,9.82
2024-02-11,SKU_0007,11.482600701706467,0,21.07,21.07
2024-02-12,SKU_0007,11.641731282866637,0,17.24,17.24
2024-02-13,SKU_0007,11.683081467375803,0,16.7,16.7
2024-02-14,SKU_0007,11.24227034330143,0,23.06,23.06
2024-02-15,SKU_0007,12.444848800803525,0,14.58,14.58
2024-02-16,SKU_0007,11.684715143749086,0,14.46,14.46
2024-02-17,SKU_0007,11.98840296457321,0,9.52,9.52
2024-02-18,SKU_0007,11.760251382988615,0,11.78,11.78
2024-02-19,SKU_0007,13.069720656271762,0,14.45,14.45
2024-02-20,SKU_0007,12.380085855889462,0,24.64,24.64
2024-02-21,SKU_0007,11.845800381414575,0,23.39,23.39
2024-02-22,SKU_0007,11.176175473786856,1,34.79,34.79
2024-02-23,SKU_0007,11.395200133715862,1,24.14,24.14
2024-02-24,SKU_0007,10.494057937503348,0,17.02,17.02
2024-02-25,SKU_0007,10.197039943705969,0,13.24,13.24
2024-02-26,SKU_0007,8.961660443789215,0,18.92,18.92
2024-02-27,SKU_0007,9.091871826090438,0,28.11,28.11
2024-02-28,SKU_0007,8.823052661884539,0,26.19,26.19
2024-02-29,SKU_0007,8.069443431369534,0,26.59,26.59
2024-03-01,SKU_0007,8.612555465797774,0,19.67,18.97
2024-03-02,SKU_0007,7.962643658080118,1,36.31,0.0
2024-03-03,SKU_0007,8.352640228957139,0,24.51,0.0
2024-03-04,SKU_0007,8.008594155709876,0,21.48,0.0
2024-03-05,SKU_0007,8.816363797914176,0,18.89,18.89
2024-03-06,SKU_0007,9.221913458887911,0,23.36,23.36
2024-03-07,SKU_0007,8.680678356472415,0,21.15,21.15
2024-03-08,SKU_0007,8.215928122860483,0,25.21,25.21
2024-03-09,SKU_0007,8.519913911164378,0,21.13,21.13
2024-03-10,SKU_0007,8.386837802203956,0,15.44,15.44
2024-03-11,SKU_0007,8.302054366422809,0,20.48,1.28
2024-03-12,SKU_0007,8.960601262357175,0,19.87,19.87
2024-03-13,SKU_0007,8.566986160237498,0,29.68,29.68
2024-03-14,SKU_0007,8.614041667789731,0,25.42,25.42
2024-03-15,SKU_0007,9.121837749953604,0,23.03,23.03
2024-03-16,SKU_0007,9.575601383396137,0,17.7,17.7
2024-03-17,SKU_0007,9.48433585814782,0,19.43,19.43
2024-03-18,SKU_0007,9.321347761610367,0,15.95,4.86
2024-03-19,SKU_0007,8.397871661435623,0,25.03,25.03
2024-03-20,SKU_0007,7.88217278931189,0,37.68,37.68
2024-03-21,SKU_0007,8.034181716702847,0,24.55,24.55
2024-03-22,SKU_0007,7.967989661700957,0,16.0,16.0
2024-03-23,SKU_0007,8.003891392833268,0,22.02,22.02
2024-03-24,SKU_0007,8.518864557797952,0,16.85,13.85
2024-03-25,SKU_0007,7.933098395454272,0,30.89,0.0
2024-03-26,SKU_0007,7.821472682667417,0,30.11,30.11
2024-03-27,SKU_0007,7.91053580550517,0,29.47,29.47
2024-03-28,SKU_0007,7.583280737334518,0,37.8,37.8
2024-03-29,SKU_0007,8.263386966055487,0,16.59,16.59
2024-03-30,SKU_0007,8.726372444096757,0,23.23,23.23
2024-03-31,SKU_0007,8.87961105139697,0,16.08,16.08
2024-04-01,SKU_0007,9.88888760224805,0,21.42,1.36
2024-04-02,SKU_0007,9.03836183923897,0,27.69,27.69
2024-04-03,SKU_0007,9.03417283481847,1,39.14,39.14
2024-04-04,SKU_0007,9.234944342005312,0,20.91,20.91
2024-04-05,SKU_0007,8.741845158962947,0,19.05,19.05
2024-04-06,SKU_0007,8.90100468641238,0,13.99,13.99
2024-04-07,SKU_0007,8.329214940116206,0,28.54,28.54
2024-04-08,SKU_0007,8.681572240345307,0,21.0,4.93
2024-04-09,SKU_0007,9.250454930934524,0,33.01,33.01
2024-04-10,SKU_0007,9.40284907187514,0,32.97,32.97
2024-04-11,SKU_0007,8.413561490853516,0,28.26,28.26
2024-04-12,SKU_0007,7.939396429480659,0,21.6,21.6
2024-04-13,SKU_0007,8.213013069900828,0,19.01,19.01
2024-04-14,SKU_0007,8.22346600030385,0,21.77,17.66
2024-04-15,SKU_0007,6.996091371974112,0,28.23,0.0
2024-04-16,SKU_0007,7.537732751434597,0,22.67,22.67
2024-04-17,SKU_0007,7.599791639648579,0,22.26,22.26
2024-04-18,SKU_0007,7.23533275367488,0,40.2,40.2
2024-04-19,SKU_0007,7.680415805957839,0,13.41,13.41
2024-04-20,SKU_0007,7.374449728226345,0,20.72,20.72
2024-04-21,SKU_0007,7.0760380899737765,0,20.92,20.92
2024-04-22,SKU_0007,7.229828522008783,0,27.61,21.36
2024-04-23,SKU_0007,8.045215974424451,0,23.21,23.21
2024-04-24,SKU_0007,8.868386341095206,0,29.92,29.92
2024-04-25,SKU_0007,9.061870416566041,0,25.41,25.41
2024-04-26,SKU_0007,9.316795005473384,0,33.23,33.23
2024-04-27,SKU_0007,9.769923363380052,0,15.98,15.98
2024-04-28,SKU_0007,9.060185563122822,1,35.36,35.36
2024-04-29,SKU_0007,9.417206565358557,0,15.69,4.0
2024-04-30,SKU_0007,9.011432901664454,0,32.19,32.19
2024-05-01,SKU_0007,9.185285280493245,0,28.07,28.07
2024-05-02,SKU_0007,9.060775567952586,1,39.04,39.04
2024-05-03,SKU_0007,9.337394198188147,0,20.01,20.01
2024-05-04,SKU_0007,9.403795905014533,0,22.39,22.39
2024-05-05,SKU_0007,7.820367991572269,0,20.8,20.8
2024-05-06,SKU_0007,7.904760033428664,0,20.78,5.17
2024-05-07,SKU_0007,8.215267316726845,0,24.82,24.82
2024-05-08,SKU_0007,8.43803947503319,0,33.56,33.56
2024-05-09,SKU_0007,8.386261533357175,0,27.88,27.88
2024-05-10,SKU_0007,9.254635273692184,0,13.86,13.86
2024-05-11,SKU_0007,9.42915914347223,0,17.38,17.38
2024-05-12,SKU_0007,9.680052476875566,0,13.12,13.12
2024-05-13,SKU_0007,10.30610910170347,0,20.91,20.91
2024-05-14,SKU_0007,10.53278123406377,0,19.1,19.1
2024-05-15,SKU_0007,9.980282044126913,0,23.05,23.05
2024-05-16,SKU_0007,8.621948524286385,0,22.02,22.02
2024-05-17,SKU_0007,8.378625268326436,1,41.89,41.89
2024-05-18,SKU_0007,8.770033125049892,0,17.81,17.81
2024-05-19,SKU_0007,8.586187466848724,0,22.86,22.86
2024-05-20,SKU_0007,9.009012867078642,0,37.74,37.74
2024-05-21,SKU_0007,9.089766283481378,0,25.27,25.27
2024-05-22,SKU_0007,9.8201182170141,0,32.86,32.86
2024-05-23,SKU_0007,9.64770591679273,0,19.1,19.1
2024-05-24,SKU_0007,9.922223584612642,0,22.12,22.12
2024-05-25,SKU_0007,10.22801119246961,0,12.07,12.07
2024-05-26,SKU_0007,11.192302487138095,0,13.9,13.9
2024-05-27,SKU_0007,10.10295571114711,1,32.16,20.37
2024-05-28,SKU_0007,9.82886563500368,0,26.46,26.46
2024-05-29,SKU_0007,10.342219475901276,0,17.74,17.74
2024-05-30,SKU_0007,11.347395932458273,0,15.81,15.81
2024-05-31,SKU_0007,11.512029994709845,0,16.83,16.83
2024-06-01,SKU_0007,11.311617842741123,0,11.88,11.88
2024-06-02,SKU_0007,11.837322069998406,0,9.87,9.87
2024-06-03,SKU_0007,12.470671255416345,0,15.27,15.27
2024-06-04,SKU_0007,12.204440820018553,0,18.36,18.36
2024-06-05,SKU_0007,12.448726467085638,0,19.87,19.87
2024-06-06,SKU_0007,13.362469069479664,1,27.32,27.32
2024-06-07,SKU_0007,14.967444880816206,0,12.83,12.83
2024-06-08,SKU_0007,15.649419110752785,0,8.16,8.16
2024-06-09,SKU_0007,15.690918924757703,0,9.28,9.28
2024-06-10,SKU_0007,15.640092071293203,1,23.08,23.08
2024-06-11,SKU_0007,16.17200102957845,0,13.01,13.01
2024-06-12,SKU_0007,16.06014994288892,0,13.98,13.98
2024-06-13,SKU_0007,16.243932831382583,0,9.86,9.86
2024-06-14,SKU_0007,15.244928631054618,0,11.2,11.2
2024-06-15,SKU_0007,16.478727896456668,0,9.56,9.56
2024-06-16,SKU_0007,15.389096622330342,1,10.34,10.34
2024-06-17,SKU_0007,14.995235862647057,0,10.25,10.25
2024-06-18,SKU_0007,15.083299481396228,0,11.33,11.33
2024-06-19,SKU_0007,16.99717833424292,0,16.51,16.51
2024-06-20,SKU_0007,16.57153344900288,0,8.73,8.73
2024-06-21,SKU_0007,15.922376103515475,0,10.45,10.45
2024-06-22,SKU_0007,15.404757757107038,0,10.66,10.66
2024-06-23,SKU_0007,17.016955630610877,0,9.34,9.34
2024-06-24,SKU_0007,14.37469569504257,0,11.78,11.78
2024-06-25,SKU_0007,13.535354806046465,0,17.28,17.28
2024-06-26,SKU_0007,15.945592507715075,0,17.9,17.9
2024-06-27,SKU_0007,16.52105096241609,0,12.27,12.27
2024-06-28,SKU_0007,15.460312968131635,0,6.79,6.79
2024-06-29,SKU_0007,15.4214779178065,0,11.33,11.33
2024-06-30,SKU_0007,15.484019339633624,0,10.31,10.31
2024-07-01,SKU_0007,16.290400313140367,0,11.22,11.22
2024-07-02,SKU_0007,18.191348367640472,0,8.24,8.24
2024-07-03,SKU_0007,18.620427253346836,0,11.73,11.73
2024-07-04,SKU_0007,18.02702317051428,0,9.54,9.54
2024-07-05,SKU_0007,18.898772745708236,1,10.51,10.51
2024-07-06,SKU_0007,18.123361996608963,0,7.46,7.46
2024-07-07,SKU_0007,17.033833537373162,1,11.78,11.78
2024-07-08,SKU_0007,15.326863022638403,0,10.56,10.56
2024-07-09,SKU_0007,13.953066966177483,0,17.36,17.36
2024-07-10,SKU_0007,13.222403542000094,0,17.1,17.1
2024-07-11,SKU_0007,12.320262231210988,0,13.88,13.88
2024-07-12,SKU_0007,12.554001187945985,0,10.67,10.67
2024-07-13,SKU_0007,11.682305247109149,0,9.91,9.91
2024-07-14,SKU_0007,9.674130333364168,0,12.86,9.67
2024-07-15,SKU_0007,9.086780275931662,0,19.83,0.0
2024-07-16,SKU_0007,8.833126787580603,0,17.48,17.48
2024-07-17,SKU_0007,8.518004435658568,0,30.82,30.82
2024-07-18,SKU_0007,9.331106213016705,0,21.27,21.27
2024-07-19,SKU_0007,8.99385008110007,0,9.05,2.03
2024-07-20,SKU_0007,9.482011025235625,1,19.7,0.0
2024-07-21,SKU_0007,9.4712175798643,1,25.31,0.0
2024-07-22,SKU_0007,9.447207429350344,0,18.01,0.0
2024-07-23,SKU_0007,8.98535806069498,0,19.07,19.07
2024-07-24,SKU_0007,8.953722891130512,0,21.28,21.28
2024-07-25,SKU_0007,8.551986915022045,0,20.61,20.61
2024-07-26,SKU_0007,8.639676176380316,0,18.44,18.44
2024-07-27,SKU_0007,8.518072855357845,0,10.19,4.66
2024-07-28,SKU_0007,8.048714977621168,0,13.33,0.0
2024-07-29,SKU_0007,8.542264264027907,0,24.59,0.0
2024-07-30,SKU_0007,8.763860793985128,0,20.8,20.8
2024-07-31,SKU_0007,8.531394020050339,0,29.75,29.75
2024-08-01,SKU_0007,8.606195548782528,0,35.11,35.11
2024-08-02,SKU_0007,8.563020630019784,0,14.1,14.1
2024-08-03,SKU_0007,8.128671873405178,0,10.82,0.26
2024-08-04,SKU_0007,8.163127133854788,1,21.1,0.0
2024-08-05,SKU_0007,7.864560208988937,0,23.14,0.0
2024-08-06,SKU_0007,7.431075411287806,0,29.76,29.76
2024-08-07,SKU_0007,6.741648957903973,0,41.22,41.22
2024-08-08,SKU_0007,6.598142079503157,0,23.5,23.5
2024-08-09,SKU_0007,6.8264607390663015,0,20.34,11.3
