data/raw/sales.csv
date,sku,price,promo,true_demand_qty,sales_qty
2024-08-10,SKU_0007,6.547784739091039,0,14.02,0.0
2024-08-11,SKU_0007,7.6168988073683765,0,9.13,0.0
2024-08-12,SKU_0007,8.032617543729218,0,17.72,0.0
2024-08-13,SKU_0007,8.686501364007382,0,15.81,15.81
2024-08-14,SKU_0007,9.111021496251148,0,22.57,22.57
2024-08-15,SKU_0007,10.18235919795646,0,11.01,11.01
2024-08-16,SKU_0007,9.712722398366415,0,11.55,11.55
2024-08-17,SKU_0007,8.329407876932114,0,13.62,13.62
2024-08-18,SKU_0007,8.109407714447654,0,15.09,15.09
2024-08-19,SKU_0007,8.385616766325512,0,16.72,16.72
2024-08-20,SKU_0007,8.462198135729562,0,29.02,29.02
2024-08-21,SKU_0007,8.603226638750055,1,42.84,42.84
2024-08-22,SKU_0007,9.312819795808974,1,22.68,22.68
2024-08-23,SKU_0007,9.52876747339006,0,18.44,18.44
2024-08-24,SKU_0007,9.996651168206705,0,15.45,15.45
2024-08-25,SKU_0007,9.448692661317185,0,11.79,11.79
2024-08-26,SKU_0007,8.847657793271356,0,16.0,16.0
2024-08-27,SKU_0007,9.747390452084757,0,17.24,17.24
2024-08-28,SKU_0007,9.806581043560895,0,15.81,15.81
2024-08-29,SKU_0007,9.446647761579769,0,14.8,14.8
2024-08-30,SKU_0007,9.100926984245625,0,17.8,17.8
2024-08-31,SKU_0007,8.753283502766646,0,13.06,13.06
2024-09-01,SKU_0007,8.38874852092958,0,11.79,11.79
2024-09-02,SKU_0007,7.767143602133148,0,14.49,14.49
2024-09-03,SKU_0007,7.098455703818741,0,19.3,19.3
2024-09-04,SKU_0007,7.0158858937966455,0,22.8,22.8
2024-09-05,SKU_0007,6.770679417686576,0,25.93,25.93
2024-09-06,SKU_0007,7.235728138456427,0,13.8,13.8
2024-09-07,SKU_0007,7.364090813100054,0,16.38,16.38
2024-09-08,SKU_0007,7.482258284652342,0,14.91,14.91
2024-09-09,SKU_0007,7.155973279788902,0,19.01,19.01
2024-09-10,SKU_0007,7.104196933024487,0,27.25,27.25
2024-09-11,SKU_0007,7.259752903678655,0,26.8,26.8
2024-09-12,SKU_0007,7.5785170247003295,0,14.67,14.67
2024-09-13,SKU_0007,7.535943408387753,0,12.62,12.62
2024-09-14,SKU_0007,8.040019065369126,0,12.01,12.01
2024-09-15,SKU_0007,8.043874041009381,0,14.34,14.34
2024-09-16,SKU_0007,8.435775415846424,0,20.93,20.93
2024-09-17,SKU_0007,8.19144656173333,0,19.76,19.76
2024-09-18,SKU_0007,7.3473169490735035,0,31.26,31.26
2024-09-19,SKU_0007,7.466577625158652,0,16.96,16.96
2024-09-20,SKU_0007,7.798693258573943,0,13.59,13.59
2024-09-21,SKU_0007,8.072611441363481,0,11.71,11.71
2024-09-22,SKU_0007,8.279712357019259,0,11.0,11.0
2024-09-23,SKU_0007,8.108338773556966,0,20.66,1.44
2024-09-24,SKU_0007,7.725204039067557,0,11.72,11.72
2024-09-25,SKU_0007,7.985216793576322,1,28.56,28.56
2024-09-26,SKU_0007,8.192169642320371,0,22.63,22.63
2024-09-27,SKU_0007,7.921058381478524,0,13.98,13.98
2024-09-28,SKU_0007,8.466272103102382,0,14.78,14.78
2024-09-29,SKU_0007,8.029468619831276,0,20.6,20.6
2024-09-30,SKU_0007,7.753209980734831,0,17.27,17.27
2024-10-01,SKU_0007,8.55308863362646,0,23.61,23.61
2024-10-02,SKU_0007,9.010651501142005,0,30.19,30.19
2024-10-03,SKU_0007,8.819161692726992,0,18.31,18.31
2024-10-04,SKU_0007,8.972547714665518,0,13.26,13.26
2024-10-05,SKU_0007,9.05626874182585,0,13.51,13.51
2024-10-06,SKU_0007,7.680774317564346,0,17.49,12.45
2024-10-07,SKU_0007,7.274186079618953,1,27.31,0.0
2024-10-08,SKU_0007,7.2520278317012945,0,19.57,19.57
2024-10-09,SKU_0007,7.098506729145794,0,32.21,32.21
2024-10-10,SKU_0007,7.204534330873726,0,19.06,19.06
2024-10-11,SKU_0007,7.709701992515652,0,19.42,19.42
2024-10-12,SKU_0007,7.562390830949158,1,21.3,21.3
2024-10-13,SKU_0007,7.097397019879118,1,32.73,14.05
2024-10-14,SKU_0007,7.237090054423781,0,15.32,0.0
2024-10-15,SKU_0007,7.096642603101189,0,18.63,18.63
2024-10-16,SKU_0007,7.030501141099245,0,27.51,27.51
2024-10-17,SKU_0007,6.908493289721469,0,16.75,16.75
2024-10-18,SKU_0007,7.903153319563429,0,15.44,15.44
2024-10-19,SKU_0007,6.908963168499979,0,19.58,19.58
2024-10-20,SKU_0007,6.74984501823484,0,10.92,10.92
2024-10-21,SKU_0007,6.748351162483409,0,21.06,16.57
2024-10-22,SKU_0007,6.439363200282905,0,30.85,30.85
2024-10-23,SKU_0007,6.7965776804833835,0,23.98,23.98
2024-10-24,SKU_0007,7.136444362968577,0,17.15,17.15
2024-10-25,SKU_0007,7.116025738771162,0,15.82,15.82
2024-10-26,SKU_0007,7.001391825495236,0,12.15,12.15
2024-10-27,SKU_0007,6.954518216540087,0,15.61,15.61
2024-10-28,SKU_0007,6.910930939567885,0,18.24,18.24
2024-10-29,SKU_0007,6.878509393459263,0,20.92,20.92
2024-10-30,SKU_0007,6.801356138653864,0,26.79,26.79
2024-10-31,SKU_0007,6.905160173464984,1,45.18,45.18
2024-11-01,SKU_0007,7.224382095437212,0,17.82,17.82
2024-11-02,SKU_0007,6.710316366369631,0,19.76,19.76
2024-11-03,SKU_0007,6.300356785471244,0,23.3,5.32
2024-11-04,SKU_0007,5.672870114152244,0,20.58,0.0
2024-11-05,SKU_0007,5.975567226761229,0,28.03,28.03
2024-11-06,SKU_0007,6.065994024907335,0,25.1,25.1
2024-11-07,SKU_0007,6.2527069076433,0,17.69,17.69
2024-11-08,SKU_0007,5.738768159299628,0,22.15,22.15
2024-11-09,SKU_0007,6.387490500193987,0,12.98,12.98
2024-11-10,SKU_0007,6.158359417775294,0,19.42,19.42
2024-11-11,SKU_0007,6.220826415894916,0,15.96,6.68
2024-11-12,SKU_0007,6.548040482146461,0,25.87,25.87
2024-11-13,SKU_0007,6.171531698808011,0,20.03,20.03
2024-11-14,SKU_0007,5.972511913844674,0,28.84,28.84
2024-11-15,SKU_0007,6.037064606273988,0,18.62,18.62
2024-11-16,SKU_0007,7.16613376983439,0,13.43,13.43
2024-11-17,SKU_0007,7.296784492058992,0,19.5,19.5
2024-11-18,SKU_0007,8.035067819083395,0,16.77,16.77
2024-11-19,SKU_0007,8.637868304201204,0,20.61,20.61
2024-11-20,SKU_0007,8.830718931641591,0,19.85,19.85
2024-11-21,SKU_0007,8.321850818292994,0,21.49,21.49
2024-11-22,SKU_0007,8.868182763476542,0,18.28,18.28
2024-11-23,SKU_0007,8.10582776683646,0,16.11,16.11
2024-11-24,SKU_0007,8.923031898608146,0,12.21,12.21
2024-11-25,SKU_0007,9.030756193482407,0,21.07,21.07
2024-11-26,SKU_0007,7.70309883066964,0,18.91,18.91
2024-11-27,SKU_0007,7.547318448134527,0,20.79,20.79
2024-11-28,SKU_0007,7.8493379997416,0,20.33,20.33
2024-11-29,SKU_0007,7.738499181592275,0,21.01,21.01
2024-11-30,SKU_0007,8.077707550441259,0,11.06,11.06
2024-12-01,SKU_0007,7.676062061203431,0,18.63,18.63
2024-12-02,SKU_0007,7.0975362788033864,0,20.55,20.55
2024-12-03,SKU_0007,7.067176217494213,0,22.93,22.93
2024-12-04,SKU_0007,7.080573708501418,0,32.46,32.46
2024-12-05,SKU_0007,6.934104207502911,0,20.21,20.21
2024-12-06,SKU_0007,7.463984182954728,0,28.41,28.41
2024-12-07,SKU_0007,7.092776713770803,1,23.63,23.63
2024-12-08,SKU_0007,7.227309510580826,0,17.31,17.31
2024-12-09,SKU_0007,7.25684409473312,1,43.53,2.94
2024-12-10,SKU_0007,6.609725199201696,0,28.08,28.08
2024-12-11,SKU_0007,6.106783903010509,0,38.4,38.4
2024-12-12,SKU_0007,6.111149743010165,0,18.31,18.31
2024-12-13,SKU_0007,6.882534215376262,0,18.07,18.07
2024-12-14,SKU_0007,7.125950480965653,0,17.67,10.4
2024-12-15,SKU_0007,6.425053956123276,0,23.61,0.0
2024-12-16,SKU_0007,5.3311967539864655,0,32.42,0.0
2024-12-17,SKU_0007,5.570913033027023,0,36.78,36.78
2024-12-18,SKU_0007,5.538845864141365,0,41.67,41.67
2024-12-19,SKU_0007,5.931410893733239,1,47.9,47.9
2024-12-20,SKU_0007,5.626114344795567,0,15.64,15.64
2024-12-21,SKU_0007,5.745585288946655,1,41.02,11.17
2024-12-22,SKU_0007,6.044822931232254,0,17.36,0.0
2024-12-23,SKU_0007,5.88469182745094,0,27.89,0.0
2024-12-24,SKU_0007,5.736155654558833,0,33.3,33.3
2024-12-25,SKU_0007,5.744856939352812,0,33.81,33.81
2024-12-26,SKU_0007,5.934991465217306,0,23.35,23.35
2024-12-27,SKU_0007,5.929889327887146,0,15.97,15.97
2024-12-28,SKU_0007,6.286756827390249,0,15.6,15.6
2024-12-29,SKU_0007,6.1149049095401935,0,24.57,23.01
2024-12-30,SKU_0007,5.6464414017598,0,20.82,0.0
2024-01-01,SKU_0008,18.394481723454593,0,11.82,11.82
2024-01-02,SKU_0008,18.293177222960065,0,18.54,18.54
2024-01-03,SKU_0008,17.825153868616574,0,15.05,15.05
2024-01-04,SKU_0008,16.83097349935796,0,16.12,16.12
2024-01-05,SKU_0008,19.045041968727915,0,12.31,12.31
2024-01-06,SKU_0008,18.83057505454352,0,11.09,11.09
2024-01-07,SKU_0008,21.379225324366338,1,12.05,12.05
2024-01-08,SKU_0008,23.243623627947336,0,10.57,10.57
2024-01-09,SKU_0008,20.938363614138417,0,15.53,15.53
2024-01-10,SKU_0008,20.118220806710397,0,12.3,12.3
2024-01-11,SKU_0008,19.32661583674374,0,15.7,15.7
2024-01-12,SKU_0008,19.234247670973968,0,10.59,8.62
2024-01-13,SKU_0008,19.16476750917379,0,10.72,0.0
2024-01-14,SKU_0008,22.93921550603135,0,9.93,0.0
2024-01-15,SKU_0008,21.50346835592417,0,11.36,11.36
2024-01-16,SKU_0008,21.800925807847612,0,16.61,16.61
2024-01-17,SKU_0008,22.62245284227379,0,16.03,16.03
2024-01-18,SKU_0008,22.6203191870805,0,14.67,14.67
2024-01-19,SKU_0008,22.77035375779434,0,10.6,10.6
2024-01-20,SKU_0008,21.386735265396197,0,11.35,11.35
2024-01-21,SKU_0008,21.5238162392163,0,10.4,10.4
2024-01-22,SKU_0008,22.194488535262334,0,8.23,8.23
2024-01-23,SKU_0008,22.635059938613125,0,11.42,11.42
2024-01-24,SKU_0008,23.422850973005183,0,12.74,12.74
2024-01-25,SKU_0008,25.494648240269733,0,10.32,10.32
2024-01-26,SKU_0008,26.968959317107796,0,8.38,8.38
2024-01-27,SKU_0008,27.084570907179817,0,5.61,5.61
2024-01-28,SKU_0008,25.245772738763044,0,11.65,5.67
2024-01-29,SKU_0008,24.35308191659908,1,16.02,16.02
2024-01-30,SKU_0008,24.034265464981754,0,12.49,12.49
2024-01-31,SKU_0008,24.400931058389265,0,11.16,11.16
2024-02-01,SKU_0008,23.71057909856087,0,9.73,9.73
2024-02-02,SKU_0008,22.416052508783498,0,10.15,10.15
2024-02-03,SKU_0008,20.873604343670877,0,9.87,9.87
2024-02-04,SKU_0008,18.904778960768983,0,11.89,11.89
2024-02-05,SKU_0008,18.640147138894573,0,21.42,21.42
2024-02-06,SKU_0008,17.06684643153428,0,20.44,20.44
2024-02-07,SKU_0008,16.072443719611023,1,37.44,28.53
2024-02-08,SKU_0008,15.69703942630519,0,25.96,0.0
2024-02-09,SKU_0008,14.487947319625446,0,19.31,0.0
2024-02-10,SKU_0008,14.82184662595034,0,18.3,0.0
2024-02-11,SKU_0008,15.49497223798287,0,12.72,0.0
2024-02-12,SKU_0008,14.99249853546094,0,16.65,16.65
2024-02-13,SKU_0008,14.60448013083287,1,43.73,43.73
2024-02-14,SKU_0008,15.083088150458508,0,25.38,22.44
2024-02-15,SKU_0008,14.450578094433721,0,21.49,0.0
2024-02-16,SKU_0008,13.787610314476279,0,22.34,0.0
2024-02-17,SKU_0008,14.813816525267173,0,17.41,0.0
2024-02-18,SKU_0008,15.620928077373808,1,22.83,0.0
2024-02-19,SKU_0008,16.195032489289417,0,17.55,17.55
2024-02-20,SKU_0008,17.119929214462378,0,22.47,22.47
2024-02-21,SKU_0008,15.204729222411272,0,21.73,21.73
2024-02-22,SKU_0008,16.4913606254157,0,18.74,18.74
2024-02-23,SKU_0008,16.883897757493514,0,18.32,9.96
2024-02-24,SKU_0008,17.939540719024592,0,12.75,0.0
2024-02-25,SKU_0008,18.36114894804073,0,12.0,0.0
2024-02-26,SKU_0008,18.41512709501335,0,13.66,13.66
2024-02-27,SKU_0008,18.113434469642097,0,16.38,16.38
2024-02-28,SKU_0008,18.516876536467386,0,19.72,19.72
2024-02-29,SKU_0008,18.173739852838118,1,44.48,44.48
2024-03-01,SKU_0008,19.145165949508844,0,15.53,15.53
2024-03-02,SKU_0008,17.406833417232335,0,10.36,4.19
2024-03-03,SKU_0008,16.85029733345054,0,17.41,0.0
2024-03-04,SKU_0008,19.049820852369358,0,13.52,13.52
2024-03-05,SKU_0008,18.3474916372475,0,19.87,19.87
2024-03-06,SKU_0008,18.086609290290507,0,18.81,18.81
2024-03-07,SKU_0008,17.153753116022358,1,48.8,48.8
2024-03-08,SKU_0008,17.502920113316765,0,12.71,5.03
2024-03-09,SKU_0008,16.74654280420654,0,15.37,0.0
2024-03-10,SKU_0008,16.561076967808514,1,21.76,0.0
2024-03-11,SKU_0008,17.426415257526067,0,20.93,20.93
2024-03-12,SKU_0008,16.710902791433167,0,24.35,24.35
2024-03-13,SKU_0008,17.520612331394574,0,28.69,28.69
2024-03-14,SKU_0008,18.406645985302514,0,21.4,21.4
2024-03-15,SKU_0008,19.60940229097691,0,11.85,11.85
2024-03-16,SKU_0008,19.775456925987903,0,20.45,20.45
2024-03-17,SKU_0008,24.020728960369546,0,10.23,7.42
2024-03-18,SKU_0008,25.589681044922916,0,9.3,9.3
2024-03-19,SKU_0008,26.093385249912473,1,20.1,20.1
2024-03-20,SKU_0008,24.75744813924991,1,24.59,24.59
2024-03-21,SKU_0008,24.613690957403957,1,21.95,21.95
2024-03-22,SKU_0008,26.812882162234477,0,9.58,9.58
2024-03-23,SKU_0008,29.709133585449592,0,7.69,7.69
2024-03-24,SKU_0008,32.464730110718776,0,7.06,7.06
2024-03-25,SKU_0008,34.03079367660378,0,5.81,5.81
2024-03-26,SKU_0008,31.561126798461977,0,14.01,14.01
2024-03-27,SKU_0008,32.49726421469642,0,13.59,13.59
2024-03-28,SKU_0008,30.164681857675262,0,10.68,10.68
2024-03-29,SKU_0008,27.58917521667152,0,8.4,8.4
2024-03-30,SKU_0008,27.98792072936799,0,7.0,7.0
2024-03-31,SKU_0008,28.880452477575762,0,6.6,6.6
2024-04-01,SKU_0008,30.489050138990947,0,7.78,7.78
2024-04-02,SKU_0008,31.412182071621604,1,9.55,9.55
2024-04-03,SKU_0008,32.43022767773285,0,12.48,12.48
2024-04-04,SKU_0008,30.56977530772677,1,18.04,18.04
2024-04-05,SKU_0008,30.377833604599424,0,5.18,5.18
2024-04-06,SKU_0008,27.75139689727021,0,8.37,8.37
2024-04-07,SKU_0008,24.608306038768887,0,8.86,8.86
2024-04-08,SKU_0008,25.726525812293566,0,9.93,9.93
2024-04-09,SKU_0008,24.589883751956624,0,14.56,14.56
2024-04-10,SKU_0008,25.911452149011364,0,8.97,8.97
2024-04-11,SKU_0008,27.693172247956127,0,10.26,10.26
2024-04-12,SKU_0008,26.68300521878886,0,8.86,8.86
2024-04-13,SKU_0008,27.645017692042526,0,7.14,7.14
2024-04-14,SKU_0008,26.56982347677994,0,6.02,6.02
2024-04-15,SKU_0008,23.78424492585034,0,12.62,12.62
2024-04-16,SKU_0008,23.960866758785635,0,16.86,16.86
2024-04-17,SKU_0008,23.293387337911234,0,16.03,16.03
2024-04-18,SKU_0008,22.6863670687878,0,13.06,13.06
2024-04-19,SKU_0008,25.54099380327574,0,15.83,15.83
2024-04-20,SKU_0008,23.306524492794033,0,7.44,7.44
2024-04-21,SKU_0008,23.84812530414886,1,17.15,8.18
2024-04-22,SKU_0008,22.466317249057028,1,20.89,20.89
2024-04-23,SKU_0008,23.724608931631856,0,20.56,20.56
2024-04-24,SKU_0008,24.153244892305395,0,15.04,0.63
2024-04-25,SKU_0008,24.709292713392433,0,13.52,0.0
2024-04-26,SKU_0008,23.347409109202744,0,11.57,0.0
2024-04-27,SKU_0008,22.299198681168463,0,7.66,0.0
2024-04-28,SKU_0008,23.574975155777274,0,7.8,0.0
2024-04-29,SKU_0008,26.217670709476565,0,9.34,9.34
2024-04-30,SKU_0008,26.984216122712127,0,13.68,13.68
2024-05-01,SKU_0008,25.569669496309174,0,13.3,13.3
2024-05-02,SKU_0008,26.09498564839267,0,10.52,10.52
2024-05-03,SKU_0008,30.186400179748777,0,9.38,9.38
2024-05-04,SKU_0008,30.372477909374563,0,4.02,4.02
2024-05-05,SKU_0008,33.15678322882313,0,4.32,4.32
2024-05-06,SKU_0008,31.716198879809987,0,4.49,4.49
2024-05-07,SKU_0008,31.63621133808144,0,11.29,11.29
2024-05-08,SKU_0008,32.83438552049281,1,13.67,13.67
2024-05-09,SKU_0008,33.62655236353626,0,9.1,9.1
2024-05-10,SKU_0008,32.11530420388103,0,6.3,6.3
2024-05-11,SKU_0008,30.59270664353543,0,7.17,7.17
2024-05-12,SKU_0008,32.46162750946594,0,5.55,5.55
2024-05-13,SKU_0008,34.86738093681245,0,6.91,6.91
2024-05-14,SKU_0008,38.17879901743304,0,7.02,7.02
2024-05-15,SKU_0008,42.54303666559358,0,6.32,6.32
2024-05-16,SKU_0008,42.88805535338695,0,7.27,7.27
2024-05-17,SKU_0008,42.09468149909631,0,3.09,3.09
2024-05-18,SKU_0008,45.64896155675528,0,3.18,3.18
2024-05-19,SKU_0008,47.64439600615858,0,3.34,3.34
2024-05-20,SKU_0008,44.917060997070415,0,4.38,4.38
2024-05-21,SKU_0008,42.21601115361709,0,5.23,5.23
2024-05-22,SKU_0008,43.480622209132704,0,5.06,5.06
2024-05-23,SKU_0008,43.020592340419505,0,6.91,6.91
2024-05-24,SKU_0008,42.95242446641117,0,4.03,4.03
2024-05-25,SKU_0008,45.80737467658641,0,5.13,5.13
2024-05-26,SKU_0008,47.94177846270041,0,3.48,3.48
2024-05-27,SKU_0008,51.923927818984204,0,3.26,3.26
2024-05-28,SKU_0008,46.24195738779862,0,5.45,5.45
2024-05-29,SKU_0008,46.95038611360802,0,5.06,5.06
2024-05-30,SKU_0008,48.94869657282726,0,5.42,5.42
2024-05-31,SKU_0008,44.664436882471186,0,3.0,3.0
2024-06-01,SKU_0008,42.943437852428666,0,2.37,2.37
2024-06-02,SKU_0008,40.83153670456091,0,4.17,4.17
2024-06-03,SKU_0008,40.88472950272409,0,5.67,5.67
2024-06-04,SKU_0008,45.07951225914442,0,5.26,5.26
2024-06-05,SKU_0008,50.895943960229225,0,4.94,4.94
2024-06-06,SKU_0008,48.4690757295432,0,4.58,4.58
2024-06-07,SKU_0008,50.02482667954617,0,2.35,2.35
2024-06-08,SKU_0008,51.73048641431277,0,2.69,2.69
2024-06-09,SKU_0008,52.94771055286939,0,3.39,3.39
2024-06-10,SKU_0008,54.23050707661614,0,3.23,3.23
2024-06-11,SKU_0008,55.22789453582872,0,2.79,2.79
2024-06-12,SKU_0008,61.11286305709004,0,3.03,3.03
2024-06-13,SKU_0008,65.29205499264077,0,2.92,2.92
2024-06-14,SKU_0008,61.26821087809047,0,3.29,3.29
2024-06-15,SKU_0008,64.26430793286342,0,1.23,1.23
2024-06-16,SKU_0008,67.79895575716449,0,1.91,1.91
2024-06-17,SKU_0008,69.09240629076396,0,1.78,1.78
2024-06-18,SKU_0008,73.9456447186579,0,2.56,2.56
2024-06-19,SKU_0008,74.784805889946,0,2.66,2.66
2024-06-20,SKU_0008,75.6897537412235,0,1.97,1.97
2024-06-21,SKU_0008,76.24236127570512,0,1.86,1.86
2024-06-22,SKU_0008,67.54692795828912,0,2.07,2.07
2024-06-23,SKU_0008,67.2218727348958,0,1.7,1.7
2024-06-24,SKU_0008,64.5799277930573,0,1.77,1.77
2024-06-25,SKU_0008,60.14250133336538,0,4.07,4.07
2024-06-26,SKU_0008,65.54637226264018,1,5.27,5.27
2024-06-27,SKU_0008,67.55960982821588,0,2.66,2.66
2024-06-28,SKU_0008,67.43879540984821,0,1.66,1.66
2024-06-29,SKU_0008,65.191705906054,0,2.07,2.07
2024-06-30,SKU_0008,66.36052826528623,1,4.21,4.21
2024-07-01,SKU_0008,70.42783661592426,0,1.94,1.94
2024-07-02,SKU_0008,67.01863002907352,0,2.6,2.6
2024-07-03,SKU_0008,66.9992173874382,0,2.14,2.14
2024-07-04,SKU_0008,70.58127823105643,0,1.89,1.89
2024-07-05,SKU_0008,62.84081989999594,0,1.67,1.67
2024-07-06,SKU_0008,62.62413049391504,0,1.8,1.8
2024-07-07,SKU_0008,61.03168727034056,0,1.81,1.81
2024-07-08,SKU_0008,60.54357787976552,0,2.61,2.61
2024-07-09,SKU_0008,58.74850394296681,0,2.52,2.52
2024-07-10,SKU_0008,59.23562675731095,0,2.99,2.99
2024-07-11,SKU_0008,66.48263577750228,0,1.92,1.92
2024-07-12,SKU_0008,65.20299796941846,0,1.98,1.98
2024-07-13,SKU_0008,66.35426967819517,0,1.14,1.14
2024-07-14,SKU_0008,74.79065130767492,0,1.45,1.45
2024-07-15,SKU_0008,72.36277139926909,0,1.72,1.72
2024-07-16,SKU_0008,80.68659729575296,0,1.92,1.92
2024-07-17,SKU_0008,80.71237112888979,0,1.38,1.38
2024-07-18,SKU_0008,89.81981741185004,0,1.66,1.66
2024-07-19,SKU_0008,93.95516518152131,0,1.03,1.03
2024-07-20,SKU_0008,95.70247920066177,0,0.94,0.94
2024-07-21,SKU_0008,95.3263590991614,0,0.66,0.66
2024-07-22,SKU_0008,91.82309787168597,0,0.98,0.98
2024-07-23,SKU_0008,92.24161364383983,0,1.38,1.38
2024-07-24,SKU_0008,97.34419086088086,0,1.88,1.88
2024-07-25,SKU_0008,97.26764167642531,0,1.41,1.41
