data/raw/sales.csv
date,sku,price,promo,true_demand_qty,sales_qty
2024-07-26,SKU_0008,95.43725378847283,0,1.07,1.07
2024-07-27,SKU_0008,94.01196403182765,0,0.75,0.75
2024-07-28,SKU_0008,99.78028791434926,0,0.7,0.7
2024-07-29,SKU_0008,107.39142479083051,0,1.03,1.03
2024-07-30,SKU_0008,103.17755142151911,0,1.42,1.42
2024-07-31,SKU_0008,99.12047534422875,0,1.42,1.42
2024-08-01,SKU_0008,101.40248199577115,0,1.64,1.64
2024-08-02,SKU_0008,111.13542381213843,1,1.14,1.14
2024-08-03,SKU_0008,119.04587351097436,0,0.65,0.65
2024-08-04,SKU_0008,110.43176045902487,0,0.53,0.53
2024-08-05,SKU_0008,108.695807028383,0,0.98,0.98
2024-08-06,SKU_0008,102.79297419777707,0,1.63,1.63
2024-08-07,SKU_0008,101.15624027528843,0,1.05,1.05
2024-08-08,SKU_0008,111.37811508671798,0,1.18,1.18
2024-08-09,SKU_0008,102.26574985022356,1,1.93,1.93
2024-08-10,SKU_0008,92.79965278361603,0,0.77,0.77
2024-08-11,SKU_0008,88.29907651162921,0,1.1,1.1
2024-08-12,SKU_0008,89.83442782413842,0,1.66,1.66
2024-08-13,SKU_0008,93.24342758859032,0,1.43,1.43
2024-08-14,SKU_0008,95.72317962882728,0,1.6,1.6
2024-08-15,SKU_0008,102.71946223757377,0,0.77,0.77
2024-08-16,SKU_0008,92.40826928298009,0,1.16,1.16
2024-08-17,SKU_0008,99.23756890043202,0,0.87,0.87
2024-08-18,SKU_0008,97.39656490848748,0,0.65,0.36
2024-08-19,SKU_0008,101.76646208148817,0,0.82,0.82
2024-08-20,SKU_0008,93.99814754700442,0,1.5,1.5
2024-08-21,SKU_0008,94.02610692459155,0,1.3,1.3
2024-08-22,SKU_0008,95.36853699671299,0,1.5,1.5
2024-08-23,SKU_0008,102.21656874631205,0,0.93,0.93
2024-08-24,SKU_0008,92.94226631577008,0,0.86,0.86
2024-08-25,SKU_0008,93.11391732159586,0,0.86,0.41
2024-08-26,SKU_0008,87.24406566966027,0,1.29,1.29
2024-08-27,SKU_0008,89.93069392486166,0,1.63,1.63
2024-08-28,SKU_0008,94.22375239469115,0,1.5,1.5
2024-08-29,SKU_0008,101.78904780461059,1,1.58,1.58
2024-08-30,SKU_0008,98.57333073425077,0,1.16,0.24
2024-08-31,SKU_0008,104.21273458868657,0,0.8,0.0
2024-09-01,SKU_0008,113.07919682030405,0,0.72,0.0
2024-09-02,SKU_0008,102.46216534503621,0,0.97,0.97
2024-09-03,SKU_0008,106.29670705882293,0,1.19,1.19
2024-09-04,SKU_0008,112.58910834365834,0,0.71,0.71
2024-09-05,SKU_0008,110.85481798263694,0,0.98,0.98
2024-09-06,SKU_0008,103.08717448017747,0,1.16,1.16
2024-09-07,SKU_0008,109.0877200654387,0,0.68,0.68
2024-09-08,SKU_0008,101.51248543853674,0,0.78,0.78
2024-09-09,SKU_0008,100.43198317941523,0,0.86,0.86
2024-09-10,SKU_0008,100.19048966514038,0,1.28,1.28
2024-09-11,SKU_0008,104.58556641517252,0,1.09,1.09
2024-09-12,SKU_0008,100.72637279830857,0,1.38,1.38
2024-09-13,SKU_0008,96.67285396769648,0,0.76,0.76
2024-09-14,SKU_0008,97.24830641121788,0,0.7,0.7
2024-09-15,SKU_0008,103.30140696424151,0,0.66,0.66
2024-09-16,SKU_0008,118.49822674056924,0,1.09,1.09
2024-09-17,SKU_0008,108.2506232381022,0,0.99,0.99
2024-09-18,SKU_0008,110.3182803280375,1,1.49,1.49
2024-09-19,SKU_0008,103.35581438932647,0,0.67,0.67
2024-09-20,SKU_0008,109.87091957560628,0,0.62,0.62
2024-09-21,SKU_0008,103.85477670999656,0,0.76,0.76
2024-09-22,SKU_0008,99.73479892401139,0,0.86,0.62
2024-09-23,SKU_0008,96.27015952763026,0,0.89,0.89
2024-09-24,SKU_0008,95.83102310525113,0,1.08,1.08
2024-09-25,SKU_0008,97.70749986819418,0,1.79,1.79
2024-09-26,SKU_0008,100.58472467895461,0,1.81,1.81
2024-09-27,SKU_0008,100.54992307820503,0,1.07,0.94
2024-09-28,SKU_0008,92.83845036992335,0,1.1,0.0
2024-09-29,SKU_0008,96.98225841923774,0,1.15,0.0
2024-09-30,SKU_0008,96.67458444988377,0,1.57,1.57
2024-10-01,SKU_0008,103.65360579532948,0,1.02,1.02
2024-10-02,SKU_0008,99.34417137549389,0,1.01,1.01
2024-10-03,SKU_0008,90.2382880101804,0,1.78,1.78
2024-10-04,SKU_0008,90.05424904361685,0,0.82,0.09
2024-10-05,SKU_0008,97.33604932038948,0,0.61,0.0
2024-10-06,SKU_0008,98.28053049047887,0,0.65,0.0
2024-10-07,SKU_0008,97.11013603448265,0,0.98,0.98
2024-10-08,SKU_0008,92.16910027486585,0,0.87,0.87
2024-10-09,SKU_0008,102.42091342056433,0,0.87,0.87
2024-10-10,SKU_0008,96.28521425848518,0,1.0,1.0
2024-10-11,SKU_0008,92.18441791830683,0,0.76,0.76
2024-10-12,SKU_0008,95.39185190346852,0,0.97,0.97
2024-10-13,SKU_0008,85.3390310412016,0,0.98,0.98
2024-10-14,SKU_0008,92.12140839355006,0,1.22,1.22
2024-10-15,SKU_0008,95.63692118585762,0,1.35,1.35
2024-10-16,SKU_0008,100.93864072779381,0,1.14,1.14
2024-10-17,SKU_0008,104.3760074560619,0,1.23,1.23
2024-10-18,SKU_0008,103.3718234391392,0,0.9,0.9
2024-10-19,SKU_0008,96.98375611435998,0,0.72,0.29
2024-10-20,SKU_0008,96.17206926824892,0,0.59,0.0
2024-10-21,SKU_0008,90.70611696361571,0,1.25,1.25
2024-10-22,SKU_0008,93.39091915316888,0,1.0,1.0
2024-10-23,SKU_0008,98.02287845041494,0,1.35,1.35
2024-10-24,SKU_0008,107.10497441982696,0,1.0,1.0
2024-10-25,SKU_0008,109.52090905537327,0,0.58,0.58
2024-10-26,SKU_0008,115.7682100340527,0,0.63,0.63
2024-10-27,SKU_0008,113.72250547074485,0,0.68,0.68
2024-10-28,SKU_0008,110.505433333364,0,0.89,0.89
2024-10-29,SKU_0008,113.69108659676021,0,1.01,1.01
2024-10-30,SKU_0008,111.08510633545251,0,0.93,0.93
2024-10-31,SKU_0008,112.89382537958694,1,1.66,1.66
2024-11-01,SKU_0008,105.92976151304555,1,1.14,1.14
2024-11-02,SKU_0008,100.47195022395186,0,0.6,0.6
2024-11-03,SKU_0008,104.37635283231498,0,0.86,0.36
2024-11-04,SKU_0008,110.07968899075965,0,1.05,1.05
2024-11-05,SKU_0008,103.75840612716647,0,1.28,1.28
2024-11-06,SKU_0008,108.0184490823034,0,1.07,1.07
2024-11-07,SKU_0008,104.62033050000666,0,0.71,0.71
2024-11-08,SKU_0008,104.72398843765308,0,1.13,0.97
2024-11-09,SKU_0008,114.0166935711719,0,0.43,0.0
2024-11-10,SKU_0008,119.67671989428811,0,0.71,0.0
2024-11-11,SKU_0008,125.5302073759063,0,1.12,1.12
2024-11-12,SKU_0008,140.76246823212932,0,0.77,0.77
2024-11-13,SKU_0008,134.941464333194,0,0.87,0.87
2024-11-14,SKU_0008,127.19083397649803,0,0.87,0.87
2024-11-15,SKU_0008,121.79767326304561,1,1.15,1.15
2024-11-16,SKU_0008,119.95194316646433,0,0.96,0.96
2024-11-17,SKU_0008,104.14854028484176,0,0.66,0.66
2024-11-18,SKU_0008,102.86037210209066,0,0.82,0.82
2024-11-19,SKU_0008,99.55380123751338,1,1.88,1.88
2024-11-20,SKU_0008,104.34719996246007,1,2.77,2.73
2024-11-21,SKU_0008,106.57713153393979,0,0.94,0.0
2024-11-22,SKU_0008,102.80429837194274,0,0.98,0.0
2024-11-23,SKU_0008,106.50850230634741,0,0.9,0.0
2024-11-24,SKU_0008,111.23227688036235,0,0.85,0.0
2024-11-25,SKU_0008,106.21951532275443,0,1.19,1.19
2024-11-26,SKU_0008,103.12340694240893,0,1.62,1.62
2024-11-27,SKU_0008,90.23384744158903,0,1.64,1.64
2024-11-28,SKU_0008,84.51804036468701,0,1.39,1.25
2024-11-29,SKU_0008,80.83554914128743,0,1.35,0.0
2024-11-30,SKU_0008,81.19606650902908,0,1.03,0.0
2024-12-01,SKU_0008,76.7185739917976,0,2.12,0.0
2024-12-02,SKU_0008,74.39113072167552,0,1.5,1.5
2024-12-03,SKU_0008,69.11811710090505,0,2.46,2.46
2024-12-04,SKU_0008,69.83139662525723,0,1.7,1.7
2024-12-05,SKU_0008,71.63806685666148,0,2.03,1.29
2024-12-06,SKU_0008,73.38859291017098,0,1.45,0.0
2024-12-07,SKU_0008,73.4430430642794,0,1.5,0.0
2024-12-08,SKU_0008,66.9566772288007,0,1.84,0.0
2024-12-09,SKU_0008,64.51182768104833,0,2.8,2.8
2024-12-10,SKU_0008,62.95437020748762,0,3.42,3.42
2024-12-11,SKU_0008,61.44930111863371,0,2.79,1.14
2024-12-12,SKU_0008,61.72637652138844,0,2.08,0.0
2024-12-13,SKU_0008,67.23835328953257,0,1.52,0.0
2024-12-14,SKU_0008,70.59572504949229,0,1.51,0.0
2024-12-15,SKU_0008,66.53436121199763,0,1.71,0.0
2024-12-16,SKU_0008,69.29846089804693,1,3.27,3.27
2024-12-17,SKU_0008,72.01258091957563,1,3.17,3.17
2024-12-18,SKU_0008,68.61264110124903,0,3.29,3.29
2024-12-19,SKU_0008,72.19774016295077,0,1.53,1.32
2024-12-20,SKU_0008,71.50634217897941,0,1.49,0.0
2024-12-21,SKU_0008,65.70591409915629,0,1.3,0.0
2024-12-22,SKU_0008,67.525216213288,0,1.59,0.0
2024-12-23,SKU_0008,68.40998620111769,0,2.61,2.61
2024-12-24,SKU_0008,67.48181494188461,0,2.35,2.35
2024-12-25,SKU_0008,67.33034107154926,1,4.24,4.24
2024-12-26,SKU_0008,64.48714099328986,0,2.83,2.39
2024-12-27,SKU_0008,66.8916181273598,0,1.77,0.0
2024-12-28,SKU_0008,66.71745625426193,0,1.75,0.0
2024-12-29,SKU_0008,67.38709712485175,0,1.79,0.0
2024-12-30,SKU_0008,68.84668512897984,0,1.64,1.64
2024-01-01,SKU_0009,12.739609843314273,0,17.87,17.87
2024-01-02,SKU_0009,12.57504670240812,0,25.6,25.6
2024-01-03,SKU_0009,13.017291644172559,0,31.01,31.01
2024-01-04,SKU_0009,14.392641511356965,0,24.93,1.52
2024-01-05,SKU_0009,14.772143586910182,0,23.03,0.0
2024-01-06,SKU_0009,15.180551916815677,0,13.8,0.0
2024-01-07,SKU_0009,15.227439044341521,0,12.27,0.0
2024-01-08,SKU_0009,14.930790197328106,0,16.75,16.75
2024-01-09,SKU_0009,14.786246624118387,0,20.1,20.1
2024-01-10,SKU_0009,14.906882598773832,0,19.61,19.61
2024-01-11,SKU_0009,16.52557243123666,0,18.41,18.41
2024-01-12,SKU_0009,16.289589108321614,0,15.23,15.23
2024-01-13,SKU_0009,16.34109210185916,0,9.37,9.37
2024-01-14,SKU_0009,15.514270281125732,1,22.47,22.47
2024-01-15,SKU_0009,16.195900062754294,0,11.03,11.03
2024-01-16,SKU_0009,17.57994701620272,0,16.74,16.74
2024-01-17,SKU_0009,19.379750826728568,0,20.73,20.73
2024-01-18,SKU_0009,19.61766862499146,0,16.42,16.42
2024-01-19,SKU_0009,20.305501874374404,0,10.53,10.53
2024-01-20,SKU_0009,20.11928601541116,0,14.41,14.41
2024-01-21,SKU_0009,20.766891818980046,0,9.18,9.18
2024-01-22,SKU_0009,21.161804627815027,1,11.1,11.1
2024-01-23,SKU_0009,21.23591286325598,0,16.02,16.02
2024-01-24,SKU_0009,21.412159744019323,0,10.61,10.61
2024-01-25,SKU_0009,22.00070085722046,0,11.13,11.13
2024-01-26,SKU_0009,21.61581372900141,0,12.24,12.24
2024-01-27,SKU_0009,21.3035847437144,0,8.51,8.51
2024-01-28,SKU_0009,23.601660676452003,0,10.03,10.03
2024-01-29,SKU_0009,27.769821773106923,0,7.43,7.43
2024-01-30,SKU_0009,25.83390732356051,0,14.4,14.4
2024-01-31,SKU_0009,23.953623197752773,0,9.77,9.77
2024-02-01,SKU_0009,22.616741909661528,0,16.95,16.95
2024-02-02,SKU_0009,22.47701248428745,0,9.61,9.61
2024-02-03,SKU_0009,23.71813511488517,0,11.53,11.53
2024-02-04,SKU_0009,24.57464270026882,0,7.37,7.37
2024-02-05,SKU_0009,24.829612542280167,0,15.79,15.79
2024-02-06,SKU_0009,25.630245726777602,0,10.28,10.28
2024-02-07,SKU_0009,24.58774033621937,0,9.48,9.48
2024-02-08,SKU_0009,24.230219458540876,0,12.42,12.42
2024-02-09,SKU_0009,24.20102334353603,0,12.73,12.73
2024-02-10,SKU_0009,22.00658966772603,0,10.95,10.95
2024-02-11,SKU_0009,20.52540375611864,0,13.55,13.55
2024-02-12,SKU_0009,19.189617218577524,0,16.89,16.89
2024-02-13,SKU_0009,20.089872981244095,0,13.91,13.91
2024-02-14,SKU_0009,20.387809592398774,0,19.61,19.61
2024-02-15,SKU_0009,21.149173468794285,0,14.72,14.72
2024-02-16,SKU_0009,18.938966625672204,0,11.36,11.36
2024-02-17,SKU_0009,17.325987199899664,0,12.68,12.68
2024-02-18,SKU_0009,18.029340364466595,1,16.72,16.72
2024-02-19,SKU_0009,15.260690480978644,0,24.66,24.66
2024-02-20,SKU_0009,16.424235757414444,0,18.57,18.57
2024-02-21,SKU_0009,14.7222360222182,0,21.54,21.54
2024-02-22,SKU_0009,15.48636096736233,1,23.98,23.98
2024-02-23,SKU_0009,14.68232840755576,0,25.41,25.41
2024-02-24,SKU_0009,15.636045289075106,0,12.15,12.15
2024-02-25,SKU_0009,18.955014221087016,0,15.57,6.79
2024-02-26,SKU_0009,16.53828244029349,0,14.06,14.06
2024-02-27,SKU_0009,17.24290009899573,0,21.9,21.9
2024-02-28,SKU_0009,15.470124423961837,0,24.39,24.39
2024-02-29,SKU_0009,15.871369771302662,0,25.73,25.73
2024-03-01,SKU_0009,15.67568072474334,0,20.4,20.4
2024-03-02,SKU_0009,15.798222794404202,0,14.05,14.05
2024-03-03,SKU_0009,14.95725214846848,0,14.01,2.21
2024-03-04,SKU_0009,15.674398966355977,0,25.58,25.58
2024-03-05,SKU_0009,14.369778300783077,1,28.88,28.88
2024-03-06,SKU_0009,15.481186427458923,0,14.83,14.83
2024-03-07,SKU_0009,15.105674824757811,0,14.75,14.75
2024-03-08,SKU_0009,13.886387569966105,0,13.63,13.63
2024-03-09,SKU_0009,15.280924077486274,0,16.27,16.27
2024-03-10,SKU_0009,15.219305170853268,1,32.54,32.54
2024-03-11,SKU_0009,17.064885236287164,0,11.32,11.32
2024-03-12,SKU_0009,18.362384013668397,0,16.12,16.12
2024-03-13,SKU_0009,17.503755934240925,0,21.02,21.02
2024-03-14,SKU_0009,17.414724685662787,0,25.23,25.23
2024-03-15,SKU_0009,17.54165557514098,0,12.64,12.64
2024-03-16,SKU_0009,19.223943570015756,0,12.83,12.83
2024-03-17,SKU_0009,19.735274648471815,0,11.22,11.22
2024-03-18,SKU_0009,19.945133587028543,0,24.45,24.45
2024-03-19,SKU_0009,19.707364687338984,0,18.1,18.1
2024-03-20,SKU_0009,19.647674509277923,0,19.72,19.72
2024-03-21,SKU_0009,21.247399488473956,1,20.73,20.73
2024-03-22,SKU_0009,21.25212375772508,0,11.16,11.16
2024-03-23,SKU_0009,20.754373501800973,0,12.76,12.76
2024-03-24,SKU_0009,20.063185443242887,0,9.23,9.23
2024-03-25,SKU_0009,19.407520711190976,0,10.04,10.04
2024-03-26,SKU_0009,17.841637244025588,0,19.02,19.02
2024-03-27,SKU_0009,17.056176193247037,1,34.06,34.06
2024-03-28,SKU_0009,18.660660563178133,0,15.43,15.43
2024-03-29,SKU_0009,18.430771632939685,0,14.67,14.67
2024-03-30,SKU_0009,19.226438542068863,0,8.98,8.98
2024-03-31,SKU_0009,16.56945513293248,0,17.66,17.66
2024-04-01,SKU_0009,17.14419490302389,0,19.5,19.5
2024-04-02,SKU_0009,16.97902000290015,0,20.75,20.75
2024-04-03,SKU_0009,16.495573349371238,0,22.93,22.93
2024-04-04,SKU_0009,16.67565148329558,0,14.78,14.78
2024-04-05,SKU_0009,16.186865556531608,0,12.37,12.37
2024-04-06,SKU_0009,14.25015309377101,0,15.35,15.35
2024-04-07,SKU_0009,15.06090820830546,0,17.49,17.49
2024-04-08,SKU_0009,15.282120957589822,0,21.61,21.61
2024-04-09,SKU_0009,14.996952787212825,0,21.88,21.88
2024-04-10,SKU_0009,14.152282388485231,1,40.85,40.85
2024-04-11,SKU_0009,12.957625540296869,0,33.82,33.82
2024-04-12,SKU_0009,13.132867035300713,0,19.82,19.82
2024-04-13,SKU_0009,14.467785377533097,0,16.42,16.42
2024-04-14,SKU_0009,14.64522682377148,0,15.54,15.54
2024-04-15,SKU_0009,13.479213686645068,1,28.97,28.97
2024-04-16,SKU_0009,13.662512597530105,0,26.76,26.76
2024-04-17,SKU_0009,13.618854566638085,0,37.93,37.93
2024-04-18,SKU_0009,14.343513446585186,0,27.31,27.31
2024-04-19,SKU_0009,14.875295340054866,0,20.74,20.74
2024-04-20,SKU_0009,12.435464788276759,0,16.45,14.82
2024-04-21,SKU_0009,12.849012835463085,1,20.9,0.0
2024-04-22,SKU_0009,12.09821863693891,0,26.46,26.46
2024-04-23,SKU_0009,11.108987853321107,0,41.04,41.04
2024-04-24,SKU_0009,10.984070562563629,0,47.51,47.51
2024-04-25,SKU_0009,11.258285642361724,0,17.87,17.87
2024-04-26,SKU_0009,10.20278051337554,0,42.45,42.45
2024-04-27,SKU_0009,10.643345567396377,0,22.92,22.92
2024-04-28,SKU_0009,11.142149824907994,0,25.59,20.59
2024-04-29,SKU_0009,11.173599074113206,0,18.64,18.64
2024-04-30,SKU_0009,10.606811110196562,0,31.77,31.77
2024-05-01,SKU_0009,10.001485901250286,0,43.42,43.42
2024-05-02,SKU_0009,10.636479977290968,1,32.83,32.83
2024-05-03,SKU_0009,9.714467204726018,0,15.23,15.23
2024-05-04,SKU_0009,10.355155031947211,0,22.98,22.98
2024-05-05,SKU_0009,10.253022261328383,0,22.83,22.83
2024-05-06,SKU_0009,10.194235840822433,0,38.41,38.41
2024-05-07,SKU_0009,9.201230127096286,0,37.09,37.09
2024-05-08,SKU_0009,9.120587189032383,0,39.46,39.46
2024-05-09,SKU_0009,9.462620164795641,0,39.49,39.49
2024-05-10,SKU_0009,8.733486957219235,0,36.92,36.92
2024-05-11,SKU_0009,8.998724674846779,0,21.37,21.37
2024-05-12,SKU_0009,9.0469130467856,0,31.4,31.4
2024-05-13,SKU_0009,8.704135546513765,0,30.27,30.27
2024-05-14,SKU_0009,9.162129667188637,0,38.09,38.09
2024-05-15,SKU_0009,8.028062707017959,0,51.85,51.85
2024-05-16,SKU_0009,8.196802071036675,0,46.71,46.71
2024-05-17,SKU_0009,9.033231773345063,0,30.44,30.44
2024-05-18,SKU_0009,9.848378129246372,0,17.77,17.77
2024-05-19,SKU_0009,10.081430708410796,0,15.71,15.71
2024-05-20,SKU_0009,9.900589901363828,0,27.81,27.81
2024-05-21,SKU_0009,9.530014011995481,0,43.54,43.54
2024-05-22,SKU_0009,9.35836541729359,0,41.51,41.51
2024-05-23,SKU_0009,9.668750385496494,1,46.26,46.26
2024-05-24,SKU_0009,9.211608175209316,0,27.48,27.48
2024-05-25,SKU_0009,9.639891717790785,0,23.61,23.61
2024-05-26,SKU_0009,10.95613427366306,0,16.85,16.85
2024-05-27,SKU_0009,10.915529640692924,0,29.91,29.91
2024-05-28,SKU_0009,10.069618535587452,0,39.37,39.37
2024-05-29,SKU_0009,9.289067211325072,0,35.0,35.0
2024-05-30,SKU_0009,9.732123092506532,0,34.69,34.69
2024-05-31,SKU_0009,9.69729811949505,0,18.16,18.16
2024-06-01,SKU_0009,10.221130101316309,0,21.23,21.23
2024-06-02,SKU_0009,9.89905305089566,0,21.88,21.88
2024-06-03,SKU_0009,10.404896513922141,0,33.99,33.99
2024-06-04,SKU_0009,10.306539158892235,0,30.58,30.58
2024-06-05,SKU_0009,9.863374192502514,0,41.15,41.15
2024-06-06,SKU_0009,9.628894402038446,0,29.16,29.16
2024-06-07,SKU_0009,8.961567449197682,1,23.36,23.36
2024-06-08,SKU_0009,10.097690392912776,1,26.29,26.29
2024-06-09,SKU_0009,10.03946488879882,0,22.57,22.57
2024-06-10,SKU_0009,10.435303868562233,0,26.6,26.6
2024-06-11,SKU_0009,10.104516602589381,0,32.9,32.9
2024-06-12,SKU_0009,9.486472561501827,0,31.9,31.9
2024-06-13,SKU_0009,9.354280184426432,0,29.84,29.84
2024-06-14,SKU_0009,9.99320702125659,0,19.0,19.0
2024-06-15,SKU_0009,9.685807374761877,0,13.95,13.95
2024-06-16,SKU_0009,9.192884293613604,1,30.87,30.87
2024-06-17,SKU_0009,9.27903535988494,0,24.64,24.64
2024-06-18,SKU_0009,9.561063342280427,0,40.98,40.98
2024-06-19,SKU_0009,10.55151909159407,0,19.93,19.93
2024-06-20,SKU_0009,10.777869031628581,0,28.39,28.39
2024-06-21,SKU_0009,11.202471557080948,0,31.51,31.51
2024-06-22,SKU_0009,11.696515102049409,0,16.05,16.05
2024-06-23,SKU_0009,10.91469471163963,1,25.68,25.68
2024-06-24,SKU_0009,10.301712007731894,0,27.25,27.25
2024-06-25,SKU_0009,9.65307307854095,0,35.33,35.33
2024-06-26,SKU_0009,8.911544518104847,0,33.22,33.22
2024-06-27,SKU_0009,9.347184411963495,0,24.88,24.88
2024-06-28,SKU_0009,9.51127722629679,0,27.29,27.29
2024-06-29,SKU_0009,9.556752138042834,0,13.75,13.75
2024-06-30,SKU_0009,8.179941049302746,0,29.75,29.75
2024-07-01,SKU_0009,9.25360823959459,0,25.31,25.31
2024-07-02,SKU_0009,8.770179162281439,0,34.54,34.54
2024-07-03,SKU_0009,9.919137783428868,0,28.28,28.28
2024-07-04,SKU_0009,9.093060240809592,0,40.73,40.73
2024-07-05,SKU_0009,8.660456563765699,0,27.14,27.14
2024-07-06,SKU_0009,7.5882157082832515,0,23.55,23.55
2024-07-07,SKU_0009,7.7548928355682625,0,24.26,24.26
2024-07-08,SKU_0009,7.2590471127205385,0,33.55,33.55
2024-07-09,SKU_0009,6.806435483634746,0,71.19,71.19
2024-07-10,SKU_0009,6.268378484304121,0,38.32,38.32
