data/raw/sales.csv
date,sku,price,promo,true_demand_qty,sales_qty
2024-07-11,SKU_0009,6.567669229851765,0,52.34,52.34
2024-07-12,SKU_0009,6.854098737108967,0,36.17,36.17
2024-07-13,SKU_0009,7.6413085338569635,1,44.76,44.76
2024-07-14,SKU_0009,7.333306204620048,0,30.54,30.54
2024-07-15,SKU_0009,7.430221185821777,0,32.92,32.92
2024-07-16,SKU_0009,6.877089438678618,0,52.17,52.17
2024-07-17,SKU_0009,6.740224104976377,0,47.17,47.17
2024-07-18,SKU_0009,6.533628502951905,0,48.09,48.09
2024-07-19,SKU_0009,6.718261750677721,0,42.82,42.82
2024-07-20,SKU_0009,7.14098528126386,0,25.97,0.73
2024-07-21,SKU_0009,7.578495998296929,0,23.31,0.0
2024-07-22,SKU_0009,7.204789595970475,0,29.16,29.16
2024-07-23,SKU_0009,7.649605675319897,0,40.58,40.58
2024-07-24,SKU_0009,7.629398377445653,1,43.75,43.75
2024-07-25,SKU_0009,7.482247231016439,0,32.6,32.6
2024-07-26,SKU_0009,7.170837755882544,0,24.16,24.16
2024-07-27,SKU_0009,6.933927156536404,0,28.43,28.43
2024-07-28,SKU_0009,7.6980355483622285,0,20.97,20.97
2024-07-29,SKU_0009,7.84134063189924,0,22.89,22.89
2024-07-30,SKU_0009,7.9239239357033835,0,27.94,27.94
2024-07-31,SKU_0009,7.800218281005343,0,32.81,32.81
2024-08-01,SKU_0009,9.033233926717115,0,25.4,25.4
2024-08-02,SKU_0009,9.76897027683225,0,21.7,21.7
2024-08-03,SKU_0009,9.355340317247203,0,17.68,17.68
2024-08-04,SKU_0009,9.20300843030523,0,21.22,21.22
2024-08-05,SKU_0009,9.085463886898154,0,27.09,27.09
2024-08-06,SKU_0009,9.165331767073278,0,33.89,33.89
2024-08-07,SKU_0009,8.787713216292778,0,21.64,21.64
2024-08-08,SKU_0009,9.02215764140673,0,21.85,21.85
2024-08-09,SKU_0009,9.843475006184208,0,22.37,22.37
2024-08-10,SKU_0009,9.097422332350002,0,19.2,19.2
2024-08-11,SKU_0009,8.50200747371717,0,25.5,25.5
2024-08-12,SKU_0009,8.259076650844642,0,19.68,19.68
2024-08-13,SKU_0009,8.045436707497975,0,29.87,29.87
2024-08-14,SKU_0009,9.070369613873154,0,28.28,28.28
2024-08-15,SKU_0009,9.632237712844072,0,25.87,25.87
2024-08-16,SKU_0009,10.193751238453705,1,25.74,25.74
2024-08-17,SKU_0009,10.033334177950694,0,17.86,17.86
2024-08-18,SKU_0009,9.862445526492222,0,17.17,17.17
2024-08-19,SKU_0009,9.039752882598567,1,42.5,42.5
2024-08-20,SKU_0009,9.473858338383742,0,37.99,37.99
2024-08-21,SKU_0009,9.75714198372914,0,21.79,21.79
2024-08-22,SKU_0009,10.539808455934162,0,22.52,22.52
2024-08-23,SKU_0009,10.407321897960257,0,21.29,21.29
2024-08-24,SKU_0009,10.319164921431648,0,17.42,17.42
2024-08-25,SKU_0009,10.424987514424792,1,20.28,20.28
2024-08-26,SKU_0009,10.998065839414549,0,20.06,20.06
2024-08-27,SKU_0009,10.06945402444807,0,18.19,18.19
2024-08-28,SKU_0009,10.524120943322625,0,24.63,24.63
2024-08-29,SKU_0009,10.511187031080139,0,16.44,16.44
2024-08-30,SKU_0009,9.86429710407355,0,20.92,20.92
2024-08-31,SKU_0009,8.704547065119032,0,14.62,14.62
2024-09-01,SKU_0009,8.633561580437286,0,20.21,20.21
2024-09-02,SKU_0009,9.417031359085172,0,23.6,23.6
2024-09-03,SKU_0009,10.412437203280293,0,24.11,24.11
2024-09-04,SKU_0009,10.636841083854009,0,21.24,21.24
2024-09-05,SKU_0009,11.96569599662573,0,18.15,18.15
2024-09-06,SKU_0009,11.934906481046603,0,19.3,19.3
2024-09-07,SKU_0009,12.63746275510096,0,11.16,11.16
2024-09-08,SKU_0009,12.299908014258536,0,13.34,13.34
2024-09-09,SKU_0009,11.92593992622835,0,15.23,15.23
2024-09-10,SKU_0009,11.45086538322177,0,26.03,26.03
2024-09-11,SKU_0009,10.119189478934603,0,25.53,25.53
2024-09-12,SKU_0009,10.931615606684138,0,17.69,17.69
2024-09-13,SKU_0009,10.51876872264536,0,17.27,17.27
2024-09-14,SKU_0009,10.024928410809162,0,14.66,14.66
2024-09-15,SKU_0009,9.339722409641496,0,23.28,23.28
2024-09-16,SKU_0009,9.225902019257656,0,21.96,21.96
2024-09-17,SKU_0009,10.25560621271815,0,17.94,17.94
2024-09-18,SKU_0009,11.628409917459045,0,23.78,23.78
2024-09-19,SKU_0009,10.52548250419464,0,30.45,30.45
2024-09-20,SKU_0009,10.304001782860343,0,22.25,22.25
2024-09-21,SKU_0009,9.683959686624142,0,12.72,12.72
2024-09-22,SKU_0009,10.275589599218504,0,15.0,15.0
2024-09-23,SKU_0009,10.453812594933504,1,25.96,25.96
2024-09-24,SKU_0009,10.062066829820479,0,23.94,23.94
2024-09-25,SKU_0009,10.1059764713967,0,26.84,26.84
2024-09-26,SKU_0009,9.820596475433911,0,21.32,21.32
2024-09-27,SKU_0009,10.819354645686662,0,13.8,13.8
2024-09-28,SKU_0009,11.18031002835316,0,16.42,16.42
2024-09-29,SKU_0009,11.638791375815583,0,11.05,11.05
2024-09-30,SKU_0009,9.917774531416931,0,17.36,17.36
2024-10-01,SKU_0009,9.87811035456279,0,19.52,19.52
2024-10-02,SKU_0009,11.193283280999387,0,25.21,25.21
2024-10-03,SKU_0009,12.120298821220201,0,18.67,18.67
2024-10-04,SKU_0009,10.848819371706233,0,19.73,19.73
2024-10-05,SKU_0009,10.646707723682733,0,12.23,12.23
2024-10-06,SKU_0009,9.906187307549311,0,12.8,12.8
2024-10-07,SKU_0009,10.977257538794163,0,16.78,16.78
2024-10-08,SKU_0009,11.139332717735357,0,20.82,20.82
2024-10-09,SKU_0009,10.637809614868459,1,33.3,33.3
2024-10-10,SKU_0009,10.6596339134374,0,15.01,15.01
2024-10-11,SKU_0009,9.115918256660354,0,21.97,21.97
2024-10-12,SKU_0009,8.541396048121658,0,15.19,15.19
2024-10-13,SKU_0009,8.56009330034297,0,16.95,16.95
2024-10-14,SKU_0009,9.005645079586763,0,28.77,28.77
2024-10-15,SKU_0009,8.0154647109636,0,19.9,19.9
2024-10-16,SKU_0009,7.834236675237658,0,35.06,35.06
2024-10-17,SKU_0009,8.323514573923907,0,29.32,29.32
2024-10-18,SKU_0009,7.6293098643596435,0,20.62,20.62
2024-10-19,SKU_0009,7.734944903690632,0,18.6,18.6
2024-10-20,SKU_0009,7.765624133833321,0,27.54,27.54
2024-10-21,SKU_0009,8.606946849808384,0,35.66,35.66
2024-10-22,SKU_0009,8.488917411576537,0,36.2,36.2
2024-10-23,SKU_0009,8.40196362095958,0,44.94,44.94
2024-10-24,SKU_0009,8.844210181265275,0,22.69,22.69
2024-10-25,SKU_0009,8.167657173161253,0,16.65,16.65
2024-10-26,SKU_0009,8.060125407530448,0,19.48,19.48
2024-10-27,SKU_0009,7.842719231613705,0,25.37,25.37
2024-10-28,SKU_0009,7.7776241022181996,0,18.73,18.73
2024-10-29,SKU_0009,8.183789383543122,0,25.59,25.59
2024-10-30,SKU_0009,8.46047215440715,0,26.33,26.33
2024-10-31,SKU_0009,8.08882956435626,0,31.18,31.18
2024-11-01,SKU_0009,8.155446579124819,0,24.28,24.28
2024-11-02,SKU_0009,8.918363742344035,0,15.36,15.36
2024-11-03,SKU_0009,8.484411604271074,0,20.91,20.91
2024-11-04,SKU_0009,8.558633655293255,0,19.8,19.8
2024-11-05,SKU_0009,8.460014749768108,0,27.73,27.73
2024-11-06,SKU_0009,8.428093721531894,0,24.55,24.55
2024-11-07,SKU_0009,7.642548790028558,0,30.41,30.41
2024-11-08,SKU_0009,8.317626436535148,0,19.68,19.68
2024-11-09,SKU_0009,7.940020173574639,0,23.7,23.7
2024-11-10,SKU_0009,8.444202694162925,0,20.52,20.52
2024-11-11,SKU_0009,8.135177321045328,1,34.56,34.56
2024-11-12,SKU_0009,7.835520126602784,0,47.5,47.5
2024-11-13,SKU_0009,8.427116435471955,0,34.78,34.78
2024-11-14,SKU_0009,8.94493750058046,0,25.11,25.11
2024-11-15,SKU_0009,9.057631697082186,0,19.14,19.14
2024-11-16,SKU_0009,9.480875997369917,0,13.77,13.77
2024-11-17,SKU_0009,9.318144770918712,0,18.7,18.7
2024-11-18,SKU_0009,9.313467699108404,0,25.13,25.13
2024-11-19,SKU_0009,8.950988998051413,0,20.15,20.15
2024-11-20,SKU_0009,9.44993559100159,0,22.16,22.16
2024-11-21,SKU_0009,9.064839384476302,0,24.53,24.53
2024-11-22,SKU_0009,9.909684452783146,0,16.03,16.03
2024-11-23,SKU_0009,9.723663555309288,0,17.49,17.49
2024-11-24,SKU_0009,9.735636022531754,0,19.16,19.16
2024-11-25,SKU_0009,10.1890809471431,0,21.42,21.42
2024-11-26,SKU_0009,10.203680788306881,0,29.35,29.35
2024-11-27,SKU_0009,10.022915465314098,0,24.88,24.88
2024-11-28,SKU_0009,10.004876369306299,0,24.82,24.82
2024-11-29,SKU_0009,10.556076991953088,1,21.13,21.13
2024-11-30,SKU_0009,10.14448876246385,0,17.95,17.95
2024-12-01,SKU_0009,10.067942423731363,0,18.52,18.52
2024-12-02,SKU_0009,10.074158312482364,0,17.89,17.89
2024-12-03,SKU_0009,10.610548776795186,0,25.02,25.02
2024-12-04,SKU_0009,10.547173944271469,0,26.91,26.91
2024-12-05,SKU_0009,11.755907698949578,0,22.87,22.87
2024-12-06,SKU_0009,11.646009422184889,0,18.78,18.78
2024-12-07,SKU_0009,11.481104122207979,0,13.18,13.18
2024-12-08,SKU_0009,11.363888325046803,1,25.89,25.89
2024-12-09,SKU_0009,10.500702410275712,0,24.74,24.74
2024-12-10,SKU_0009,9.867421176577405,0,24.7,24.7
2024-12-11,SKU_0009,9.558191418041764,0,24.54,24.54
2024-12-12,SKU_0009,10.23228909499447,0,22.54,22.54
2024-12-13,SKU_0009,10.211971967515808,0,15.46,15.46
2024-12-14,SKU_0009,9.919297506827688,0,18.99,18.99
2024-12-15,SKU_0009,10.676810938541257,0,22.79,22.79
2024-12-16,SKU_0009,11.718219064580335,0,27.01,27.01
2024-12-17,SKU_0009,12.634962378957857,0,18.11,18.11
2024-12-18,SKU_0009,12.004509411321033,0,29.05,29.05
2024-12-19,SKU_0009,11.653044149487537,1,31.51,31.51
2024-12-20,SKU_0009,12.992751310931409,0,10.2,10.2
2024-12-21,SKU_0009,13.182101888978933,0,12.92,12.92
2024-12-22,SKU_0009,12.972119079147369,0,13.72,13.72
2024-12-23,SKU_0009,13.543452846428039,0,22.77,22.77
2024-12-24,SKU_0009,14.387232622053247,0,16.89,16.89
2024-12-25,SKU_0009,13.902298908674767,0,24.36,24.36
2024-12-26,SKU_0009,14.086552418235085,0,18.79,18.79
2024-12-27,SKU_0009,14.891851992638427,0,10.94,10.94
2024-12-28,SKU_0009,13.890386587984965,0,11.99,11.99
2024-12-29,SKU_0009,13.90067939017016,0,19.4,19.4
2024-12-30,SKU_0009,13.001624832280772,0,18.47,18.47
2024-01-01,SKU_0010,18.153727991752863,0,36.71,36.71
2024-01-02,SKU_0010,17.522211618684235,0,45.26,45.26
2024-01-03,SKU_0010,17.37534564030417,0,36.77,36.77
2024-01-04,SKU_0010,16.276084096232417,0,29.86,29.86
2024-01-05,SKU_0010,17.722431612310128,1,27.42,1.4
2024-01-06,SKU_0010,18.144746978605205,0,31.51,31.51
2024-01-07,SKU_0010,17.390597705045014,0,27.15,27.15
2024-01-08,SKU_0010,17.271580374289197,0,23.4,23.4
2024-01-09,SKU_0010,17.807886902347875,0,45.37,45.37
2024-01-10,SKU_0010,17.542005320036335,0,28.5,28.5
2024-01-11,SKU_0010,16.988388333972743,0,31.97,31.97
2024-01-12,SKU_0010,16.334405503206188,0,32.28,32.28
2024-01-13,SKU_0010,16.670011127783994,0,43.77,43.77
2024-01-14,SKU_0010,16.31570445608952,0,34.0,34.0
2024-01-15,SKU_0010,15.877494137434487,0,33.68,33.68
2024-01-16,SKU_0010,14.654375182614315,0,48.78,48.78
2024-01-17,SKU_0010,14.722800885472097,0,60.54,60.54
2024-01-18,SKU_0010,14.563581088661088,1,73.58,73.58
2024-01-19,SKU_0010,14.285214702551368,1,43.41,43.41
2024-01-20,SKU_0010,14.456603591934456,0,30.18,30.18
2024-01-21,SKU_0010,15.120197637260667,0,27.15,27.15
2024-01-22,SKU_0010,15.770251837159625,0,43.6,43.6
2024-01-23,SKU_0010,16.302020876542137,0,54.21,54.21
2024-01-24,SKU_0010,16.06830765804351,0,31.76,31.76
2024-01-25,SKU_0010,15.530859240409159,0,40.09,40.09
2024-01-26,SKU_0010,14.587923442134342,0,29.39,29.39
2024-01-27,SKU_0010,14.077878075243813,0,34.14,34.14
2024-01-28,SKU_0010,14.094485762208857,0,27.55,27.55
2024-01-29,SKU_0010,13.444989017829194,0,35.55,35.55
2024-01-30,SKU_0010,13.522701980088566,0,69.04,69.04
2024-01-31,SKU_0010,12.761623464336871,0,59.25,59.25
2024-02-01,SKU_0010,11.551126760490936,0,60.24,60.24
2024-02-02,SKU_0010,12.133222538400304,0,50.82,50.82
2024-02-03,SKU_0010,11.79272102399473,0,49.65,49.65
2024-02-04,SKU_0010,11.215092990621347,0,42.35,42.35
2024-02-05,SKU_0010,10.502671265955236,1,69.15,69.15
2024-02-06,SKU_0010,10.772663733173152,0,66.41,66.41
2024-02-07,SKU_0010,11.699033742252706,0,85.06,85.06
2024-02-08,SKU_0010,11.419493150225463,0,61.98,61.98
2024-02-09,SKU_0010,11.272746721741058,0,48.46,48.46
2024-02-10,SKU_0010,12.021370350982654,0,44.05,44.05
2024-02-11,SKU_0010,10.783952896483909,0,70.47,70.47
2024-02-12,SKU_0010,12.134726548731138,0,54.37,54.37
2024-02-13,SKU_0010,14.051333790287746,1,63.05,63.05
2024-02-14,SKU_0010,11.94529015264015,0,100.4,100.4
2024-02-15,SKU_0010,11.875611905375857,0,79.83,79.83
2024-02-16,SKU_0010,11.374227558142193,0,65.49,65.49
2024-02-17,SKU_0010,11.194960809169194,0,40.42,40.42
2024-02-18,SKU_0010,10.917430551229277,0,43.41,43.41
2024-02-19,SKU_0010,11.462332115146188,0,40.07,40.07
2024-02-20,SKU_0010,11.385174158798028,0,84.62,84.62
2024-02-21,SKU_0010,10.779622688075891,0,78.35,78.35
2024-02-22,SKU_0010,10.66883051228006,0,48.59,48.59
2024-02-23,SKU_0010,11.003501147607341,0,69.03,69.03
2024-02-24,SKU_0010,10.249103400498118,0,46.57,46.57
2024-02-25,SKU_0010,9.285148677191732,0,56.6,56.6
2024-02-26,SKU_0010,10.464418365710722,0,47.75,47.75
2024-02-27,SKU_0010,10.068735970440603,0,89.02,89.02
2024-02-28,SKU_0010,9.986098694843015,0,93.77,93.77
2024-02-29,SKU_0010,9.750575130376728,0,76.95,76.95
2024-03-01,SKU_0010,10.076555956174245,0,55.54,55.54
2024-03-02,SKU_0010,11.20745216182897,0,77.31,77.31
2024-03-03,SKU_0010,11.604291181386207,0,36.87,36.87
2024-03-04,SKU_0010,10.593843709570232,0,55.78,55.78
2024-03-05,SKU_0010,9.749594015064375,0,97.22,97.22
2024-03-06,SKU_0010,9.518980551498222,0,73.64,73.64
2024-03-07,SKU_0010,9.367008354839678,0,65.89,65.89
2024-03-08,SKU_0010,8.447551955592106,0,92.49,92.49
2024-03-09,SKU_0010,8.873214616997213,0,67.03,67.03
2024-03-10,SKU_0010,8.313310556091682,1,90.86,90.86
2024-03-11,SKU_0010,9.092555533376565,0,79.48,79.48
2024-03-12,SKU_0010,10.14208868124933,0,70.95,70.95
2024-03-13,SKU_0010,9.992139654304658,0,81.98,81.98
2024-03-14,SKU_0010,10.258812658591445,0,73.58,73.58
2024-03-15,SKU_0010,9.527861296048167,0,77.21,77.21
2024-03-16,SKU_0010,9.891154313349901,0,57.87,57.87
2024-03-17,SKU_0010,9.599867618317178,0,48.54,48.54
2024-03-18,SKU_0010,8.99361777190276,0,91.35,91.35
2024-03-19,SKU_0010,8.838835083041575,0,67.96,67.96
2024-03-20,SKU_0010,8.595254163842466,0,95.68,95.68
2024-03-21,SKU_0010,8.429189691129565,0,73.94,73.94
2024-03-22,SKU_0010,8.92343925972786,0,59.22,59.22
2024-03-23,SKU_0010,8.512732500663311,0,92.28,92.28
2024-03-24,SKU_0010,9.446689512020804,0,44.48,44.48
2024-03-25,SKU_0010,8.724723577919484,0,68.66,68.66
2024-03-26,SKU_0010,9.612714049032196,1,117.19,117.19
2024-03-27,SKU_0010,9.043949449909707,0,88.12,88.12
2024-03-28,SKU_0010,9.043399649191624,0,89.03,89.03
2024-03-29,SKU_0010,8.7812907253737,0,95.38,95.38
2024-03-30,SKU_0010,8.602042576860699,0,70.87,70.87
2024-03-31,SKU_0010,9.025745621773144,0,57.17,57.17
2024-04-01,SKU_0010,9.875636120823193,0,68.93,68.93
2024-04-02,SKU_0010,10.606873223613519,0,87.1,87.1
2024-04-03,SKU_0010,10.352321854990933,0,94.98,94.98
2024-04-04,SKU_0010,10.4674049848504,0,73.96,73.96
2024-04-05,SKU_0010,9.987571492774762,0,66.98,66.98
2024-04-06,SKU_0010,9.410710453026033,0,60.59,60.59
2024-04-07,SKU_0010,8.785216768637964,1,77.03,77.03
2024-04-08,SKU_0010,8.557567658879652,0,73.14,73.14
2024-04-09,SKU_0010,8.68669318368738,0,112.6,112.6
2024-04-10,SKU_0010,7.745278454653192,0,121.14,121.14
2024-04-11,SKU_0010,7.723767042493947,0,67.34,67.34
2024-04-12,SKU_0010,8.459277020264093,0,63.05,63.05
2024-04-13,SKU_0010,9.048313398283149,0,53.25,53.25
2024-04-14,SKU_0010,8.73613027149578,0,62.19,62.19
2024-04-15,SKU_0010,8.033778428769988,0,112.02,112.02
2024-04-16,SKU_0010,8.258514879959646,0,193.69,193.69
2024-04-17,SKU_0010,7.18646272897364,0,75.44,75.44
2024-04-18,SKU_0010,7.681449963674036,1,131.99,131.99
2024-04-19,SKU_0010,7.583638360025642,0,84.45,84.45
2024-04-20,SKU_0010,8.464416636592789,0,60.44,60.44
2024-04-21,SKU_0010,7.631261526578199,1,100.91,100.91
2024-04-22,SKU_0010,8.063453533361141,0,89.8,89.8
2024-04-23,SKU_0010,8.014972961941291,0,97.45,97.45
2024-04-24,SKU_0010,7.857341995480737,0,111.88,111.88
2024-04-25,SKU_0010,7.237369219002988,0,120.97,120.97
2024-04-26,SKU_0010,7.500747237344705,0,91.73,91.73
2024-04-27,SKU_0010,7.811295993172056,0,70.42,70.42
2024-04-28,SKU_0010,8.694394941425626,0,57.09,57.09
2024-04-29,SKU_0010,9.23648659032019,0,131.08,131.08
2024-04-30,SKU_0010,8.91315124879322,0,99.45,99.45
2024-05-01,SKU_0010,8.392144581584928,0,119.53,119.53
2024-05-02,SKU_0010,7.730601037331064,0,90.17,90.17
2024-05-03,SKU_0010,8.445046649585864,0,75.65,75.65
2024-05-04,SKU_0010,8.059807050737042,1,81.76,81.76
2024-05-05,SKU_0010,8.808378838776871,1,51.89,51.89
2024-05-06,SKU_0010,9.090298370676253,0,65.05,65.05
2024-05-07,SKU_0010,9.272025948337204,0,75.7,75.7
2024-05-08,SKU_0010,9.102870522819599,0,82.39,82.39
2024-05-09,SKU_0010,9.470959107962992,0,63.93,63.93
2024-05-10,SKU_0010,9.462171809248604,0,64.19,64.19
2024-05-11,SKU_0010,9.254862946920543,0,72.97,72.97
2024-05-12,SKU_0010,9.649532075311342,0,57.48,57.48
2024-05-13,SKU_0010,9.56653525906535,0,55.36,55.36
2024-05-14,SKU_0010,9.119099054226174,0,71.69,71.69
2024-05-15,SKU_0010,9.453269096491749,1,99.13,99.13
2024-05-16,SKU_0010,9.417046255990025,0,59.19,59.19
2024-05-17,SKU_0010,9.697383231709113,0,64.92,64.92
2024-05-18,SKU_0010,9.436871229687414,1,84.81,84.81
2024-05-19,SKU_0010,8.776495738936715,0,54.49,54.49
2024-05-20,SKU_0010,9.739420774575922,0,68.78,68.78
2024-05-21,SKU_0010,10.686468679718532,0,67.06,67.06
2024-05-22,SKU_0010,11.268434721787578,0,63.14,63.14
2024-05-23,SKU_0010,11.009260567040997,0,67.81,67.81
2024-05-24,SKU_0010,10.812660433909615,0,46.78,46.78
2024-05-25,SKU_0010,11.747698589936697,0,35.15,35.15
2024-05-26,SKU_0010,11.500926006892024,0,32.45,32.45
2024-05-27,SKU_0010,11.07260668925378,0,58.71,58.71
2024-05-28,SKU_0010,12.388991212357057,0,75.75,75.75
2024-05-29,SKU_0010,12.353601153257959,0,73.37,73.37
2024-05-30,SKU_0010,13.736453405948783,0,68.02,68.02
2024-05-31,SKU_0010,12.630943251621218,0,38.74,38.74
2024-06-01,SKU_0010,13.029821735524244,0,42.99,42.99
2024-06-02,SKU_0010,14.753873609718667,0,26.98,26.98
2024-06-03,SKU_0010,14.780233453057853,0,47.95,47.95
2024-06-04,SKU_0010,14.547955103990239,0,70.1,70.1
2024-06-05,SKU_0010,13.5635402117954,0,62.39,62.39
2024-06-06,SKU_0010,14.473594340363144,1,79.24,79.24
2024-06-07,SKU_0010,13.820019430541373,0,34.98,34.98
2024-06-08,SKU_0010,13.74162724147187,0,32.67,32.67
2024-06-09,SKU_0010,12.760565230034192,0,32.11,32.11
2024-06-10,SKU_0010,14.010026473560766,0,43.5,43.5
2024-06-11,SKU_0010,15.015250259707308,0,50.41,50.41
2024-06-12,SKU_0010,14.986822030340619,1,60.63,60.63
2024-06-13,SKU_0010,13.984119264568259,0,43.24,43.24
2024-06-14,SKU_0010,15.334064178128992,0,31.27,31.27
2024-06-15,SKU_0010,15.00106002371952,1,38.89,38.89
2024-06-16,SKU_0010,14.038570489183567,0,32.97,32.97
2024-06-17,SKU_0010,12.630082844148502,0,37.56,37.56
2024-06-18,SKU_0010,12.149932178351136,0,40.21,40.21
