data/raw/sales.csv
date,sku,price,promo,true_demand_qty,sales_qty
2024-06-19,SKU_0010,11.134465529276953,0,59.45,59.45
2024-06-20,SKU_0010,10.726057380374595,0,46.99,46.99
2024-06-21,SKU_0010,11.215991519907817,0,40.04,40.04
2024-06-22,SKU_0010,10.966186285417132,0,37.67,37.67
2024-06-23,SKU_0010,11.202737491384863,0,41.25,41.25
2024-06-24,SKU_0010,10.726937355812089,1,58.65,58.65
2024-06-25,SKU_0010,10.768963335628293,0,101.41,101.41
2024-06-26,SKU_0010,12.084483581386591,0,46.53,46.53
2024-06-27,SKU_0010,11.834430435356737,0,69.3,69.3
2024-06-28,SKU_0010,12.110573119976403,1,50.03,50.03
2024-06-29,SKU_0010,11.024799651539297,0,34.9,34.9
2024-06-30,SKU_0010,12.077613515390698,0,43.01,43.01
2024-07-01,SKU_0010,11.736706267200764,0,44.62,44.62
2024-07-02,SKU_0010,12.50030741960854,0,46.26,46.26
2024-07-03,SKU_0010,12.408260495724942,0,81.27,81.27
2024-07-04,SKU_0010,12.872035681750315,0,31.27,31.27
2024-07-05,SKU_0010,13.400847180220062,0,35.43,35.43
2024-07-06,SKU_0010,13.04195550104739,0,33.65,33.65
2024-07-07,SKU_0010,13.92500149449369,0,42.39,42.39
2024-07-08,SKU_0010,13.305091763153236,0,38.44,38.44
2024-07-09,SKU_0010,13.94084268686501,0,80.27,80.27
2024-07-10,SKU_0010,13.618246348976752,0,58.35,58.35
2024-07-11,SKU_0010,13.906884617873565,1,32.94,32.94
2024-07-12,SKU_0010,13.526685440300156,0,26.88,26.88
2024-07-13,SKU_0010,13.56730687009551,0,31.75,31.75
2024-07-14,SKU_0010,12.720073930069608,0,27.39,27.39
2024-07-15,SKU_0010,12.910420669266122,0,46.82,46.82
2024-07-16,SKU_0010,12.944695096839217,0,45.52,45.52
2024-07-17,SKU_0010,12.531893138237947,0,42.13,42.13
2024-07-18,SKU_0010,12.49058509302976,0,39.33,39.33
2024-07-19,SKU_0010,12.591417568667366,0,44.94,44.94
2024-07-20,SKU_0010,12.134274035077363,0,22.25,22.25
2024-07-21,SKU_0010,12.040891702275083,0,43.94,43.94
2024-07-22,SKU_0010,11.335907951452077,0,58.44,58.44
2024-07-23,SKU_0010,13.049102594157885,0,45.13,45.13
2024-07-24,SKU_0010,13.905250244968222,0,35.24,35.24
2024-07-25,SKU_0010,14.134973701543117,0,45.51,45.51
2024-07-26,SKU_0010,15.164829624174866,0,27.45,27.45
2024-07-27,SKU_0010,13.466750986739305,1,26.1,26.1
2024-07-28,SKU_0010,11.550895580521711,1,64.81,64.81
2024-07-29,SKU_0010,11.277453981076377,0,38.78,38.78
2024-07-30,SKU_0010,10.382188161696098,0,44.93,44.93
2024-07-31,SKU_0010,10.235840435467338,0,67.23,67.23
2024-08-01,SKU_0010,10.362927022420006,0,54.92,54.92
2024-08-02,SKU_0010,10.951315630496461,0,56.59,56.59
2024-08-03,SKU_0010,10.228354932727413,0,35.46,35.46
2024-08-04,SKU_0010,10.476572774370142,0,36.72,36.72
2024-08-05,SKU_0010,10.485621960308896,1,63.6,63.6
2024-08-06,SKU_0010,10.706548249840365,0,59.35,59.35
2024-08-07,SKU_0010,10.377803258402242,0,64.05,64.05
2024-08-08,SKU_0010,11.275783033150109,0,52.46,52.46
2024-08-09,SKU_0010,11.205971576519522,0,41.45,41.45
2024-08-10,SKU_0010,12.464663812547332,1,33.79,33.79
2024-08-11,SKU_0010,11.8873454516851,0,39.86,39.86
2024-08-12,SKU_0010,12.429144370026973,0,37.08,37.08
2024-08-13,SKU_0010,12.384726238788286,0,56.0,56.0
2024-08-14,SKU_0010,12.143565164998348,0,66.69,66.69
2024-08-15,SKU_0010,12.613129987270106,0,37.64,37.64
2024-08-16,SKU_0010,12.388739127375343,0,57.01,57.01
2024-08-17,SKU_0010,10.559965433058636,0,30.73,30.73
2024-08-18,SKU_0010,8.787215820016723,0,39.84,39.84
2024-08-19,SKU_0010,9.484351662917067,0,58.33,58.33
2024-08-20,SKU_0010,10.210930402205413,0,62.95,62.95
2024-08-21,SKU_0010,11.435233092136505,0,53.67,53.67
2024-08-22,SKU_0010,11.423213037671175,0,55.45,55.45
2024-08-23,SKU_0010,10.57073599848668,0,43.21,43.21
2024-08-24,SKU_0010,10.307939234487142,0,54.0,54.0
2024-08-25,SKU_0010,10.31500744934593,0,37.48,37.48
2024-08-26,SKU_0010,9.710206756729763,1,51.37,51.37
2024-08-27,SKU_0010,10.719795281979323,0,48.13,48.13
2024-08-28,SKU_0010,12.261474977759915,0,53.01,53.01
2024-08-29,SKU_0010,12.618437946883418,0,45.83,45.83
2024-08-30,SKU_0010,12.610215616119191,0,34.81,34.81
2024-08-31,SKU_0010,11.667523697886413,0,25.95,25.95
2024-09-01,SKU_0010,12.801921331844817,0,36.86,36.86
2024-09-02,SKU_0010,12.860668140046673,0,53.7,53.7
2024-09-03,SKU_0010,12.639461796960175,1,54.17,54.17
2024-09-04,SKU_0010,13.00968725967124,0,64.08,64.08
2024-09-05,SKU_0010,12.560432083977405,0,49.02,49.02
2024-09-06,SKU_0010,12.671610181747464,0,51.1,51.1
2024-09-07,SKU_0010,11.621026206950157,0,33.52,33.52
2024-09-08,SKU_0010,12.404276506753622,0,31.02,31.02
2024-09-09,SKU_0010,12.326810802872556,0,44.63,44.63
2024-09-10,SKU_0010,13.214367463890456,0,38.29,38.29
2024-09-11,SKU_0010,13.055852637867442,0,47.68,47.68
2024-09-12,SKU_0010,12.949595196545621,0,51.5,51.5
2024-09-13,SKU_0010,12.041096209122712,0,40.41,40.41
2024-09-14,SKU_0010,12.602697790377963,0,27.49,27.49
2024-09-15,SKU_0010,11.95752161407177,0,32.39,32.39
2024-09-16,SKU_0010,11.613580681815858,0,46.4,46.4
2024-09-17,SKU_0010,11.61431039954363,0,55.05,55.05
2024-09-18,SKU_0010,11.69909448003202,0,57.06,57.06
2024-09-19,SKU_0010,10.56076403570078,0,52.29,52.29
2024-09-20,SKU_0010,10.415522855333078,0,33.8,33.8
2024-09-21,SKU_0010,10.924534033932778,0,28.09,28.09
2024-09-22,SKU_0010,10.679337573383798,0,38.34,38.34
2024-09-23,SKU_0010,10.536304884122478,1,63.25,63.25
2024-09-24,SKU_0010,10.639476317712337,0,59.97,59.97
2024-09-25,SKU_0010,10.559370222610209,0,47.74,47.74
2024-09-26,SKU_0010,9.926249455235125,1,61.37,61.37
2024-09-27,SKU_0010,9.904626200034995,0,33.17,33.17
2024-09-28,SKU_0010,10.513354762257787,0,25.26,25.26
2024-09-29,SKU_0010,9.870749367185777,0,38.62,38.62
2024-09-30,SKU_0010,9.651437431800435,0,63.49,63.49
2024-10-01,SKU_0010,8.883618666508124,0,64.55,64.55
2024-10-02,SKU_0010,9.399832768330134,0,90.71,90.71
2024-10-03,SKU_0010,9.347887725843835,0,53.75,53.75
2024-10-04,SKU_0010,8.882991919141578,0,47.52,47.52
2024-10-05,SKU_0010,8.93230396219107,0,32.67,32.67
2024-10-06,SKU_0010,8.309989548813816,1,51.96,51.96
2024-10-07,SKU_0010,7.81034095661255,0,48.05,48.05
2024-10-08,SKU_0010,7.155208889808463,0,58.86,58.86
2024-10-09,SKU_0010,6.711576379486092,0,70.75,70.75
2024-10-10,SKU_0010,7.281042906316792,0,74.31,74.31
2024-10-11,SKU_0010,6.967712707502414,0,53.22,53.22
2024-10-12,SKU_0010,7.165375846439944,0,45.96,45.96
2024-10-13,SKU_0010,6.81470263700805,0,61.98,61.98
2024-10-14,SKU_0010,7.132447585130733,0,49.61,49.61
2024-10-15,SKU_0010,6.706582691153559,0,87.93,87.93
2024-10-16,SKU_0010,6.722386402743699,0,106.49,106.49
2024-10-17,SKU_0010,6.743737453391612,0,96.35,96.35
2024-10-18,SKU_0010,7.754572037401172,0,61.36,61.36
2024-10-19,SKU_0010,8.053510851767735,0,44.65,44.65
2024-10-20,SKU_0010,7.772049388361244,0,44.09,44.09
2024-10-21,SKU_0010,8.098159583649958,1,71.09,71.09
2024-10-22,SKU_0010,9.206661445409758,0,86.27,86.27
2024-10-23,SKU_0010,8.349061411754422,0,75.82,75.82
2024-10-24,SKU_0010,7.937514604965126,0,66.27,66.27
2024-10-25,SKU_0010,7.82548997176517,0,62.0,62.0
2024-10-26,SKU_0010,7.63208489037946,0,48.85,48.85
2024-10-27,SKU_0010,7.4812183155778715,0,55.1,55.1
2024-10-28,SKU_0010,6.91810383087616,0,67.96,67.96
2024-10-29,SKU_0010,7.526115827865975,0,71.85,71.85
2024-10-30,SKU_0010,6.910365747181694,1,132.37,132.37
2024-10-31,SKU_0010,6.827849737836124,1,66.44,66.44
2024-11-01,SKU_0010,7.270024295575732,0,66.93,66.93
2024-11-02,SKU_0010,7.256869532722019,0,47.1,47.1
2024-11-03,SKU_0010,6.842717116373954,0,40.22,40.22
2024-11-04,SKU_0010,6.31081199815612,0,65.88,65.88
2024-11-05,SKU_0010,6.22432125364979,0,96.68,96.68
2024-11-06,SKU_0010,5.947926235138426,0,108.86,108.86
2024-11-07,SKU_0010,6.021621001334061,0,109.05,109.05
2024-11-08,SKU_0010,5.535984528119692,0,97.63,97.63
2024-11-09,SKU_0010,5.812737136441649,0,49.18,49.18
2024-11-10,SKU_0010,5.853176697885832,0,76.5,76.5
2024-11-11,SKU_0010,5.920226585846365,0,101.02,101.02
2024-11-12,SKU_0010,6.454898690831739,0,99.59,99.59
2024-11-13,SKU_0010,6.287550703647542,0,113.13,113.13
2024-11-14,SKU_0010,6.019610750878787,0,65.13,65.13
2024-11-15,SKU_0010,5.824987072913316,1,79.86,79.86
2024-11-16,SKU_0010,5.758086335210057,0,90.69,90.69
2024-11-17,SKU_0010,5.72674491900935,1,85.1,85.1
2024-11-18,SKU_0010,5.448309778299137,0,152.02,152.02
2024-11-19,SKU_0010,4.825528743682716,0,103.2,103.2
2024-11-20,SKU_0010,4.665824558516201,0,197.18,197.18
2024-11-21,SKU_0010,4.767652821810931,0,111.47,111.47
2024-11-22,SKU_0010,4.806790526838366,0,119.68,119.68
2024-11-23,SKU_0010,5.165505042314867,0,74.74,74.74
2024-11-24,SKU_0010,5.808556401538686,0,76.26,76.26
2024-11-25,SKU_0010,6.079315445171719,0,99.63,99.63
2024-11-26,SKU_0010,6.6051083159843085,1,104.22,104.22
2024-11-27,SKU_0010,6.916084559985391,1,137.33,137.33
2024-11-28,SKU_0010,7.663308042179496,0,73.06,73.06
2024-11-29,SKU_0010,8.563379964443465,0,57.13,57.13
2024-11-30,SKU_0010,9.066305761500244,0,25.99,25.99
2024-12-01,SKU_0010,9.458820447931057,0,42.04,42.04
2024-12-02,SKU_0010,9.343059391613298,0,73.18,73.18
2024-12-03,SKU_0010,9.319915104866284,0,78.55,78.55
2024-12-04,SKU_0010,9.132900013792439,0,87.09,87.09
2024-12-05,SKU_0010,9.479754094282066,0,63.32,63.32
2024-12-06,SKU_0010,9.078758863850986,0,74.09,74.09
2024-12-07,SKU_0010,8.975252984637498,0,48.38,48.38
2024-12-08,SKU_0010,7.792493734134044,0,49.78,49.78
2024-12-09,SKU_0010,8.64124199802244,0,75.16,75.16
2024-12-10,SKU_0010,8.527684298238192,0,92.71,92.71
2024-12-11,SKU_0010,8.764002206844422,0,88.62,88.62
2024-12-12,SKU_0010,9.565088690262508,1,71.26,71.26
2024-12-13,SKU_0010,9.738990635870099,0,53.23,53.23
2024-12-14,SKU_0010,10.620627530784946,0,51.53,51.53
2024-12-15,SKU_0010,9.858103771607109,0,49.65,49.65
2024-12-16,SKU_0010,11.383175480537151,0,35.85,35.85
2024-12-17,SKU_0010,12.150411556209718,0,47.49,47.49
2024-12-18,SKU_0010,12.303886544574569,0,48.46,48.46
2024-12-19,SKU_0010,13.402214461963315,0,38.89,38.89
2024-12-20,SKU_0010,12.494666315639623,0,25.81,25.81
2024-12-21,SKU_0010,12.280160169749522,0,49.85,49.85
2024-12-22,SKU_0010,13.391765318106112,0,27.86,27.86
2024-12-23,SKU_0010,11.972548195024185,0,39.8,39.8
2024-12-24,SKU_0010,12.382000496568729,0,36.67,36.67
2024-12-25,SKU_0010,12.783744651967172,0,64.85,64.85
2024-12-26,SKU_0010,14.387042337352783,0,42.14,42.14
2024-12-27,SKU_0010,13.08348357086511,0,35.79,35.79
2024-12-28,SKU_0010,14.41008778639509,0,27.73,27.73
2024-12-29,SKU_0010,13.934395185588304,0,36.65,36.65
2024-12-30,SKU_0010,13.565634093723244,0,38.01,38.01
2024-01-01,SKU_0011,27.863173440633417,0,21.87,21.87
2024-01-02,SKU_0011,27.536383493228005,0,30.55,30.55
2024-01-03,SKU_0011,27.62303830520608,1,35.91,21.58
2024-01-04,SKU_0011,28.560495702150114,0,37.51,0.0
2024-01-05,SKU_0011,25.548568401200292,0,38.9,0.0
2024-01-06,SKU_0011,27.599212619940772,0,33.92,0.0
2024-01-07,SKU_0011,27.027141295237303,1,22.74,0.0
2024-01-08,SKU_0011,27.904436000628596,0,37.68,0.0
2024-01-09,SKU_0011,28.96326905790971,1,38.72,0.0
2024-01-10,SKU_0011,31.44613985886409,0,65.75,0.0
2024-01-11,SKU_0011,31.24891930547364,0,43.5,43.5
2024-01-12,SKU_0011,27.51046687288496,0,42.9,42.9
2024-01-13,SKU_0011,27.604925104650857,0,30.39,30.39
2024-01-14,SKU_0011,27.93936465958963,0,29.43,29.43
2024-01-15,SKU_0011,26.258269357352873,1,38.29,38.29
2024-01-16,SKU_0011,26.491671533258717,0,38.3,38.3
2024-01-17,SKU_0011,25.924002985989855,0,39.3,39.3
2024-01-18,SKU_0011,23.917348129637627,0,50.88,50.88
2024-01-19,SKU_0011,24.90063119861947,1,54.19,54.19
2024-01-20,SKU_0011,24.07248876549567,1,32.59,32.59
2024-01-21,SKU_0011,23.492633185899052,0,29.06,29.06
2024-01-22,SKU_0011,22.84956682239738,0,32.06,32.06
2024-01-23,SKU_0011,24.607736258795416,1,57.25,57.25
2024-01-24,SKU_0011,24.54739910498301,0,63.88,63.88
2024-01-25,SKU_0011,24.664177692589604,0,57.38,57.38
2024-01-26,SKU_0011,24.020646367089107,0,48.57,48.57
2024-01-27,SKU_0011,24.697097711280936,0,33.08,33.08
2024-01-28,SKU_0011,26.779718217141145,0,30.31,30.31
2024-01-29,SKU_0011,27.841186890505533,0,45.98,45.98
2024-01-30,SKU_0011,29.01254970420752,0,32.68,32.68
2024-01-31,SKU_0011,30.08727416535731,0,37.48,37.48
2024-02-01,SKU_0011,27.695992802346943,0,56.3,56.3
2024-02-02,SKU_0011,26.27769836791186,0,27.52,27.52
2024-02-03,SKU_0011,25.956481962656913,0,29.2,29.2
2024-02-04,SKU_0011,24.85029248480714,0,37.29,37.29
2024-02-05,SKU_0011,23.31267725951352,0,44.6,44.6
2024-02-06,SKU_0011,20.835676975019933,0,74.66,74.66
2024-02-07,SKU_0011,19.21853165228029,0,91.57,91.57
2024-02-08,SKU_0011,18.924993773600715,0,67.47,67.47
2024-02-09,SKU_0011,18.84632412620513,0,65.55,65.55
2024-02-10,SKU_0011,17.970556376832274,0,36.9,36.9
2024-02-11,SKU_0011,18.05585798990764,0,45.67,45.67
2024-02-12,SKU_0011,17.591927922145377,0,97.68,97.68
2024-02-13,SKU_0011,18.781541854553875,0,99.45,99.45
2024-02-14,SKU_0011,18.600287274212075,0,55.03,52.86
2024-02-15,SKU_0011,19.393866927589688,0,60.51,60.51
2024-02-16,SKU_0011,19.6317804389663,0,49.59,49.59
2024-02-17,SKU_0011,18.047829743217157,0,48.8,48.8
2024-02-18,SKU_0011,17.94992526063882,0,62.12,62.12
2024-02-19,SKU_0011,16.667296486119046,0,93.81,93.81
2024-02-20,SKU_0011,16.559521521660855,1,90.1,89.83
2024-02-21,SKU_0011,15.835486552033666,0,107.21,0.0
2024-02-22,SKU_0011,16.202591326874913,0,84.95,84.95
2024-02-23,SKU_0011,14.948783535264594,1,74.55,74.55
2024-02-24,SKU_0011,14.961975817148405,0,39.64,39.64
2024-02-25,SKU_0011,15.48477018406399,0,70.08,70.08
2024-02-26,SKU_0011,16.351386684859957,0,75.76,75.76
2024-02-27,SKU_0011,15.618602016205495,0,91.28,91.28
2024-02-28,SKU_0011,15.635245600044298,0,72.23,72.23
2024-02-29,SKU_0011,15.808954460605879,0,114.71,114.71
2024-03-01,SKU_0011,17.34673135783249,0,58.26,58.26
2024-03-02,SKU_0011,15.871487979057175,0,42.04,42.04
2024-03-03,SKU_0011,15.027143582022804,0,45.99,45.99
2024-03-04,SKU_0011,17.78091849251426,1,81.03,81.03
2024-03-05,SKU_0011,17.49193732470275,0,86.98,86.98
2024-03-06,SKU_0011,15.615756270431403,0,81.01,81.01
2024-03-07,SKU_0011,15.07936741761046,0,90.32,90.32
2024-03-08,SKU_0011,12.771230447924335,0,90.59,90.59
2024-03-09,SKU_0011,12.957182436861018,0,68.16,68.16
2024-03-10,SKU_0011,13.602278947077451,0,58.22,58.22
2024-03-11,SKU_0011,12.878221202872037,0,107.14,107.14
2024-03-12,SKU_0011,12.51958440255154,0,128.93,128.93
2024-03-13,SKU_0011,13.232996162004946,0,119.84,119.84
2024-03-14,SKU_0011,11.913836930164988,0,90.43,90.43
2024-03-15,SKU_0011,11.005621845822526,0,71.77,71.77
2024-03-16,SKU_0011,10.856015043175118,0,81.93,81.93
2024-03-17,SKU_0011,10.37686924400249,0,108.6,108.6
2024-03-18,SKU_0011,10.19550772476608,0,140.75,140.75
2024-03-19,SKU_0011,9.451015395307257,0,166.75,166.75
2024-03-20,SKU_0011,9.573328916348038,0,139.19,139.19
2024-03-21,SKU_0011,9.487992094235269,0,116.76,116.76
2024-03-22,SKU_0011,9.805843060557091,1,121.19,121.19
2024-03-23,SKU_0011,9.924459917298687,1,101.72,101.72
2024-03-24,SKU_0011,10.048303487577346,0,116.93,116.93
2024-03-25,SKU_0011,9.21309067157416,0,116.2,116.2
2024-03-26,SKU_0011,9.489451989717201,0,136.86,136.86
2024-03-27,SKU_0011,9.302925129585251,1,271.24,76.12
2024-03-28,SKU_0011,9.210397254671538,1,220.97,220.97
2024-03-29,SKU_0011,9.808298812123072,0,89.42,89.42
2024-03-30,SKU_0011,9.393920375821963,0,127.19,127.19
2024-03-31,SKU_0011,10.187217735200253,1,84.33,84.33
2024-04-01,SKU_0011,11.109518786546527,1,109.57,109.57
2024-04-02,SKU_0011,11.622807777528418,0,111.8,111.8
2024-04-03,SKU_0011,10.958682963848808,0,130.06,130.06
2024-04-04,SKU_0011,9.61144438627968,0,153.43,153.43
2024-04-05,SKU_0011,10.254171586986637,1,118.57,118.57
2024-04-06,SKU_0011,10.322930785358597,0,96.8,96.8
2024-04-07,SKU_0011,9.871539927667904,0,88.14,88.14
2024-04-08,SKU_0011,10.591688639458006,0,118.58,118.58
2024-04-09,SKU_0011,10.058077772162143,0,141.21,141.21
2024-04-10,SKU_0011,9.805336267713493,0,112.54,112.54
2024-04-11,SKU_0011,10.119053951675781,0,140.9,140.9
2024-04-12,SKU_0011,9.465030495288513,0,112.64,112.64
2024-04-13,SKU_0011,9.403059847325974,1,93.38,93.38
2024-04-14,SKU_0011,10.03805512666171,0,85.87,85.87
2024-04-15,SKU_0011,10.166012286711887,0,105.73,105.73
2024-04-16,SKU_0011,10.956091553548598,0,120.21,120.21
2024-04-17,SKU_0011,11.727209608431567,0,173.41,173.41
2024-04-18,SKU_0011,11.732655816858145,0,164.92,164.92
2024-04-19,SKU_0011,10.197795472726648,0,58.81,58.81
2024-04-20,SKU_0011,9.5431653592717,0,101.8,101.8
2024-04-21,SKU_0011,9.99040643319163,0,113.07,113.07
2024-04-22,SKU_0011,9.103056084627728,0,122.77,122.77
2024-04-23,SKU_0011,8.92635944919395,0,188.23,188.23
2024-04-24,SKU_0011,9.109496785271336,1,252.66,252.66
2024-04-25,SKU_0011,9.94919570137663,0,97.82,97.82
2024-04-26,SKU_0011,9.611790597260494,0,110.2,110.2
2024-04-27,SKU_0011,9.247759163099227,0,140.14,140.14
2024-04-28,SKU_0011,9.21870455175454,0,78.86,78.86
2024-04-29,SKU_0011,9.41486009063965,0,119.78,119.78
2024-04-30,SKU_0011,9.328129310160802,0,135.11,135.11
2024-05-01,SKU_0011,9.934271960300102,0,177.07,177.07
2024-05-02,SKU_0011,9.469176674663899,0,170.61,170.61
2024-05-03,SKU_0011,9.537692873445167,0,110.66,110.66
2024-05-04,SKU_0011,9.795904416708446,0,88.73,88.73
2024-05-05,SKU_0011,9.563467907050033,0,68.13,68.13
2024-05-06,SKU_0011,10.057644672345237,1,171.4,171.4
2024-05-07,SKU_0011,10.147937894423636,0,124.38,124.38
2024-05-08,SKU_0011,10.639795507677244,0,128.05,128.05
2024-05-09,SKU_0011,10.764433562671474,0,140.57,140.57
2024-05-10,SKU_0011,11.010306462805012,0,94.35,94.35
2024-05-11,SKU_0011,10.600363361176196,0,97.77,97.77
2024-05-12,SKU_0011,10.206675607851858,1,113.94,113.94
2024-05-13,SKU_0011,10.984726043386814,0,105.6,105.6
2024-05-14,SKU_0011,11.411668596805312,0,123.53,123.53
2024-05-15,SKU_0011,10.732306408399,0,102.86,102.86
2024-05-16,SKU_0011,10.849405529180478,0,109.86,109.86
2024-05-17,SKU_0011,9.409160399520221,0,131.51,131.51
2024-05-18,SKU_0011,9.090658206410573,0,77.7,77.7
2024-05-19,SKU_0011,9.630247978593609,0,80.41,80.41
2024-05-20,SKU_0011,9.558207799225507,0,97.27,97.27
2024-05-21,SKU_0011,9.626069597075219,0,141.56,141.56
2024-05-22,SKU_0011,8.03247039362082,0,229.17,229.17
2024-05-23,SKU_0011,7.845631727617223,0,176.12,176.12
2024-05-24,SKU_0011,8.006496242857994,0,80.18,80.18
2024-05-25,SKU_0011,8.233166034332799,0,115.86,115.86
