data/raw/sales.csv
date,sku,price,promo,true_demand_qty,sales_qty
2024-05-26,SKU_0011,8.72255306474602,0,92.9,92.9
2024-05-27,SKU_0011,8.613205188300821,0,141.21,141.21
2024-05-28,SKU_0011,8.528019584023816,1,170.32,170.32
2024-05-29,SKU_0011,7.872928622855231,0,146.33,146.33
2024-05-30,SKU_0011,7.776907967768626,0,154.33,154.33
2024-05-31,SKU_0011,7.209966622847382,1,142.39,142.39
2024-06-01,SKU_0011,6.453303142332046,0,138.08,138.08
2024-06-02,SKU_0011,6.046510644037672,0,123.75,123.75
2024-06-03,SKU_0011,6.6193848791435475,0,132.67,132.67
2024-06-04,SKU_0011,6.512795465170957,0,233.31,233.31
2024-06-05,SKU_0011,6.599285705683901,1,293.78,293.78
2024-06-06,SKU_0011,6.399063437023258,0,212.64,212.64
2024-06-07,SKU_0011,5.747233338680108,1,170.93,170.93
2024-06-08,SKU_0011,6.079274529304693,0,117.04,117.04
2024-06-09,SKU_0011,5.336411800431107,0,144.48,144.48
2024-06-10,SKU_0011,5.161699671835885,0,254.17,254.17
2024-06-11,SKU_0011,5.1448130180704945,0,215.71,215.71
2024-06-12,SKU_0011,5.216456838079262,0,310.25,62.03
2024-06-13,SKU_0011,4.993965225138056,0,274.96,274.96
2024-06-14,SKU_0011,4.472522376514286,0,279.92,279.92
2024-06-15,SKU_0011,4.262632563134006,0,240.71,240.71
2024-06-16,SKU_0011,4.0753696845963665,0,241.42,241.42
2024-06-17,SKU_0011,3.8906484990958474,1,240.09,188.04
2024-06-18,SKU_0011,4.1238177326009104,0,356.71,0.0
2024-06-19,SKU_0011,3.834209177687609,0,362.37,0.0
2024-06-20,SKU_0011,3.9040792116151306,0,286.32,286.32
2024-06-21,SKU_0011,3.9413361115832592,0,321.47,321.47
2024-06-22,SKU_0011,4.175136636559022,1,215.49,215.49
2024-06-23,SKU_0011,4.141918858224541,0,187.15,187.15
2024-06-24,SKU_0011,4.34326787260861,0,306.64,306.64
2024-06-25,SKU_0011,4.298619061056744,0,272.09,272.09
2024-06-26,SKU_0011,4.412129153186738,0,264.92,264.92
2024-06-27,SKU_0011,4.031670914010314,1,265.32,265.32
2024-06-28,SKU_0011,3.4414201631345183,0,234.83,234.83
2024-06-29,SKU_0011,3.5202676918010116,0,197.09,197.09
2024-06-30,SKU_0011,3.6125287904730046,0,266.5,266.5
2024-07-01,SKU_0011,3.7170790679799337,1,263.29,263.29
2024-07-02,SKU_0011,3.6018305854917654,1,274.37,274.37
2024-07-03,SKU_0011,3.9386008551032257,0,348.66,348.66
2024-07-04,SKU_0011,3.831409987443209,0,264.47,264.47
2024-07-05,SKU_0011,3.9293955876420887,0,233.42,233.42
2024-07-06,SKU_0011,4.072120182018006,0,246.2,246.2
2024-07-07,SKU_0011,4.514471847125268,0,183.36,183.36
2024-07-08,SKU_0011,4.429410146680359,0,309.05,309.05
2024-07-09,SKU_0011,4.259172323237053,1,319.79,319.79
2024-07-10,SKU_0011,3.8930235892817637,0,396.59,396.59
2024-07-11,SKU_0011,4.273051241086905,0,233.5,233.5
2024-07-12,SKU_0011,4.38247136058325,0,207.62,207.62
2024-07-13,SKU_0011,4.503236989563926,0,138.42,138.42
2024-07-14,SKU_0011,5.429237625755132,0,122.88,122.88
2024-07-15,SKU_0011,5.536161597263861,0,167.69,167.69
2024-07-16,SKU_0011,5.120039346271494,1,198.94,198.94
2024-07-17,SKU_0011,5.060209620112265,0,246.35,246.35
2024-07-18,SKU_0011,4.772741915528716,0,212.43,212.43
2024-07-19,SKU_0011,4.660714959409078,0,194.48,194.48
2024-07-20,SKU_0011,4.549482476065789,0,123.81,123.81
2024-07-21,SKU_0011,4.392032137692797,0,203.98,203.98
2024-07-22,SKU_0011,4.039799536987637,1,385.17,385.17
2024-07-23,SKU_0011,4.444845762238031,0,347.65,347.65
2024-07-24,SKU_0011,4.5252646058407,0,384.34,384.34
2024-07-25,SKU_0011,4.464457604478657,0,238.7,238.7
2024-07-26,SKU_0011,4.672087619668914,0,168.37,168.37
2024-07-27,SKU_0011,4.806023543386295,0,163.34,163.34
2024-07-28,SKU_0011,4.886183263518118,0,147.13,147.13
2024-07-29,SKU_0011,5.0911888259492875,0,129.13,129.13
2024-07-30,SKU_0011,5.132266882504912,0,254.5,254.5
2024-07-31,SKU_0011,5.342858110242219,0,204.71,204.71
2024-08-01,SKU_0011,5.589822169903801,0,135.36,135.36
2024-08-02,SKU_0011,5.6446635735549675,0,130.08,130.08
2024-08-03,SKU_0011,5.570511767438371,0,118.38,118.38
2024-08-04,SKU_0011,6.106237544787316,1,135.79,135.79
2024-08-05,SKU_0011,5.9336331880943245,0,152.33,152.33
2024-08-06,SKU_0011,6.074596217107476,0,231.64,231.64
2024-08-07,SKU_0011,6.227344670575559,1,156.96,156.96
2024-08-08,SKU_0011,6.003703652486683,0,159.46,159.46
2024-08-09,SKU_0011,5.719647691431338,0,116.47,116.47
2024-08-10,SKU_0011,5.599493178664728,0,154.46,154.46
2024-08-11,SKU_0011,5.436541356642004,0,117.57,117.57
2024-08-12,SKU_0011,4.981122388934849,0,167.2,167.2
2024-08-13,SKU_0011,4.790168268818583,0,274.66,274.66
2024-08-14,SKU_0011,4.867297812188888,0,295.91,295.91
2024-08-15,SKU_0011,5.251404339766726,0,249.62,249.62
2024-08-16,SKU_0011,5.429022038036468,1,118.27,118.27
2024-08-17,SKU_0011,4.644979432286919,0,158.55,158.55
2024-08-18,SKU_0011,4.827193134729497,0,154.66,154.66
2024-08-19,SKU_0011,4.668211678237827,0,186.38,186.38
2024-08-20,SKU_0011,4.7968567734260255,0,220.96,220.96
2024-08-21,SKU_0011,4.7927902092946075,0,292.87,292.87
2024-08-22,SKU_0011,4.737698604982079,0,250.9,250.9
2024-08-23,SKU_0011,4.7087258334572,1,224.88,224.88
2024-08-24,SKU_0011,4.702394698373189,0,145.39,145.39
2024-08-25,SKU_0011,5.097428452557054,0,213.77,213.77
2024-08-26,SKU_0011,5.091419013832771,0,155.56,155.56
2024-08-27,SKU_0011,5.434071910439445,0,135.66,135.66
2024-08-28,SKU_0011,5.749328677728202,0,173.64,173.64
2024-08-29,SKU_0011,5.984099266267602,0,157.78,157.78
2024-08-30,SKU_0011,5.375806987432686,0,182.3,182.3
2024-08-31,SKU_0011,5.7483143730047175,0,99.9,99.9
2024-09-01,SKU_0011,5.592534490622316,0,133.49,133.49
2024-09-02,SKU_0011,5.837929629727714,0,106.66,106.66
2024-09-03,SKU_0011,5.507023340105,0,226.06,226.06
2024-09-04,SKU_0011,5.12904666142998,0,206.94,206.94
2024-09-05,SKU_0011,5.774797149390921,0,151.14,151.14
2024-09-06,SKU_0011,5.452554127456496,0,209.11,209.11
2024-09-07,SKU_0011,5.840699368073233,0,133.0,133.0
2024-09-08,SKU_0011,5.882346599012111,0,91.93,91.93
2024-09-09,SKU_0011,5.735922317673961,0,141.21,141.21
2024-09-10,SKU_0011,5.720514947932405,0,298.68,298.68
2024-09-11,SKU_0011,5.290925362971745,0,290.05,290.05
2024-09-12,SKU_0011,5.286560760435876,0,209.2,209.2
2024-09-13,SKU_0011,4.954040349169481,0,103.56,103.56
2024-09-14,SKU_0011,4.837881160600526,0,170.0,170.0
2024-09-15,SKU_0011,5.114066201721448,0,114.82,114.82
2024-09-16,SKU_0011,5.19266089628211,1,236.92,236.92
2024-09-17,SKU_0011,4.750814289106006,0,181.12,181.12
2024-09-18,SKU_0011,4.999837041757774,0,227.05,227.05
2024-09-19,SKU_0011,4.997707636183294,0,161.39,161.39
2024-09-20,SKU_0011,4.837742655470469,0,141.98,141.98
2024-09-21,SKU_0011,5.059404540694666,0,139.68,139.68
2024-09-22,SKU_0011,5.008900282200588,0,101.82,101.82
2024-09-23,SKU_0011,4.670549384849464,0,285.33,285.33
2024-09-24,SKU_0011,5.218162292913421,0,153.32,153.32
2024-09-25,SKU_0011,5.212752578044466,0,157.85,157.85
2024-09-26,SKU_0011,5.1873601694231,0,198.97,198.97
2024-09-27,SKU_0011,5.062794581093609,0,187.65,187.65
2024-09-28,SKU_0011,5.43422308636948,1,121.9,121.9
2024-09-29,SKU_0011,5.2657514106595995,0,101.16,101.16
2024-09-30,SKU_0011,4.799563911174807,0,143.12,143.12
2024-10-01,SKU_0011,4.6080482867506465,1,199.76,199.76
2024-10-02,SKU_0011,4.989875094368747,0,218.39,218.39
2024-10-03,SKU_0011,5.245333414794897,0,171.06,171.06
2024-10-04,SKU_0011,5.165685783038068,0,154.49,154.49
2024-10-05,SKU_0011,5.609340626748165,0,118.52,118.52
2024-10-06,SKU_0011,5.866802174392701,0,131.77,131.77
2024-10-07,SKU_0011,5.7737070806213175,0,130.24,130.24
2024-10-08,SKU_0011,5.716517308976893,0,147.45,147.45
2024-10-09,SKU_0011,5.83059364926021,0,179.72,179.72
2024-10-10,SKU_0011,5.546713581153547,0,162.13,162.13
2024-10-11,SKU_0011,5.548213082287625,0,138.75,138.75
2024-10-12,SKU_0011,5.65187139480911,0,95.22,95.22
2024-10-13,SKU_0011,5.10779976087714,0,148.21,148.21
2024-10-14,SKU_0011,5.050107433223465,0,129.7,129.7
2024-10-15,SKU_0011,4.959109289320831,0,183.46,183.46
2024-10-16,SKU_0011,5.274638926371184,1,279.45,279.45
2024-10-17,SKU_0011,4.722037628588907,0,156.54,156.54
2024-10-18,SKU_0011,4.615176196109904,0,199.88,199.88
2024-10-19,SKU_0011,4.483682822831775,0,107.1,107.1
2024-10-20,SKU_0011,4.749545955798874,0,103.53,103.53
2024-10-21,SKU_0011,4.7371525675905835,0,131.62,131.62
2024-10-22,SKU_0011,5.276177672011974,0,193.68,193.68
2024-10-23,SKU_0011,5.490035450115143,0,218.59,218.59
2024-10-24,SKU_0011,5.3565565453584005,1,256.05,256.05
2024-10-25,SKU_0011,5.4341377202503915,1,199.92,199.92
2024-10-26,SKU_0011,5.319911810787246,0,141.94,141.94
2024-10-27,SKU_0011,5.60142198682411,0,101.98,101.98
2024-10-28,SKU_0011,5.1711165324577255,0,138.16,138.16
2024-10-29,SKU_0011,4.921763347883283,0,241.72,241.72
2024-10-30,SKU_0011,5.058187742280143,0,277.75,277.75
2024-10-31,SKU_0011,5.444215410176056,0,140.34,140.34
2024-11-01,SKU_0011,4.770425654210417,1,237.02,237.02
2024-11-02,SKU_0011,5.18051156730407,0,84.92,84.92
2024-11-03,SKU_0011,5.137135877353452,0,145.03,145.03
2024-11-04,SKU_0011,4.588087195185426,0,184.85,184.85
2024-11-05,SKU_0011,3.831895286351899,0,263.52,263.52
2024-11-06,SKU_0011,3.495919284881315,0,317.96,317.96
2024-11-07,SKU_0011,3.491788532105778,0,238.3,238.3
2024-11-08,SKU_0011,3.4780096692945146,0,250.26,250.26
2024-11-09,SKU_0011,3.612688464355218,1,215.97,215.97
2024-11-10,SKU_0011,3.4955229463476614,0,249.0,249.0
2024-11-11,SKU_0011,3.2706886488025915,1,433.85,433.85
2024-11-12,SKU_0011,3.190620383393882,0,349.1,349.1
2024-11-13,SKU_0011,3.1970611354676026,0,300.78,105.64
2024-11-14,SKU_0011,3.2416367122393304,0,248.47,248.47
2024-11-15,SKU_0011,3.0917228074271113,0,371.87,371.87
2024-11-16,SKU_0011,3.2635490877301754,0,290.94,290.94
2024-11-17,SKU_0011,3.1441119269673163,0,281.86,281.86
2024-11-18,SKU_0011,2.98424992056293,0,314.97,314.97
2024-11-19,SKU_0011,2.88869528528127,0,454.9,119.31
2024-11-20,SKU_0011,3.0811267325591456,0,488.42,0.0
2024-11-21,SKU_0011,3.056674514887249,0,299.82,299.82
2024-11-22,SKU_0011,2.9319178200160168,0,287.97,287.97
2024-11-23,SKU_0011,3.0994454860231917,1,209.98,209.98
2024-11-24,SKU_0011,3.5246746439351924,0,207.81,207.81
2024-11-25,SKU_0011,3.5692985449243237,0,357.25,357.25
2024-11-26,SKU_0011,3.8435623740345157,0,360.47,360.47
2024-11-27,SKU_0011,4.090079122231465,0,291.39,291.39
2024-11-28,SKU_0011,3.9441202674742217,1,175.7,175.7
2024-11-29,SKU_0011,3.950428211000426,0,186.32,186.32
2024-11-30,SKU_0011,3.657834490710858,0,200.47,200.47
2024-12-01,SKU_0011,3.6131312083187614,0,203.46,203.46
2024-12-02,SKU_0011,3.4798992595912552,1,317.03,317.03
2024-12-03,SKU_0011,3.3967876885811097,0,356.49,356.49
2024-12-04,SKU_0011,3.2473409286745034,0,334.43,334.43
2024-12-05,SKU_0011,3.191881890465006,0,338.48,338.48
2024-12-06,SKU_0011,3.2954562915270222,1,292.92,292.92
2024-12-07,SKU_0011,3.2719139638190353,0,197.0,197.0
2024-12-08,SKU_0011,2.925638454339408,0,394.95,394.95
2024-12-09,SKU_0011,2.7975540950959052,0,324.83,324.83
2024-12-10,SKU_0011,2.5537976780791594,0,301.21,301.21
2024-12-11,SKU_0011,2.5914696581622554,1,792.48,792.48
2024-12-12,SKU_0011,2.670923231435086,1,405.5,405.5
2024-12-13,SKU_0011,2.7123545234462916,0,399.79,399.79
2024-12-14,SKU_0011,2.5871912347894295,1,298.01,298.01
2024-12-15,SKU_0011,2.625795919906916,0,352.15,352.15
2024-12-16,SKU_0011,2.552765298343205,0,400.17,400.17
2024-12-17,SKU_0011,2.384247772780158,0,637.21,637.21
2024-12-18,SKU_0011,2.492782285792743,0,497.46,497.46
2024-12-19,SKU_0011,2.6181844923949544,0,386.36,386.36
2024-12-20,SKU_0011,2.7715725442167822,0,352.03,352.03
2024-12-21,SKU_0011,2.6722316535569184,0,274.25,274.25
2024-12-22,SKU_0011,2.8681742782570123,0,199.13,199.13
2024-12-23,SKU_0011,2.7844789165175428,0,334.4,334.4
2024-12-24,SKU_0011,2.895827279189833,0,769.89,769.89
2024-12-25,SKU_0011,2.8084032176255356,0,325.15,325.15
2024-12-26,SKU_0011,2.7709137572079197,0,445.67,445.67
2024-12-27,SKU_0011,2.39625348709579,0,381.73,381.73
2024-12-28,SKU_0011,2.3532366483958853,0,502.2,502.2
2024-12-29,SKU_0011,2.366133233667635,0,295.59,295.59
2024-12-30,SKU_0011,2.30862959299866,0,482.43,482.43
2024-01-01,SKU_0012,13.411825517871312,0,19.07,19.07
2024-01-02,SKU_0012,12.911506544951745,0,20.22,20.22
2024-01-03,SKU_0012,13.245511267564842,0,18.15,18.15
2024-01-04,SKU_0012,12.41048945980955,0,20.5,20.5
2024-01-05,SKU_0012,12.891726906609618,0,14.87,14.87
2024-01-06,SKU_0012,14.003663620197171,0,11.36,11.36
2024-01-07,SKU_0012,15.443399807947534,1,21.04,21.04
2024-01-08,SKU_0012,16.114075720897613,0,14.54,14.54
2024-01-09,SKU_0012,14.831775395064557,0,20.01,20.01
2024-01-10,SKU_0012,15.008424447771846,0,19.67,19.67
2024-01-11,SKU_0012,17.064368531315043,0,16.89,16.89
2024-01-12,SKU_0012,16.197807320894775,0,15.62,15.62
2024-01-13,SKU_0012,16.140392615103625,0,9.71,9.71
2024-01-14,SKU_0012,17.569008149665432,0,11.59,11.59
2024-01-15,SKU_0012,18.23174826576899,0,9.02,9.02
2024-01-16,SKU_0012,21.157064402881076,0,7.36,7.36
2024-01-17,SKU_0012,20.246900114090305,1,28.26,28.26
2024-01-18,SKU_0012,19.079536130470053,1,17.72,17.72
2024-01-19,SKU_0012,20.533626924792344,0,9.51,9.51
2024-01-20,SKU_0012,19.111899706883666,0,6.61,6.61
2024-01-21,SKU_0012,18.88758981840305,0,7.09,7.09
2024-01-22,SKU_0012,18.813341837358198,0,9.94,9.94
2024-01-23,SKU_0012,20.019877575144356,0,14.42,14.42
2024-01-24,SKU_0012,20.771497548848863,0,11.37,11.37
2024-01-25,SKU_0012,21.349015616856043,0,10.17,10.17
2024-01-26,SKU_0012,20.839699116619126,0,7.8,7.8
2024-01-27,SKU_0012,22.41566444729823,0,8.84,8.84
2024-01-28,SKU_0012,28.540081357912722,1,9.98,9.98
2024-01-29,SKU_0012,29.748728412544516,1,8.99,8.99
2024-01-30,SKU_0012,29.927168732902345,0,8.79,8.79
2024-01-31,SKU_0012,27.685116071295333,0,8.43,8.43
2024-02-01,SKU_0012,26.646186798145287,0,7.77,7.77
2024-02-02,SKU_0012,26.30669427168138,0,6.75,6.75
2024-02-03,SKU_0012,25.476269917482945,0,6.87,6.87
2024-02-04,SKU_0012,25.451705572506423,0,5.4,5.4
2024-02-05,SKU_0012,28.317039387557717,0,7.74,7.74
2024-02-06,SKU_0012,30.51730003294271,0,12.55,12.55
2024-02-07,SKU_0012,30.227852694976395,1,12.82,12.82
2024-02-08,SKU_0012,28.11398044462308,0,7.95,7.95
2024-02-09,SKU_0012,30.46288434650208,0,5.64,5.64
2024-02-10,SKU_0012,30.373356083899182,0,5.38,5.38
2024-02-11,SKU_0012,27.384461499250598,0,4.33,4.33
2024-02-12,SKU_0012,28.5804112283799,0,9.89,9.89
2024-02-13,SKU_0012,30.394533164598357,0,9.47,9.47
2024-02-14,SKU_0012,26.27737381883435,0,8.62,8.62
2024-02-15,SKU_0012,25.00898047350821,0,9.39,9.39
2024-02-16,SKU_0012,24.84378793076547,0,6.79,6.79
2024-02-17,SKU_0012,25.963154369762083,0,6.47,6.47
2024-02-18,SKU_0012,25.172033543292365,0,6.84,6.84
2024-02-19,SKU_0012,23.946090727120726,0,9.4,9.4
2024-02-20,SKU_0012,25.013989268073832,0,8.28,8.28
2024-02-21,SKU_0012,24.320895955405486,0,9.98,9.98
2024-02-22,SKU_0012,25.124894710005435,0,11.83,11.83
2024-02-23,SKU_0012,23.503943989891642,0,7.43,7.43
2024-02-24,SKU_0012,21.672154965939857,0,4.6,4.6
2024-02-25,SKU_0012,22.676846017962863,0,7.61,7.61
2024-02-26,SKU_0012,23.023043354244,0,15.51,15.51
2024-02-27,SKU_0012,24.333230911103218,0,12.64,12.64
2024-02-28,SKU_0012,23.567941164049,0,10.31,10.31
2024-02-29,SKU_0012,22.469999077322722,0,10.89,10.89
2024-03-01,SKU_0012,24.381488550102134,0,9.13,9.13
2024-03-02,SKU_0012,22.2523284493839,0,5.37,5.37
2024-03-03,SKU_0012,23.987534392448524,0,6.21,6.21
2024-03-04,SKU_0012,25.96539208097467,0,8.96,8.96
2024-03-05,SKU_0012,27.340522666710473,0,12.74,12.74
2024-03-06,SKU_0012,26.23518627555837,0,9.32,9.32
2024-03-07,SKU_0012,24.980863385709632,0,13.24,13.24
2024-03-08,SKU_0012,24.667996637008137,0,6.81,6.81
2024-03-09,SKU_0012,22.823811161350626,0,3.78,3.78
2024-03-10,SKU_0012,21.544115147702993,0,9.92,9.92
2024-03-11,SKU_0012,22.393858737224456,0,11.26,11.26
2024-03-12,SKU_0012,23.283564015803787,0,13.33,13.33
2024-03-13,SKU_0012,21.86250819125005,0,14.94,14.94
2024-03-14,SKU_0012,22.76764686619538,0,11.43,11.43
2024-03-15,SKU_0012,23.39678756700949,0,8.11,8.11
2024-03-16,SKU_0012,25.615353165705752,0,6.17,6.17
2024-03-17,SKU_0012,26.505177499946118,0,5.99,5.99
2024-03-18,SKU_0012,28.2432630907471,0,6.94,6.94
2024-03-19,SKU_0012,29.06339881813161,0,6.03,6.03
2024-03-20,SKU_0012,30.82343744256112,0,6.56,6.56
2024-03-21,SKU_0012,28.532629500380313,0,7.98,7.98
2024-03-22,SKU_0012,28.32496750534862,0,4.28,4.28
2024-03-23,SKU_0012,28.25879378596117,0,3.81,3.81
2024-03-24,SKU_0012,27.84851648179096,0,5.78,5.78
2024-03-25,SKU_0012,28.600176656721764,0,7.24,7.24
2024-03-26,SKU_0012,29.70976185778779,0,7.94,7.94
2024-03-27,SKU_0012,30.417287012231526,0,5.3,5.3
2024-03-28,SKU_0012,30.096066002925085,0,10.51,10.51
2024-03-29,SKU_0012,28.79640810666176,0,4.93,4.93
2024-03-30,SKU_0012,30.755899370366354,0,4.34,4.34
2024-03-31,SKU_0012,31.408099147590054,1,6.32,6.32
2024-04-01,SKU_0012,29.54601748792901,1,14.2,14.2
2024-04-02,SKU_0012,29.204643198742577,0,9.41,9.41
2024-04-03,SKU_0012,26.30422912862542,0,9.37,9.37
2024-04-04,SKU_0012,26.360112210872593,0,8.21,8.21
2024-04-05,SKU_0012,26.048213076398437,0,7.75,7.75
2024-04-06,SKU_0012,25.165679783306707,0,5.17,5.17
2024-04-07,SKU_0012,27.67576621244126,0,6.73,6.73
2024-04-08,SKU_0012,25.82099490783797,0,7.59,7.59
2024-04-09,SKU_0012,26.9389041904818,0,10.63,10.63
2024-04-10,SKU_0012,30.71570182323207,0,9.26,9.26
2024-04-11,SKU_0012,32.76661160626712,0,6.11,6.11
2024-04-12,SKU_0012,32.70466509486629,0,3.68,3.68
2024-04-13,SKU_0012,30.553327907093774,0,4.89,4.89
2024-04-14,SKU_0012,28.15570173023258,0,4.55,4.55
2024-04-15,SKU_0012,27.468963862519892,0,7.91,7.91
2024-04-16,SKU_0012,26.35971074941243,0,9.33,9.33
2024-04-17,SKU_0012,25.245903929519002,0,9.6,9.6
2024-04-18,SKU_0012,24.75642656796566,0,7.61,7.61
2024-04-19,SKU_0012,24.605015125429308,0,10.13,10.13
2024-04-20,SKU_0012,25.331862884643595,0,5.95,5.95
2024-04-21,SKU_0012,23.518685497071257,0,12.21,12.21
2024-04-22,SKU_0012,22.575395193905067,0,10.06,10.06
2024-04-23,SKU_0012,22.36014828562566,0,12.96,5.25
2024-04-24,SKU_0012,22.099415680900258,0,12.85,12.85
2024-04-25,SKU_0012,24.6736677222028,0,10.53,10.53
2024-04-26,SKU_0012,25.019896951973838,0,9.65,9.65
2024-04-27,SKU_0012,22.71115009915556,0,9.29,9.29
2024-04-28,SKU_0012,23.288201976266638,0,5.38,5.38
2024-04-29,SKU_0012,24.063272194820662,0,10.82,10.82
