data/raw/sales.csv
date,sku,price,promo,true_demand_qty,sales_qty
2024-04-30,SKU_0012,23.883289279267853,0,12.14,12.14
2024-05-01,SKU_0012,22.206281972581344,0,12.64,12.64
2024-05-02,SKU_0012,24.676675908551182,0,13.71,13.71
2024-05-03,SKU_0012,23.142377658235,0,12.07,12.07
2024-05-04,SKU_0012,24.07831877949818,0,8.19,8.19
2024-05-05,SKU_0012,24.369073079888892,0,6.41,6.41
2024-05-06,SKU_0012,25.26357069371851,0,6.67,6.67
2024-05-07,SKU_0012,27.98797461848024,0,10.28,10.28
2024-05-08,SKU_0012,28.947193963897526,0,11.54,11.54
2024-05-09,SKU_0012,27.99297032176958,0,5.44,5.44
2024-05-10,SKU_0012,29.91359188572671,0,7.48,7.48
2024-05-11,SKU_0012,28.802062184950948,0,5.08,5.08
2024-05-12,SKU_0012,29.086102096425634,1,6.0,6.0
2024-05-13,SKU_0012,26.914776617528357,0,8.45,8.45
2024-05-14,SKU_0012,25.29681703144793,0,11.94,11.94
2024-05-15,SKU_0012,25.37493254444306,0,9.59,9.59
2024-05-16,SKU_0012,25.94157726837771,1,11.06,11.06
2024-05-17,SKU_0012,23.422650966030076,0,11.48,11.48
2024-05-18,SKU_0012,24.13204888342774,0,5.81,5.81
2024-05-19,SKU_0012,22.974273528364563,0,9.47,9.47
2024-05-20,SKU_0012,24.807755562795407,0,6.23,6.23
2024-05-21,SKU_0012,24.2893616634374,0,11.23,11.23
2024-05-22,SKU_0012,22.705816534997332,0,12.65,12.65
2024-05-23,SKU_0012,22.809324009844577,0,12.32,12.32
2024-05-24,SKU_0012,21.58924556299841,0,12.02,12.02
2024-05-25,SKU_0012,23.297172670277075,0,5.81,5.81
2024-05-26,SKU_0012,23.297913822252927,0,8.05,8.05
2024-05-27,SKU_0012,23.08685074537542,1,10.64,10.64
2024-05-28,SKU_0012,23.92134806645644,0,7.86,7.86
2024-05-29,SKU_0012,22.52159076007984,0,10.35,10.35
2024-05-30,SKU_0012,20.845231543028007,0,12.4,12.4
2024-05-31,SKU_0012,21.362270684210074,0,12.41,12.41
2024-06-01,SKU_0012,19.998276031265945,0,11.87,11.87
2024-06-02,SKU_0012,18.72099202019212,0,8.81,8.81
2024-06-03,SKU_0012,19.684879915066574,0,11.67,11.67
2024-06-04,SKU_0012,20.314901293913255,0,15.17,15.17
2024-06-05,SKU_0012,18.8426873211322,0,16.75,16.75
2024-06-06,SKU_0012,18.155557923693273,0,12.96,12.96
2024-06-07,SKU_0012,17.19730769434537,0,11.71,11.71
2024-06-08,SKU_0012,19.131419816228075,0,8.31,8.31
2024-06-09,SKU_0012,20.200202431241784,0,8.05,8.05
2024-06-10,SKU_0012,19.696519301795533,0,10.04,10.04
2024-06-11,SKU_0012,20.389368566537417,0,11.96,11.7
2024-06-12,SKU_0012,18.795969248066672,0,13.02,13.02
2024-06-13,SKU_0012,18.05249091481851,0,10.54,10.54
2024-06-14,SKU_0012,18.166431573973025,0,12.5,12.5
2024-06-15,SKU_0012,18.666105086895513,0,9.52,9.52
2024-06-16,SKU_0012,18.557272661690615,0,13.35,13.35
2024-06-17,SKU_0012,18.835484799398746,0,12.0,12.0
2024-06-18,SKU_0012,18.924223492325716,0,12.15,12.15
2024-06-19,SKU_0012,18.739397457997587,0,12.23,12.23
2024-06-20,SKU_0012,18.40936289238664,0,12.73,12.73
2024-06-21,SKU_0012,17.944497028081212,0,11.67,11.67
2024-06-22,SKU_0012,18.195962816323178,1,12.7,12.7
2024-06-23,SKU_0012,18.650047286380055,0,6.64,6.64
2024-06-24,SKU_0012,18.87333787374517,0,9.37,9.37
2024-06-25,SKU_0012,17.584791489955702,1,21.89,21.89
2024-06-26,SKU_0012,16.561798324235426,0,18.45,18.45
2024-06-27,SKU_0012,16.96295155990079,1,15.64,15.64
2024-06-28,SKU_0012,18.528906829319762,1,15.86,15.86
2024-06-29,SKU_0012,18.699129493186142,0,8.55,8.55
2024-06-30,SKU_0012,18.242916484754815,0,8.18,8.18
2024-07-01,SKU_0012,18.490134030601766,0,9.69,9.69
2024-07-02,SKU_0012,17.270986433217633,0,12.24,12.24
2024-07-03,SKU_0012,18.682076685641608,0,13.66,13.66
2024-07-04,SKU_0012,18.89240986386246,0,14.56,14.56
2024-07-05,SKU_0012,18.148588954004705,0,12.47,12.47
2024-07-06,SKU_0012,17.9678686210877,0,6.71,6.71
2024-07-07,SKU_0012,17.4085751967135,0,8.95,8.95
2024-07-08,SKU_0012,18.833988016671903,0,6.7,6.7
2024-07-09,SKU_0012,18.60682977380102,0,12.84,12.84
2024-07-10,SKU_0012,18.781092585460957,0,14.51,14.51
2024-07-11,SKU_0012,19.438861599604355,1,23.0,23.0
2024-07-12,SKU_0012,18.593800921930512,0,6.49,6.49
2024-07-13,SKU_0012,18.81116937985654,1,9.55,9.55
2024-07-14,SKU_0012,19.12348084339177,0,8.25,8.25
2024-07-15,SKU_0012,17.420927515082262,0,8.11,8.11
2024-07-16,SKU_0012,17.68707246635428,0,13.56,13.56
2024-07-17,SKU_0012,17.63857525926131,0,15.43,15.43
2024-07-18,SKU_0012,17.776658156689543,0,9.27,9.27
2024-07-19,SKU_0012,17.814701440556718,0,9.83,9.83
2024-07-20,SKU_0012,18.093888555978204,0,6.22,6.22
2024-07-21,SKU_0012,19.605591888018612,0,9.98,9.98
2024-07-22,SKU_0012,18.266054304178457,0,10.72,10.72
2024-07-23,SKU_0012,17.8948907850374,0,11.08,11.08
2024-07-24,SKU_0012,18.625141449443923,0,9.67,9.67
2024-07-25,SKU_0012,19.17040935755865,0,11.46,11.46
2024-07-26,SKU_0012,19.7061790535045,0,10.76,10.76
2024-07-27,SKU_0012,23.24632086258867,0,4.79,4.79
2024-07-28,SKU_0012,24.118881741448995,0,5.18,5.18
2024-07-29,SKU_0012,25.812303968834755,0,5.51,5.51
2024-07-30,SKU_0012,25.341084013665522,0,10.68,10.68
2024-07-31,SKU_0012,23.8754852388295,0,5.98,5.98
2024-08-01,SKU_0012,23.429435625566395,0,10.32,10.32
2024-08-02,SKU_0012,24.451969744576736,1,8.62,8.62
2024-08-03,SKU_0012,25.056178557400976,0,4.89,4.89
2024-08-04,SKU_0012,25.66980833486316,0,4.76,4.76
2024-08-05,SKU_0012,25.341791354279437,0,6.73,6.73
2024-08-06,SKU_0012,24.779748033641454,0,6.8,6.8
2024-08-07,SKU_0012,24.51377668923412,0,10.23,10.23
2024-08-08,SKU_0012,25.602853250376622,0,8.66,8.66
2024-08-09,SKU_0012,26.92748321919472,0,4.29,4.29
2024-08-10,SKU_0012,25.34985340239943,1,8.39,8.39
2024-08-11,SKU_0012,26.536297178295754,0,4.44,4.44
2024-08-12,SKU_0012,25.52019824833653,0,6.29,6.29
2024-08-13,SKU_0012,26.248412890844794,0,9.7,9.7
2024-08-14,SKU_0012,25.947819558496576,0,6.58,6.58
2024-08-15,SKU_0012,28.503728244492354,0,7.13,7.13
2024-08-16,SKU_0012,27.79762030731436,0,5.38,5.38
2024-08-17,SKU_0012,28.097121321860133,0,3.94,3.94
2024-08-18,SKU_0012,29.13856971908238,0,4.46,4.46
2024-08-19,SKU_0012,27.64998500009698,0,5.78,5.78
2024-08-20,SKU_0012,27.529379012686253,0,5.23,5.23
2024-08-21,SKU_0012,27.092546931246115,0,6.19,6.19
2024-08-22,SKU_0012,26.270059274943897,0,5.24,5.24
2024-08-23,SKU_0012,25.586029502850433,0,5.08,5.08
2024-08-24,SKU_0012,27.351390153780695,0,5.45,5.45
2024-08-25,SKU_0012,26.38654739171436,0,5.2,5.2
2024-08-26,SKU_0012,27.29869188500617,0,4.12,4.12
2024-08-27,SKU_0012,27.81886770367788,0,6.05,6.05
2024-08-28,SKU_0012,25.582171367763877,0,7.75,7.75
2024-08-29,SKU_0012,26.391601755574086,0,7.33,7.33
2024-08-30,SKU_0012,24.245597430367496,0,4.97,4.97
2024-08-31,SKU_0012,25.176740224708393,0,3.56,3.56
2024-09-01,SKU_0012,24.42211471844957,0,4.98,4.98
2024-09-02,SKU_0012,24.434378557765918,0,7.0,7.0
2024-09-03,SKU_0012,22.608688989658535,1,13.29,13.29
2024-09-04,SKU_0012,22.77531423404382,0,7.11,7.11
2024-09-05,SKU_0012,24.077896583762374,0,9.97,9.97
2024-09-06,SKU_0012,22.93986759230893,0,5.89,5.89
2024-09-07,SKU_0012,22.11920674564463,0,5.54,5.54
2024-09-08,SKU_0012,22.73086235055797,0,4.79,4.79
2024-09-09,SKU_0012,23.394493529871838,0,8.15,8.15
2024-09-10,SKU_0012,20.215505673193743,0,10.57,6.28
2024-09-11,SKU_0012,22.813998100785764,0,8.92,8.92
2024-09-12,SKU_0012,23.54909776752667,0,5.68,5.68
2024-09-13,SKU_0012,24.554683945465577,0,6.77,6.77
2024-09-14,SKU_0012,24.34411657696732,0,5.42,5.42
2024-09-15,SKU_0012,21.77949630630619,0,7.01,7.01
2024-09-16,SKU_0012,22.67929320288949,0,6.79,6.79
2024-09-17,SKU_0012,21.92310344956046,0,8.29,8.29
2024-09-18,SKU_0012,22.650386922117562,0,8.09,8.09
2024-09-19,SKU_0012,22.354974527288416,0,11.98,11.98
2024-09-20,SKU_0012,22.67654732602652,0,5.38,5.38
2024-09-21,SKU_0012,21.646233133243673,0,4.26,4.26
2024-09-22,SKU_0012,22.79850096488371,0,4.98,4.98
2024-09-23,SKU_0012,21.229506802302424,1,10.1,10.1
2024-09-24,SKU_0012,24.291493074059026,0,9.43,9.43
2024-09-25,SKU_0012,27.782411146683465,0,4.88,4.88
2024-09-26,SKU_0012,30.641800402684574,1,6.9,6.9
2024-09-27,SKU_0012,33.07884129457686,0,3.8,3.8
2024-09-28,SKU_0012,32.91146050323896,0,4.02,4.02
2024-09-29,SKU_0012,35.297556586193934,0,3.5,3.5
2024-09-30,SKU_0012,35.09445543311553,0,5.25,5.25
2024-10-01,SKU_0012,31.971091395113774,0,5.49,5.49
2024-10-02,SKU_0012,34.98866617349075,0,4.55,4.55
2024-10-03,SKU_0012,37.44052422352285,0,4.59,4.59
2024-10-04,SKU_0012,37.37018921418037,0,2.38,2.38
2024-10-05,SKU_0012,34.72160970917315,0,2.07,2.07
2024-10-06,SKU_0012,33.52160682307033,0,3.95,3.95
2024-10-07,SKU_0012,30.05176743189565,0,4.85,4.85
2024-10-08,SKU_0012,31.80508958358886,0,6.27,6.27
2024-10-09,SKU_0012,28.888043470432585,0,5.15,5.15
2024-10-10,SKU_0012,29.389505092556444,0,6.88,6.88
2024-10-11,SKU_0012,27.938789840851317,0,5.23,5.23
2024-10-12,SKU_0012,25.646672430809012,0,4.31,4.31
2024-10-13,SKU_0012,26.016088601266393,0,4.73,4.73
2024-10-14,SKU_0012,25.500222455874486,0,6.21,6.21
2024-10-15,SKU_0012,26.81545826627927,0,5.47,5.47
2024-10-16,SKU_0012,24.851601722217847,0,6.91,6.91
2024-10-17,SKU_0012,23.747644042733356,0,7.55,7.55
2024-10-18,SKU_0012,20.578046318998467,0,6.3,6.3
2024-10-19,SKU_0012,18.050330482848345,1,7.91,7.91
2024-10-20,SKU_0012,20.106749174089686,0,6.78,6.78
2024-10-21,SKU_0012,22.784293868229266,0,8.0,8.0
2024-10-22,SKU_0012,22.911409214599757,0,9.96,7.74
2024-10-23,SKU_0012,21.806438702534166,0,9.94,9.94
2024-10-24,SKU_0012,21.419427643079075,0,9.62,9.62
2024-10-25,SKU_0012,22.572058597596893,1,11.51,11.51
2024-10-26,SKU_0012,21.886050161637815,0,5.53,5.53
2024-10-27,SKU_0012,22.200337400135528,1,5.72,5.72
2024-10-28,SKU_0012,22.183352583265464,0,8.94,6.31
2024-10-29,SKU_0012,21.43903581193713,0,7.43,0.0
2024-10-30,SKU_0012,20.772745167147416,0,7.69,7.69
2024-10-31,SKU_0012,21.141565915397425,1,10.38,10.38
2024-11-01,SKU_0012,19.938006070943644,0,12.04,12.04
2024-11-02,SKU_0012,20.485790999096817,0,6.57,6.57
2024-11-03,SKU_0012,19.91427450212623,0,5.4,5.4
2024-11-04,SKU_0012,20.06704313856878,0,7.15,7.15
2024-11-05,SKU_0012,21.80450453506914,0,8.82,8.82
2024-11-06,SKU_0012,21.58557042953997,0,10.39,10.39
2024-11-07,SKU_0012,22.810325726859354,0,8.2,8.2
2024-11-08,SKU_0012,20.48496791734151,0,5.97,5.97
2024-11-09,SKU_0012,19.91492725844188,0,6.76,6.76
2024-11-10,SKU_0012,19.948039768495388,0,5.97,5.97
2024-11-11,SKU_0012,22.38812584359975,0,8.93,8.93
2024-11-12,SKU_0012,19.904256374925357,0,10.23,10.23
2024-11-13,SKU_0012,19.789688225230805,0,9.13,9.13
2024-11-14,SKU_0012,21.59717105394878,1,14.96,14.96
2024-11-15,SKU_0012,20.603503045113847,0,7.85,7.85
2024-11-16,SKU_0012,20.342062434642724,0,5.72,5.72
2024-11-17,SKU_0012,20.751014199156018,0,7.57,7.57
2024-11-18,SKU_0012,20.98201486499892,0,9.11,9.11
2024-11-19,SKU_0012,23.048757519965147,0,10.85,10.85
2024-11-20,SKU_0012,23.67738309942609,0,9.91,9.91
2024-11-21,SKU_0012,25.640847020709604,0,6.64,6.64
2024-11-22,SKU_0012,25.09293080407078,0,4.1,4.1
2024-11-23,SKU_0012,24.002419566140627,0,5.38,5.38
2024-11-24,SKU_0012,23.679536798281617,0,6.03,6.03
2024-11-25,SKU_0012,22.088675653786645,0,7.76,7.76
2024-11-26,SKU_0012,22.7388693222987,0,4.86,4.86
2024-11-27,SKU_0012,22.218451189657827,0,10.93,10.93
2024-11-28,SKU_0012,21.340693528706318,0,7.49,7.49
2024-11-29,SKU_0012,21.988844331807446,1,12.3,12.3
2024-11-30,SKU_0012,20.530514718509732,0,9.13,9.13
2024-12-01,SKU_0012,21.5019243349136,0,6.21,6.21
2024-12-02,SKU_0012,20.893585370060723,0,9.22,9.22
2024-12-03,SKU_0012,22.39836529763909,0,9.32,9.32
2024-12-04,SKU_0012,21.876734569817245,0,11.07,11.07
2024-12-05,SKU_0012,22.7221064656802,0,8.66,8.66
2024-12-06,SKU_0012,22.96823205425656,0,6.09,6.09
2024-12-07,SKU_0012,24.016621630308286,0,4.53,4.53
2024-12-08,SKU_0012,24.17557853286309,1,12.13,12.13
2024-12-09,SKU_0012,21.879259370103384,0,8.9,8.9
2024-12-10,SKU_0012,23.244458038989748,0,10.67,10.67
2024-12-11,SKU_0012,23.122490633354623,0,10.29,10.29
2024-12-12,SKU_0012,24.244183404384565,0,9.71,9.71
2024-12-13,SKU_0012,25.269332785075562,0,5.11,5.11
2024-12-14,SKU_0012,24.123675128194286,0,5.62,5.62
2024-12-15,SKU_0012,22.835263923968977,0,7.01,7.01
2024-12-16,SKU_0012,23.751063549924,0,9.72,9.72
2024-12-17,SKU_0012,23.322822060523173,0,15.74,15.74
2024-12-18,SKU_0012,24.6707449216382,1,14.92,14.92
2024-12-19,SKU_0012,24.408369089452403,0,7.11,7.11
2024-12-20,SKU_0012,25.95412757177294,0,4.76,4.76
2024-12-21,SKU_0012,26.621759951403664,0,4.16,4.16
2024-12-22,SKU_0012,27.085740924952685,0,4.45,4.45
2024-12-23,SKU_0012,26.484687938628756,0,3.74,3.74
2024-12-24,SKU_0012,26.85662171078182,0,6.87,6.87
2024-12-25,SKU_0012,28.849237768363434,0,8.64,8.64
2024-12-26,SKU_0012,28.75554575817776,1,10.49,10.49
2024-12-27,SKU_0012,29.686758694690262,0,4.94,4.94
2024-12-28,SKU_0012,29.76945047308861,0,3.19,3.19
2024-12-29,SKU_0012,29.99284815291341,1,8.85,8.85
2024-12-30,SKU_0012,33.26027040457336,0,5.64,5.64
2024-01-01,SKU_0013,10.166059291131415,0,14.01,14.01
2024-01-02,SKU_0013,10.803023231431176,0,9.96,9.96
2024-01-03,SKU_0013,11.032674699297969,0,14.22,14.22
2024-01-04,SKU_0013,11.143172613272293,1,21.05,21.05
2024-01-05,SKU_0013,12.105560042451371,0,9.89,9.89
2024-01-06,SKU_0013,13.018147771247317,0,7.94,7.94
2024-01-07,SKU_0013,13.95484902444439,1,11.84,11.84
2024-01-08,SKU_0013,14.342509785604538,0,9.16,9.16
2024-01-09,SKU_0013,14.045107883526395,0,12.5,12.5
2024-01-10,SKU_0013,14.706677343812341,0,9.07,9.07
2024-01-11,SKU_0013,15.444672873250124,0,7.02,7.02
2024-01-12,SKU_0013,15.269019371220436,0,8.09,8.09
2024-01-13,SKU_0013,14.950592972071854,0,7.39,7.39
2024-01-14,SKU_0013,16.00257679415456,1,9.68,9.68
2024-01-15,SKU_0013,17.682876208128167,0,6.96,6.96
2024-01-16,SKU_0013,16.905397989274306,0,8.12,8.12
2024-01-17,SKU_0013,16.640348489489746,0,9.64,9.64
2024-01-18,SKU_0013,16.99444222460208,0,8.65,8.65
2024-01-19,SKU_0013,17.49792500058097,0,6.78,6.78
2024-01-20,SKU_0013,16.9580105490267,0,9.3,9.3
2024-01-21,SKU_0013,18.98694350063598,0,4.18,4.18
2024-01-22,SKU_0013,19.473942204102077,0,11.54,11.54
2024-01-23,SKU_0013,20.104833910502983,0,5.4,5.4
2024-01-24,SKU_0013,22.34255875701729,0,6.75,6.75
2024-01-25,SKU_0013,21.748605196615138,0,4.57,4.57
2024-01-26,SKU_0013,21.633514598897516,0,5.01,5.01
2024-01-27,SKU_0013,20.06635195582717,0,5.42,5.42
2024-01-28,SKU_0013,19.85991446926148,0,4.85,4.85
2024-01-29,SKU_0013,18.162657498463822,0,8.27,8.27
2024-01-30,SKU_0013,18.996194350070034,0,7.04,7.04
2024-01-31,SKU_0013,19.480977307465984,0,5.12,5.12
2024-02-01,SKU_0013,19.159799506568543,0,8.0,8.0
2024-02-02,SKU_0013,19.044700727731282,0,5.78,5.78
2024-02-03,SKU_0013,19.934997805761576,0,4.16,4.16
2024-02-04,SKU_0013,18.621728643756093,0,4.95,4.95
2024-02-05,SKU_0013,18.85124911219408,0,7.14,7.14
2024-02-06,SKU_0013,19.659285396875656,0,6.32,6.32
2024-02-07,SKU_0013,17.665495342896726,0,9.71,9.71
2024-02-08,SKU_0013,18.406605627476928,0,9.64,9.64
2024-02-09,SKU_0013,16.64759653720628,0,10.65,10.65
2024-02-10,SKU_0013,16.530550012219017,0,8.02,8.02
2024-02-11,SKU_0013,15.416012140075011,0,7.36,7.36
2024-02-12,SKU_0013,16.798364212541898,0,8.28,8.28
2024-02-13,SKU_0013,15.671664144429089,1,13.37,13.37
2024-02-14,SKU_0013,14.194333797092924,0,11.33,6.51
2024-02-15,SKU_0013,14.308360046742179,0,13.08,0.0
2024-02-16,SKU_0013,13.95756710911411,0,8.62,0.0
2024-02-17,SKU_0013,12.752731609950425,0,9.52,9.52
2024-02-18,SKU_0013,13.161480301984675,0,7.44,7.44
2024-02-19,SKU_0013,11.679141357410602,1,24.36,24.36
2024-02-20,SKU_0013,10.97511022754078,0,16.27,16.27
2024-02-21,SKU_0013,10.602787160202958,0,23.6,1.28
2024-02-22,SKU_0013,11.125616583211855,0,13.76,0.0
2024-02-23,SKU_0013,12.024886192998595,0,9.84,0.0
2024-02-24,SKU_0013,12.84744921011391,0,11.57,11.57
2024-02-25,SKU_0013,12.729840196093026,0,8.45,8.45
2024-02-26,SKU_0013,11.004566956192136,0,10.68,10.68
2024-02-27,SKU_0013,11.265686868947652,0,13.75,13.75
2024-02-28,SKU_0013,12.304880472949785,0,18.51,18.51
2024-02-29,SKU_0013,13.250342412709388,0,14.61,11.17
2024-03-01,SKU_0013,13.623555753006256,0,8.35,0.0
2024-03-02,SKU_0013,12.685126549235951,0,8.04,8.04
2024-03-03,SKU_0013,12.291546492633248,0,11.63,11.63
2024-03-04,SKU_0013,13.803754398139123,0,13.99,13.99
2024-03-05,SKU_0013,12.678870159750604,0,14.3,14.3
2024-03-06,SKU_0013,11.835060645813748,0,18.58,18.58
2024-03-07,SKU_0013,12.523657558885676,0,16.33,0.91
2024-03-08,SKU_0013,12.203830838557895,0,17.61,0.0
2024-03-09,SKU_0013,11.368479824803487,0,8.52,8.52
2024-03-10,SKU_0013,12.459991971312075,0,8.8,8.8
2024-03-11,SKU_0013,12.809489042120505,0,10.88,10.88
2024-03-12,SKU_0013,12.519383932954018,1,24.48,24.48
2024-03-13,SKU_0013,11.687637598442,0,16.21,16.21
2024-03-14,SKU_0013,13.215310733889316,0,13.63,13.63
2024-03-15,SKU_0013,13.195936646349992,0,10.58,10.58
2024-03-16,SKU_0013,14.349981257815454,0,7.8,7.8
2024-03-17,SKU_0013,15.140399713334801,0,7.87,7.87
2024-03-18,SKU_0013,14.674518512223827,0,12.3,12.3
2024-03-19,SKU_0013,14.229767712867563,0,10.29,10.29
2024-03-20,SKU_0013,15.519774454562429,0,11.18,11.18
2024-03-21,SKU_0013,16.94319065834493,1,9.94,9.94
2024-03-22,SKU_0013,15.138649806323034,0,8.96,8.96
2024-03-23,SKU_0013,15.646353382491094,0,6.67,6.67
2024-03-24,SKU_0013,15.532972007109963,0,9.24,9.24
2024-03-25,SKU_0013,14.599183479252575,0,10.1,10.1
2024-03-26,SKU_0013,14.830270065730726,0,10.83,10.83
2024-03-27,SKU_0013,13.676712367456554,0,13.13,13.13
2024-03-28,SKU_0013,13.299244618547714,0,18.04,18.04
2024-03-29,SKU_0013,12.677120255784942,0,8.03,8.03
2024-03-30,SKU_0013,12.302608809244958,1,11.97,11.97
2024-03-31,SKU_0013,12.24995947205492,0,10.49,10.49
2024-04-01,SKU_0013,11.525807239091023,0,12.41,12.41
2024-04-02,SKU_0013,12.666736327715649,0,16.28,16.28
2024-04-03,SKU_0013,13.04723670499216,0,14.57,14.57
2024-04-04,SKU_0013,14.530503745292226,1,16.58,16.58
2024-04-05,SKU_0013,14.391609284283248,0,9.42,1.88
2024-04-06,SKU_0013,13.925447899402583,0,8.01,8.01
2024-04-07,SKU_0013,15.474954638549292,0,5.79,5.79
2024-04-08,SKU_0013,14.94742886692907,0,10.13,10.13
2024-04-09,SKU_0013,14.788380655518472,0,8.34,8.34
2024-04-10,SKU_0013,15.441282833420459,0,10.15,10.15
2024-04-11,SKU_0013,14.336103527524534,0,12.66,12.66
2024-04-12,SKU_0013,14.96117868880344,0,11.03,11.03
2024-04-13,SKU_0013,15.494104283667681,0,11.22,11.22
2024-04-14,SKU_0013,16.720225624491498,0,6.15,6.15
