data/raw/sales.csv
date,sku,price,promo,true_demand_qty,sales_qty
2024-04-15,SKU_0013,17.63740219777541,1,9.07,9.07
2024-04-16,SKU_0013,19.068170389815297,0,9.19,9.19
2024-04-17,SKU_0013,18.942255346929898,0,12.62,12.62
2024-04-18,SKU_0013,17.986742163739013,0,11.3,11.3
2024-04-19,SKU_0013,20.41426793382021,0,4.55,4.55
2024-04-20,SKU_0013,18.627376025487735,1,7.31,7.31
2024-04-21,SKU_0013,17.099368674973352,0,7.66,7.66
2024-04-22,SKU_0013,17.68911052482632,1,12.82,12.82
2024-04-23,SKU_0013,19.5006615094537,0,8.97,8.97
2024-04-24,SKU_0013,19.723709486337743,0,7.45,7.45
2024-04-25,SKU_0013,20.94248061243081,0,7.49,7.49
2024-04-26,SKU_0013,18.5789923272586,0,7.63,7.63
2024-04-27,SKU_0013,18.030392385725587,0,4.65,4.65
2024-04-28,SKU_0013,16.112928005565756,1,12.67,12.67
2024-04-29,SKU_0013,16.885353493563212,1,13.76,13.76
2024-04-30,SKU_0013,15.38838046521043,0,9.48,9.48
2024-05-01,SKU_0013,14.252660322970799,1,21.35,21.35
2024-05-02,SKU_0013,14.699082706500565,0,12.76,12.76
2024-05-03,SKU_0013,15.666028090657102,0,9.44,9.44
2024-05-04,SKU_0013,15.517314508653122,0,9.37,9.37
2024-05-05,SKU_0013,16.05735204114983,0,6.91,6.91
2024-05-06,SKU_0013,16.583929197616776,0,8.77,8.77
2024-05-07,SKU_0013,16.370951171384654,0,5.89,5.89
2024-05-08,SKU_0013,15.330221863223096,1,19.8,19.8
2024-05-09,SKU_0013,15.85872226634112,0,11.82,6.18
2024-05-10,SKU_0013,16.452959850136914,0,9.64,0.0
2024-05-11,SKU_0013,17.359620620070356,0,4.78,4.78
2024-05-12,SKU_0013,17.68772401983397,0,7.24,7.24
2024-05-13,SKU_0013,16.490110637969725,0,10.01,10.01
2024-05-14,SKU_0013,17.187480753485413,0,8.07,8.07
2024-05-15,SKU_0013,17.186056575102747,0,11.79,11.79
2024-05-16,SKU_0013,16.695415222505503,0,9.7,9.7
2024-05-17,SKU_0013,16.40286465930494,0,5.18,5.18
2024-05-18,SKU_0013,15.73740815386272,0,7.33,7.33
2024-05-19,SKU_0013,16.599477018425322,0,5.51,5.51
2024-05-20,SKU_0013,15.245498908366006,0,6.42,6.42
2024-05-21,SKU_0013,14.363282873441179,0,12.53,12.53
2024-05-22,SKU_0013,14.082723702033652,0,12.26,12.26
2024-05-23,SKU_0013,15.5144807179567,0,12.77,12.77
2024-05-24,SKU_0013,16.52758264403495,0,7.34,7.34
2024-05-25,SKU_0013,14.977966368234116,1,11.21,11.21
2024-05-26,SKU_0013,16.24298361084644,0,7.21,7.21
2024-05-27,SKU_0013,17.612805994008596,0,8.85,8.85
2024-05-28,SKU_0013,16.414839137775655,0,7.95,7.95
2024-05-29,SKU_0013,14.11020444262511,0,12.67,12.67
2024-05-30,SKU_0013,14.049193017029365,1,14.76,12.17
2024-05-31,SKU_0013,15.027929285403177,0,9.06,0.0
2024-06-01,SKU_0013,16.533458909487802,0,6.19,6.19
2024-06-02,SKU_0013,15.691772093508648,0,5.94,5.94
2024-06-03,SKU_0013,17.4310875134481,0,6.71,6.71
2024-06-04,SKU_0013,15.249997010718646,0,14.35,14.35
2024-06-05,SKU_0013,14.916921954958411,0,7.87,7.87
2024-06-06,SKU_0013,14.548146978131829,0,11.72,11.72
2024-06-07,SKU_0013,15.589597291773686,0,9.49,9.49
2024-06-08,SKU_0013,16.85255031757257,0,6.3,6.3
2024-06-09,SKU_0013,17.845572153563026,0,8.15,8.15
2024-06-10,SKU_0013,16.456530937620887,0,9.2,9.2
2024-06-11,SKU_0013,17.330701083487074,1,12.73,12.73
2024-06-12,SKU_0013,17.86819069615796,0,7.65,7.65
2024-06-13,SKU_0013,16.163377141892735,1,12.99,12.99
2024-06-14,SKU_0013,14.278104115609066,0,9.39,0.98
2024-06-15,SKU_0013,15.19560954622589,0,6.35,6.35
2024-06-16,SKU_0013,15.032290425785757,0,5.89,5.89
2024-06-17,SKU_0013,13.916701378362157,0,7.42,7.42
2024-06-18,SKU_0013,13.743958437035674,0,11.88,11.88
2024-06-19,SKU_0013,14.047462943014464,1,11.94,11.94
2024-06-20,SKU_0013,13.977805334900252,1,13.07,13.07
2024-06-21,SKU_0013,12.7349676633856,0,5.78,5.78
2024-06-22,SKU_0013,14.260378871323319,0,8.02,8.02
2024-06-23,SKU_0013,15.146024095750429,0,8.33,8.33
2024-06-24,SKU_0013,14.844292003504082,0,8.56,8.56
2024-06-25,SKU_0013,14.58377683381122,0,14.84,14.84
2024-06-26,SKU_0013,14.90175481472722,0,13.55,13.55
2024-06-27,SKU_0013,13.92522153820021,0,11.13,6.96
2024-06-28,SKU_0013,14.197448725758498,0,7.71,0.0
2024-06-29,SKU_0013,13.107942380200587,1,9.7,9.7
2024-06-30,SKU_0013,13.05258609118155,0,8.9,8.9
2024-07-01,SKU_0013,12.168759758281322,0,10.56,10.56
2024-07-02,SKU_0013,11.379198016085752,0,15.87,15.87
2024-07-03,SKU_0013,12.560165151127768,0,14.54,14.54
2024-07-04,SKU_0013,12.604877769226169,0,10.84,7.19
2024-07-05,SKU_0013,12.762717847768078,0,11.13,0.0
2024-07-06,SKU_0013,11.311789054555529,0,8.55,8.55
2024-07-07,SKU_0013,10.913770664014143,0,10.01,10.01
2024-07-08,SKU_0013,11.220002048339747,0,9.77,9.77
2024-07-09,SKU_0013,11.35145873541228,0,13.19,13.19
2024-07-10,SKU_0013,9.975224505419613,0,26.64,26.64
2024-07-11,SKU_0013,10.099972936923118,0,12.61,0.52
2024-07-12,SKU_0013,10.32456773946961,0,12.81,0.0
2024-07-13,SKU_0013,11.15125438456206,0,8.13,8.13
2024-07-14,SKU_0013,10.721361201136922,0,6.41,6.41
2024-07-15,SKU_0013,9.371882676846033,0,16.68,16.68
2024-07-16,SKU_0013,8.827816984998346,0,17.29,17.29
2024-07-17,SKU_0013,8.265447341825826,0,23.41,23.41
2024-07-18,SKU_0013,8.638996129220484,0,22.35,0.12
2024-07-19,SKU_0013,7.339584196284009,0,19.35,0.0
2024-07-20,SKU_0013,7.144771313844801,0,17.31,17.31
2024-07-21,SKU_0013,7.782896213197823,0,12.81,12.81
2024-07-22,SKU_0013,7.786264973037447,0,21.74,21.74
2024-07-23,SKU_0013,8.216466821230773,0,20.07,20.07
2024-07-24,SKU_0013,7.445668020800406,0,16.64,11.88
2024-07-25,SKU_0013,6.763314082141123,0,29.75,0.0
2024-07-26,SKU_0013,7.372431469414605,0,22.47,0.0
2024-07-27,SKU_0013,7.417339894937975,0,20.19,20.19
2024-07-28,SKU_0013,7.463443850936069,0,24.36,24.36
2024-07-29,SKU_0013,6.979154518074765,0,25.07,25.07
2024-07-30,SKU_0013,7.021484647737418,0,28.12,28.12
2024-07-31,SKU_0013,6.554936499681395,0,36.04,20.66
2024-08-01,SKU_0013,7.03875041673731,0,19.5,0.0
2024-08-02,SKU_0013,8.290418906254404,0,10.63,0.0
2024-08-03,SKU_0013,8.534672316559877,0,10.96,10.96
2024-08-04,SKU_0013,8.215644311186518,0,17.41,17.41
2024-08-05,SKU_0013,7.057004570317831,0,18.11,18.11
2024-08-06,SKU_0013,6.378626759778673,0,31.14,31.14
2024-08-07,SKU_0013,7.0023411464791465,0,28.96,28.96
2024-08-08,SKU_0013,6.583016217599671,0,26.27,26.27
2024-08-09,SKU_0013,6.438160992330852,0,16.03,0.65
2024-08-10,SKU_0013,6.696349302111606,1,24.74,24.74
2024-08-11,SKU_0013,7.319191606290502,0,14.25,14.25
2024-08-12,SKU_0013,7.232065429761118,0,27.47,27.47
2024-08-13,SKU_0013,7.058585364488164,0,30.25,30.25
2024-08-14,SKU_0013,7.088983220098391,0,23.0,21.03
2024-08-15,SKU_0013,6.826988478777654,0,33.14,0.0
2024-08-16,SKU_0013,6.595941255910522,0,20.99,0.0
2024-08-17,SKU_0013,6.760976320206765,0,11.46,11.46
2024-08-18,SKU_0013,6.8365607903981385,0,16.46,16.46
2024-08-19,SKU_0013,7.769308118340014,0,24.04,24.04
2024-08-20,SKU_0013,7.976598314121623,0,16.91,16.91
2024-08-21,SKU_0013,8.547003699620868,0,18.51,18.51
2024-08-22,SKU_0013,8.014910876700794,0,13.9,13.9
2024-08-23,SKU_0013,8.271477110916488,1,15.37,15.37
2024-08-24,SKU_0013,7.9203407036778755,0,10.66,10.66
2024-08-25,SKU_0013,8.11051541265723,0,10.12,10.12
2024-08-26,SKU_0013,8.452584856146963,1,18.66,18.66
2024-08-27,SKU_0013,8.477913969393603,0,25.45,25.45
2024-08-28,SKU_0013,9.795312634540924,1,21.11,21.11
2024-08-29,SKU_0013,10.67156529164361,0,14.07,14.07
2024-08-30,SKU_0013,11.452607974598587,0,10.87,10.87
2024-08-31,SKU_0013,11.990020110538328,0,5.56,5.56
2024-09-01,SKU_0013,13.328122750822262,0,5.38,5.38
2024-09-02,SKU_0013,12.227140811436692,0,10.36,10.36
2024-09-03,SKU_0013,13.274901200928225,0,8.33,8.33
2024-09-04,SKU_0013,12.508400591293272,0,12.28,12.28
2024-09-05,SKU_0013,12.091952137876937,0,13.93,13.93
2024-09-06,SKU_0013,12.506189295295608,0,5.7,5.7
2024-09-07,SKU_0013,13.466658304143955,0,5.42,5.42
2024-09-08,SKU_0013,12.56609453987402,0,6.55,6.55
2024-09-09,SKU_0013,12.185534904979077,1,11.08,11.08
2024-09-10,SKU_0013,12.25705278793447,0,9.26,9.26
2024-09-11,SKU_0013,12.120758350125989,0,10.0,10.0
2024-09-12,SKU_0013,12.758037593805138,0,9.11,9.11
2024-09-13,SKU_0013,15.678919913142792,0,5.69,5.69
2024-09-14,SKU_0013,16.078393820402,0,5.44,5.44
2024-09-15,SKU_0013,15.384562716930821,1,7.06,7.06
2024-09-16,SKU_0013,14.233154766986619,0,8.81,8.81
2024-09-17,SKU_0013,13.958084173033528,0,7.68,7.68
2024-09-18,SKU_0013,13.1924389395555,1,10.66,10.66
2024-09-19,SKU_0013,13.567766175647,0,7.83,7.83
2024-09-20,SKU_0013,13.940777012150452,0,7.07,7.07
2024-09-21,SKU_0013,13.558695167003648,0,6.74,6.74
2024-09-22,SKU_0013,15.273592428230874,0,6.84,6.84
2024-09-23,SKU_0013,14.614270939694412,0,7.15,7.15
2024-09-24,SKU_0013,14.509921384491282,0,9.47,9.47
2024-09-25,SKU_0013,15.077181000703217,0,10.56,10.56
2024-09-26,SKU_0013,15.906148020388203,0,5.68,5.68
2024-09-27,SKU_0013,17.173376277074965,0,4.6,4.6
2024-09-28,SKU_0013,17.62062485085833,0,6.83,6.83
2024-09-29,SKU_0013,18.767466106916313,0,4.53,4.53
2024-09-30,SKU_0013,18.033269441559426,0,5.56,5.56
2024-10-01,SKU_0013,19.05449957446858,0,6.64,6.64
2024-10-02,SKU_0013,20.11743839605223,0,4.1,4.1
2024-10-03,SKU_0013,22.029010005005034,0,3.7,3.7
2024-10-04,SKU_0013,19.930556603910247,0,3.18,3.18
2024-10-05,SKU_0013,18.87471271915374,0,3.88,3.88
2024-10-06,SKU_0013,19.83030916147586,0,3.29,3.29
2024-10-07,SKU_0013,16.91379674316477,0,5.61,5.61
2024-10-08,SKU_0013,17.42054112959373,0,5.93,5.93
2024-10-09,SKU_0013,18.564261359854743,0,4.34,4.34
2024-10-10,SKU_0013,17.933236615211868,0,6.72,6.72
2024-10-11,SKU_0013,17.476277419465635,0,3.3,3.3
2024-10-12,SKU_0013,16.385489300917595,0,3.77,3.77
2024-10-13,SKU_0013,15.880680654211183,0,3.73,3.73
2024-10-14,SKU_0013,15.418208901462405,0,5.28,5.28
2024-10-15,SKU_0013,14.799282955899256,1,11.59,11.59
2024-10-16,SKU_0013,14.158540911789807,0,11.33,11.33
2024-10-17,SKU_0013,13.930180605272442,0,5.91,5.91
2024-10-18,SKU_0013,13.69555727808729,0,5.96,5.96
2024-10-19,SKU_0013,15.325519926919666,0,3.41,3.41
2024-10-20,SKU_0013,14.967307153359545,0,4.72,4.72
2024-10-21,SKU_0013,15.279580242906547,0,6.53,6.53
2024-10-22,SKU_0013,14.759756686153295,0,9.43,9.43
2024-10-23,SKU_0013,14.246746826974748,1,8.09,6.92
2024-10-24,SKU_0013,12.861860162927318,1,14.21,0.0
2024-10-25,SKU_0013,11.704628720157578,1,9.63,0.0
2024-10-26,SKU_0013,10.88694629453053,0,6.19,6.19
2024-10-27,SKU_0013,11.007603859929356,0,8.39,8.39
2024-10-28,SKU_0013,11.741818653923554,1,14.9,14.9
2024-10-29,SKU_0013,10.548217008283737,1,17.93,17.63
2024-10-30,SKU_0013,10.206372025302972,0,11.5,0.0
2024-10-31,SKU_0013,9.402717949475138,0,14.05,0.0
2024-11-01,SKU_0013,9.254798422462065,0,10.22,0.0
2024-11-02,SKU_0013,9.871860488446252,0,10.36,10.36
2024-11-03,SKU_0013,9.610683948230482,0,12.6,12.6
2024-11-04,SKU_0013,9.583322734305792,0,15.56,15.56
2024-11-05,SKU_0013,10.45769505551147,0,13.43,13.43
2024-11-06,SKU_0013,10.748993606628295,0,16.93,2.23
2024-11-07,SKU_0013,10.269790462441248,0,10.5,0.0
2024-11-08,SKU_0013,10.368180388122216,1,20.42,0.0
2024-11-09,SKU_0013,9.865941736594083,0,7.61,7.61
2024-11-10,SKU_0013,10.118015199418563,0,6.41,6.41
2024-11-11,SKU_0013,10.43575538359265,0,15.09,15.09
2024-11-12,SKU_0013,9.613884400295932,0,13.39,13.39
2024-11-13,SKU_0013,9.715449110664768,0,16.25,16.25
2024-11-14,SKU_0013,9.6471536651396,0,11.66,11.66
2024-11-15,SKU_0013,9.96763713798608,0,17.71,9.21
2024-11-16,SKU_0013,10.477440078684173,0,12.61,12.61
2024-11-17,SKU_0013,10.781927555679715,0,12.23,12.23
2024-11-18,SKU_0013,10.587560315255349,0,11.68,11.68
2024-11-19,SKU_0013,11.197377040377418,0,15.48,15.48
2024-11-20,SKU_0013,10.625914603886507,0,14.14,14.14
2024-11-21,SKU_0013,9.816498316595364,0,17.86,0.25
2024-11-22,SKU_0013,8.103914939641676,0,13.87,0.0
2024-11-23,SKU_0013,8.069881625344175,0,17.7,17.7
2024-11-24,SKU_0013,7.681739564627723,0,13.44,13.44
2024-11-25,SKU_0013,7.867271420424955,0,16.58,16.58
2024-11-26,SKU_0013,6.989700107459739,0,22.92,22.92
2024-11-27,SKU_0013,6.723487137338345,0,28.82,28.82
2024-11-28,SKU_0013,6.915900173244328,1,30.76,5.52
2024-11-29,SKU_0013,6.501500294202606,0,23.12,0.0
2024-11-30,SKU_0013,6.663123507159677,0,15.66,15.66
2024-12-01,SKU_0013,6.4441130845488654,0,22.59,22.59
2024-12-02,SKU_0013,6.431440334286472,0,32.68,32.68
2024-12-03,SKU_0013,6.665253555692382,1,38.99,24.33
2024-12-04,SKU_0013,7.05739368671282,0,41.33,0.0
2024-12-05,SKU_0013,7.096667884458395,0,29.49,0.0
2024-12-06,SKU_0013,6.7583903253260225,0,31.19,0.0
2024-12-07,SKU_0013,6.575183013322372,0,17.77,17.77
2024-12-08,SKU_0013,6.831332393875365,0,13.06,13.06
2024-12-09,SKU_0013,6.425307690319755,0,21.48,21.48
2024-12-10,SKU_0013,6.357025144691937,0,26.69,26.69
2024-12-11,SKU_0013,6.211531460127426,0,26.85,26.85
2024-12-12,SKU_0013,6.17312856682681,0,18.89,18.89
2024-12-13,SKU_0013,5.810396533600783,0,31.6,31.6
2024-12-14,SKU_0013,5.199342408005079,0,17.65,17.65
2024-12-15,SKU_0013,5.3643580542818325,0,31.51,31.51
2024-12-16,SKU_0013,5.683826013852189,0,46.6,46.6
2024-12-17,SKU_0013,5.10435502855029,1,50.11,23.83
2024-12-18,SKU_0013,5.218602637873624,0,45.91,0.0
2024-12-19,SKU_0013,5.569028638363088,0,32.04,0.0
2024-12-20,SKU_0013,5.7717498985923905,0,31.43,0.0
2024-12-21,SKU_0013,5.629243699648151,0,18.49,18.49
2024-12-22,SKU_0013,5.319425543377221,0,26.43,26.43
2024-12-23,SKU_0013,5.345333844368012,0,42.07,42.07
2024-12-24,SKU_0013,5.4253971561121785,0,39.11,39.11
2024-12-25,SKU_0013,5.456674596307372,1,41.2,41.2
2024-12-26,SKU_0013,5.398015997068711,0,47.61,47.61
2024-12-27,SKU_0013,5.058512029117079,0,25.34,23.14
2024-12-28,SKU_0013,5.188443103621109,1,38.22,38.22
2024-12-29,SKU_0013,5.3371133828517525,0,31.1,31.1
2024-12-30,SKU_0013,5.401811008730964,0,34.77,34.77
2024-01-01,SKU_0014,13.942874109498637,0,26.07,26.07
2024-01-02,SKU_0014,13.566959031751283,0,22.68,22.68
2024-01-03,SKU_0014,11.448595236044104,0,25.06,25.06
2024-01-04,SKU_0014,11.892774265745226,0,24.92,24.92
2024-01-05,SKU_0014,11.965072366384899,0,18.43,18.43
2024-01-06,SKU_0014,12.037024910755454,1,20.19,20.19
2024-01-07,SKU_0014,11.74958391700078,0,17.31,17.31
2024-01-08,SKU_0014,11.350987655373324,0,19.81,19.81
2024-01-09,SKU_0014,11.102051739418712,0,27.91,27.91
2024-01-10,SKU_0014,11.414900746003987,0,24.25,24.25
2024-01-11,SKU_0014,11.861129810208084,0,15.54,15.54
2024-01-12,SKU_0014,11.697846394016313,0,23.47,23.47
2024-01-13,SKU_0014,12.383203595523737,0,13.08,13.08
2024-01-14,SKU_0014,12.324665193983359,0,16.2,16.2
2024-01-15,SKU_0014,11.957383691298592,0,17.61,17.61
2024-01-16,SKU_0014,12.100586278269425,0,20.89,20.89
2024-01-17,SKU_0014,11.152801467843142,1,30.93,30.93
2024-01-18,SKU_0014,11.309621432197213,0,30.05,30.05
2024-01-19,SKU_0014,10.310088596820238,0,29.06,29.06
2024-01-20,SKU_0014,9.6935360200062,0,21.41,21.41
2024-01-21,SKU_0014,8.58775876014258,0,24.3,24.3
2024-01-22,SKU_0014,8.497999408769058,0,24.4,24.4
2024-01-23,SKU_0014,9.359658401508701,0,41.89,41.89
2024-01-24,SKU_0014,9.294140934638987,0,32.89,32.89
2024-01-25,SKU_0014,9.660054763998236,0,25.47,25.47
2024-01-26,SKU_0014,11.124369487864387,0,21.09,21.09
2024-01-27,SKU_0014,11.397357178592152,0,16.11,16.11
2024-01-28,SKU_0014,10.885904414785976,0,14.49,14.49
2024-01-29,SKU_0014,10.483626543346203,0,19.6,19.6
2024-01-30,SKU_0014,10.484040576073607,0,33.11,33.11
2024-01-31,SKU_0014,10.093387202832687,0,29.92,29.92
2024-02-01,SKU_0014,9.761003932140788,0,35.42,35.42
2024-02-02,SKU_0014,10.355424529973513,0,24.4,24.4
2024-02-03,SKU_0014,11.013038273037099,0,22.74,22.74
2024-02-04,SKU_0014,9.976839127982213,1,25.76,25.76
2024-02-05,SKU_0014,9.49890138694424,0,31.76,31.76
2024-02-06,SKU_0014,9.238096752080693,0,42.97,42.97
2024-02-07,SKU_0014,9.576203527969035,0,33.05,33.05
2024-02-08,SKU_0014,10.256029302734891,0,37.99,37.99
2024-02-09,SKU_0014,12.061081131731232,0,13.87,13.87
2024-02-10,SKU_0014,11.728754022522354,0,14.51,14.51
2024-02-11,SKU_0014,11.439813835791803,0,13.47,13.47
2024-02-12,SKU_0014,11.851019689932276,0,19.36,19.36
2024-02-13,SKU_0014,11.37571602973715,0,27.63,27.63
2024-02-14,SKU_0014,11.279909227562879,0,35.52,35.52
2024-02-15,SKU_0014,11.002482314656659,0,26.99,26.99
2024-02-16,SKU_0014,9.401052743499404,0,24.98,24.98
2024-02-17,SKU_0014,9.470821686989868,0,17.36,17.36
2024-02-18,SKU_0014,9.36776006001954,0,20.1,20.1
2024-02-19,SKU_0014,10.11023094767648,0,30.43,30.43
2024-02-20,SKU_0014,10.113562053611593,0,40.84,40.84
2024-02-21,SKU_0014,9.380119023537015,0,36.57,36.57
2024-02-22,SKU_0014,9.235978093555172,0,46.26,46.26
2024-02-23,SKU_0014,8.146933094818111,0,28.98,28.98
2024-02-24,SKU_0014,7.576008508241756,1,41.03,41.03
2024-02-25,SKU_0014,7.870462569656099,1,42.1,42.1
2024-02-26,SKU_0014,7.754523966170034,0,57.59,57.59
2024-02-27,SKU_0014,8.195841610718544,0,48.17,48.17
2024-02-28,SKU_0014,7.28351350389404,0,40.42,40.42
2024-02-29,SKU_0014,7.178322251911062,0,63.86,63.86
2024-03-01,SKU_0014,6.9764133374190145,0,64.08,64.08
2024-03-02,SKU_0014,7.38821269487402,0,32.97,32.97
2024-03-03,SKU_0014,7.6925445322754005,0,29.11,29.11
2024-03-04,SKU_0014,7.99476335124466,0,48.76,48.76
2024-03-05,SKU_0014,8.769425953484248,0,63.67,63.67
2024-03-06,SKU_0014,8.577874212159603,0,54.77,54.77
2024-03-07,SKU_0014,9.293274552027567,0,26.57,26.57
2024-03-08,SKU_0014,8.72889339593658,0,37.66,37.66
2024-03-09,SKU_0014,8.180767217286952,0,32.73,32.73
2024-03-10,SKU_0014,8.558720736807455,0,24.89,24.89
2024-03-11,SKU_0014,7.819857157188596,0,55.24,55.24
2024-03-12,SKU_0014,8.093264930615703,0,53.07,53.07
2024-03-13,SKU_0014,8.142612035108737,0,65.28,65.28
2024-03-14,SKU_0014,8.683478359780192,0,33.01,33.01
2024-03-15,SKU_0014,8.652562702033068,0,35.76,35.76
2024-03-16,SKU_0014,8.681709705661145,0,23.32,23.32
2024-03-17,SKU_0014,8.95108164836052,0,29.87,29.87
2024-03-18,SKU_0014,8.602177823971042,0,50.3,50.3
2024-03-19,SKU_0014,8.245297419707526,0,35.78,35.78
2024-03-20,SKU_0014,8.483378635803517,1,48.53,48.53
2024-03-21,SKU_0014,8.468484151984226,0,51.46,51.46
2024-03-22,SKU_0014,8.264032717935216,0,35.33,35.33
2024-03-23,SKU_0014,8.223086662084238,0,38.28,38.28
2024-03-24,SKU_0014,9.048682937832147,0,23.9,23.9
2024-03-25,SKU_0014,8.81132751184515,1,49.19,49.19
2024-03-26,SKU_0014,8.565280957270327,0,51.86,51.86
2024-03-27,SKU_0014,7.731247862696893,0,56.83,56.83
2024-03-28,SKU_0014,7.711626340373127,0,34.09,34.09
