data/raw/sales.csv
date,sku,price,promo,true_demand_qty,sales_qty
2024-03-29,SKU_0014,8.021633785976773,0,65.17,65.17
2024-03-30,SKU_0014,8.434361376895902,0,30.52,30.52
2024-03-31,SKU_0014,8.48930433930223,0,23.58,23.58
2024-04-01,SKU_0014,8.990397582854714,0,37.57,37.57
2024-04-02,SKU_0014,9.393621514208418,0,43.14,43.14
2024-04-03,SKU_0014,10.042317460746611,0,45.65,45.65
2024-04-04,SKU_0014,10.653261290520199,0,36.87,36.87
2024-04-05,SKU_0014,11.705569585757875,0,20.61,20.61
2024-04-06,SKU_0014,11.58699294928737,0,13.12,13.12
2024-04-07,SKU_0014,10.7001706396448,0,24.21,24.21
2024-04-08,SKU_0014,11.134883226562819,0,18.65,18.65
2024-04-09,SKU_0014,11.668769564351985,0,36.89,36.89
2024-04-10,SKU_0014,12.821401008481075,0,22.69,22.69
2024-04-11,SKU_0014,13.845955245214013,0,23.79,23.79
2024-04-12,SKU_0014,15.560279748382776,0,12.49,12.49
2024-04-13,SKU_0014,16.149881886234365,0,10.37,10.37
2024-04-14,SKU_0014,16.373126644908403,0,10.16,10.16
2024-04-15,SKU_0014,15.067534323167834,0,19.27,19.27
2024-04-16,SKU_0014,15.348660039875288,0,17.15,17.15
2024-04-17,SKU_0014,14.848190039989463,0,24.7,24.7
2024-04-18,SKU_0014,15.037823226965681,0,16.44,16.44
2024-04-19,SKU_0014,15.087089332171598,0,14.14,14.14
2024-04-20,SKU_0014,15.520215225897248,0,12.14,12.14
2024-04-21,SKU_0014,15.429843746729109,0,13.32,13.32
2024-04-22,SKU_0014,16.32021871627313,0,12.3,12.3
2024-04-23,SKU_0014,13.86011779171081,0,25.72,25.72
2024-04-24,SKU_0014,14.01902179296108,0,21.64,21.64
2024-04-25,SKU_0014,15.0678674599673,0,20.44,20.44
2024-04-26,SKU_0014,16.857023656690494,0,12.49,12.49
2024-04-27,SKU_0014,17.613842251341303,0,11.21,11.21
2024-04-28,SKU_0014,19.487594153035964,0,8.43,8.43
2024-04-29,SKU_0014,19.686128006045127,0,9.56,9.56
2024-04-30,SKU_0014,19.6895094785961,0,14.56,14.56
2024-05-01,SKU_0014,20.324985026396508,0,12.02,12.02
2024-05-02,SKU_0014,20.321089974549494,0,15.81,15.81
2024-05-03,SKU_0014,19.389231093469693,0,10.28,10.28
2024-05-04,SKU_0014,18.798994775583797,0,6.82,6.82
2024-05-05,SKU_0014,17.58549166117546,0,9.34,9.34
2024-05-06,SKU_0014,18.151929259476365,0,10.19,10.19
2024-05-07,SKU_0014,18.16434050306871,0,18.39,18.39
2024-05-08,SKU_0014,17.775892619012662,0,18.56,18.56
2024-05-09,SKU_0014,17.18165365678123,0,14.67,14.67
2024-05-10,SKU_0014,17.71028505645766,0,12.1,12.1
2024-05-11,SKU_0014,18.559326487168722,0,8.88,8.88
2024-05-12,SKU_0014,17.342178511619103,0,12.56,12.56
2024-05-13,SKU_0014,16.052755519786675,0,16.27,16.27
2024-05-14,SKU_0014,16.99894215006271,0,18.53,18.53
2024-05-15,SKU_0014,15.652695230256418,0,18.13,18.13
2024-05-16,SKU_0014,16.175412321957634,0,14.08,14.08
2024-05-17,SKU_0014,17.82330522606422,0,12.74,12.74
2024-05-18,SKU_0014,19.641820095158497,1,15.02,15.02
2024-05-19,SKU_0014,20.53094637082588,0,10.2,10.2
2024-05-20,SKU_0014,21.42293115996089,1,17.56,17.56
2024-05-21,SKU_0014,24.522139066149148,1,12.98,12.98
2024-05-22,SKU_0014,21.317164752191715,0,9.79,9.79
2024-05-23,SKU_0014,20.73146230607391,0,9.23,9.23
2024-05-24,SKU_0014,21.8142183585927,0,10.81,10.81
2024-05-25,SKU_0014,21.377196184246316,0,4.93,4.93
2024-05-26,SKU_0014,23.02801351075137,0,9.21,9.21
2024-05-27,SKU_0014,22.97370290631781,0,7.24,7.24
2024-05-28,SKU_0014,23.156021194881625,1,19.71,19.71
2024-05-29,SKU_0014,22.777526309488188,0,10.47,10.47
2024-05-30,SKU_0014,22.074513420519324,1,15.32,15.32
2024-05-31,SKU_0014,21.361646754162873,0,13.38,13.38
2024-06-01,SKU_0014,21.712043013041978,0,6.43,6.43
2024-06-02,SKU_0014,20.726087784152913,0,7.26,7.26
2024-06-03,SKU_0014,21.946012918612343,0,7.73,7.73
2024-06-04,SKU_0014,22.823233600931463,0,8.2,8.2
2024-06-05,SKU_0014,24.379534275848748,0,8.84,8.84
2024-06-06,SKU_0014,22.782861388212957,0,8.28,8.28
2024-06-07,SKU_0014,20.57424327421039,0,6.69,6.69
2024-06-08,SKU_0014,20.56907679772652,0,6.97,6.97
2024-06-09,SKU_0014,24.476582850646146,0,6.57,6.57
2024-06-10,SKU_0014,26.40859129761111,0,5.58,5.58
2024-06-11,SKU_0014,25.544514748180333,0,8.08,8.08
2024-06-12,SKU_0014,26.20350904220364,0,11.05,11.05
2024-06-13,SKU_0014,27.37276522407312,0,5.24,5.24
2024-06-14,SKU_0014,25.215156312841913,0,9.24,9.24
2024-06-15,SKU_0014,27.37479793808082,0,4.12,4.12
2024-06-16,SKU_0014,27.101182435575303,0,5.28,5.28
2024-06-17,SKU_0014,26.95412935847029,1,10.99,10.99
2024-06-18,SKU_0014,26.992622505556955,0,10.35,10.35
2024-06-19,SKU_0014,28.91140044769335,0,7.78,7.78
2024-06-20,SKU_0014,27.630633509656196,0,5.84,5.84
2024-06-21,SKU_0014,24.94084614026152,1,7.16,7.16
2024-06-22,SKU_0014,25.428845627580422,0,4.57,4.57
2024-06-23,SKU_0014,22.494361979363724,0,9.47,9.47
2024-06-24,SKU_0014,22.091622923005893,0,7.64,7.64
2024-06-25,SKU_0014,23.72219103858166,0,9.46,9.46
2024-06-26,SKU_0014,24.56092032293963,0,7.1,7.1
2024-06-27,SKU_0014,26.146045070856456,0,5.64,5.64
2024-06-28,SKU_0014,27.13756745469671,0,5.42,5.42
2024-06-29,SKU_0014,31.360184858642494,0,3.47,3.47
2024-06-30,SKU_0014,30.272651450250144,0,3.93,3.93
2024-07-01,SKU_0014,31.004507996447774,0,3.68,3.68
2024-07-02,SKU_0014,30.20010450726456,0,6.03,6.03
2024-07-03,SKU_0014,31.984565588215922,0,7.96,7.96
2024-07-04,SKU_0014,31.866616863022063,0,4.4,4.4
2024-07-05,SKU_0014,35.328487905099465,0,4.31,4.31
2024-07-06,SKU_0014,34.221041518338644,0,1.6,1.6
2024-07-07,SKU_0014,37.2357118035403,1,3.42,3.42
2024-07-08,SKU_0014,38.58473250735734,0,2.41,2.41
2024-07-09,SKU_0014,38.50965554338838,0,5.39,5.39
2024-07-10,SKU_0014,39.78363088752148,0,4.97,4.97
2024-07-11,SKU_0014,40.412187356244075,0,2.94,2.94
2024-07-12,SKU_0014,41.28456443127027,0,2.98,2.98
2024-07-13,SKU_0014,40.775296624150805,0,3.08,3.08
2024-07-14,SKU_0014,39.094473437218284,0,3.57,3.57
2024-07-15,SKU_0014,38.3163556494677,0,3.2,3.2
2024-07-16,SKU_0014,34.63581099963609,0,3.08,3.08
2024-07-17,SKU_0014,36.43045303687768,0,3.85,3.85
2024-07-18,SKU_0014,33.828214690469274,0,5.31,5.31
2024-07-19,SKU_0014,33.389329908212545,0,5.66,5.66
2024-07-20,SKU_0014,34.71316770042839,0,2.94,2.94
2024-07-21,SKU_0014,36.50622852796531,1,3.49,3.49
2024-07-22,SKU_0014,32.81887392441927,0,6.84,6.84
2024-07-23,SKU_0014,32.63851033827303,0,5.52,5.52
2024-07-24,SKU_0014,33.551365796552055,0,3.96,3.96
2024-07-25,SKU_0014,33.656242059628916,0,4.38,4.38
2024-07-26,SKU_0014,36.48287731606668,1,5.24,5.24
2024-07-27,SKU_0014,34.72759520929318,0,2.86,2.86
2024-07-28,SKU_0014,30.71011730113579,0,4.31,4.31
2024-07-29,SKU_0014,32.24012243011201,0,3.08,3.08
2024-07-30,SKU_0014,31.217740778602654,0,3.97,3.97
2024-07-31,SKU_0014,28.091698680144418,0,5.52,5.52
2024-08-01,SKU_0014,27.825792229747044,0,5.44,5.44
2024-08-02,SKU_0014,29.958013374284267,0,4.43,4.43
2024-08-03,SKU_0014,27.77126047539938,0,4.44,4.44
2024-08-04,SKU_0014,31.9496570673283,0,5.55,5.55
2024-08-05,SKU_0014,30.38316134046127,0,3.9,3.9
2024-08-06,SKU_0014,30.54219600065633,0,5.02,5.02
2024-08-07,SKU_0014,28.387850599763805,0,5.34,5.34
2024-08-08,SKU_0014,28.458812847551584,0,6.76,6.76
2024-08-09,SKU_0014,28.231348500384655,0,5.54,5.54
2024-08-10,SKU_0014,25.817779315013155,0,3.89,3.89
2024-08-11,SKU_0014,30.58815961731576,0,5.34,5.34
2024-08-12,SKU_0014,29.692448770372106,1,5.32,5.32
2024-08-13,SKU_0014,28.824479532782355,0,6.98,6.98
2024-08-14,SKU_0014,30.550075673391852,1,9.73,9.73
2024-08-15,SKU_0014,34.06336462711199,0,3.14,3.14
2024-08-16,SKU_0014,36.44516009943289,0,3.37,3.37
2024-08-17,SKU_0014,33.91094624498566,0,1.63,1.63
2024-08-18,SKU_0014,34.348982645337394,1,4.64,4.64
2024-08-19,SKU_0014,30.682426131518064,0,3.43,3.43
2024-08-20,SKU_0014,32.38814163401389,1,7.08,7.08
2024-08-21,SKU_0014,29.361405344043252,0,6.55,6.55
2024-08-22,SKU_0014,27.9799725764913,0,6.71,6.71
2024-08-23,SKU_0014,27.974598412970046,0,5.15,5.15
2024-08-24,SKU_0014,28.731592248111834,0,3.55,3.55
2024-08-25,SKU_0014,28.285271151308276,0,3.53,3.53
2024-08-26,SKU_0014,30.984473858671038,0,4.08,4.08
2024-08-27,SKU_0014,32.358625327659695,0,3.71,3.71
2024-08-28,SKU_0014,33.634895881350594,0,4.37,4.37
2024-08-29,SKU_0014,31.24314655245346,0,4.25,4.25
2024-08-30,SKU_0014,34.59683194753458,0,2.67,2.67
2024-08-31,SKU_0014,32.969345549399726,0,2.0,2.0
2024-09-01,SKU_0014,36.59204082585293,0,2.0,2.0
2024-09-02,SKU_0014,41.312390058815815,0,1.44,1.44
2024-09-03,SKU_0014,42.60287964714277,0,2.89,2.89
2024-09-04,SKU_0014,45.32426925635875,0,3.14,3.14
2024-09-05,SKU_0014,37.670129084571435,0,1.99,1.99
2024-09-06,SKU_0014,37.23195148411041,0,2.91,2.91
2024-09-07,SKU_0014,39.777333574658286,0,2.08,2.08
2024-09-08,SKU_0014,42.046151405417284,0,1.65,1.65
2024-09-09,SKU_0014,39.07896949442075,0,2.65,2.65
2024-09-10,SKU_0014,38.39630132546815,0,4.36,4.36
2024-09-11,SKU_0014,32.975972987562606,0,3.76,3.76
2024-09-12,SKU_0014,33.80331164674013,0,3.99,3.99
2024-09-13,SKU_0014,30.19145904584152,0,3.98,3.98
2024-09-14,SKU_0014,32.3103541861294,0,2.42,2.42
2024-09-15,SKU_0014,34.686523284295596,1,4.49,4.49
2024-09-16,SKU_0014,33.71319233409283,0,3.84,3.84
2024-09-17,SKU_0014,34.784287649718195,0,3.84,3.84
2024-09-18,SKU_0014,34.33412841663956,0,6.86,6.86
2024-09-19,SKU_0014,34.836105411456565,0,4.57,4.57
2024-09-20,SKU_0014,32.51881338916736,0,2.36,2.36
2024-09-21,SKU_0014,33.7563434172168,0,2.46,2.46
2024-09-22,SKU_0014,30.590736640052274,0,5.34,5.34
2024-09-23,SKU_0014,27.4098223534154,0,3.9,3.9
2024-09-24,SKU_0014,27.210032037396246,0,5.8,5.8
2024-09-25,SKU_0014,26.8673322317181,0,7.76,7.76
2024-09-26,SKU_0014,27.30989900173996,0,6.01,6.01
2024-09-27,SKU_0014,26.266090898544174,0,5.26,5.26
2024-09-28,SKU_0014,29.4125156987185,0,3.75,3.75
2024-09-29,SKU_0014,29.697313499621366,0,3.41,3.41
2024-09-30,SKU_0014,30.115183924144105,0,3.53,3.53
2024-10-01,SKU_0014,30.473685067081618,0,5.3,5.3
2024-10-02,SKU_0014,32.36372247037099,0,4.28,4.28
2024-10-03,SKU_0014,33.50179982544597,0,3.57,3.57
2024-10-04,SKU_0014,34.40219042518957,0,4.1,4.1
2024-10-05,SKU_0014,35.955400082158576,0,2.25,2.25
2024-10-06,SKU_0014,32.226928941398,0,4.25,4.25
2024-10-07,SKU_0014,28.950617872489236,1,6.19,6.19
2024-10-08,SKU_0014,28.818802013453414,0,5.11,5.11
2024-10-09,SKU_0014,28.479017522855607,0,3.89,3.89
2024-10-10,SKU_0014,29.48719730549824,0,7.24,7.24
2024-10-11,SKU_0014,29.522633121344324,0,3.8,3.8
2024-10-12,SKU_0014,30.571527125698655,0,1.95,1.95
2024-10-13,SKU_0014,28.3700319078906,0,4.44,4.44
2024-10-14,SKU_0014,28.35174837366557,1,6.03,6.03
2024-10-15,SKU_0014,26.159836982754037,0,5.07,5.07
2024-10-16,SKU_0014,26.774147357059952,1,9.94,9.94
2024-10-17,SKU_0014,23.920591775240013,0,3.87,3.87
2024-10-18,SKU_0014,24.425759055980336,0,4.37,4.37
2024-10-19,SKU_0014,22.365024036076104,0,4.58,4.58
2024-10-20,SKU_0014,21.85624392789171,0,6.35,6.35
2024-10-21,SKU_0014,23.061909231544025,0,9.65,9.65
2024-10-22,SKU_0014,23.378694234665694,0,6.89,6.89
2024-10-23,SKU_0014,21.1805962511353,0,9.53,9.53
2024-10-24,SKU_0014,20.343101477997394,0,14.26,14.26
2024-10-25,SKU_0014,18.590657120617834,0,7.55,7.55
2024-10-26,SKU_0014,16.793193226227125,0,8.15,8.15
2024-10-27,SKU_0014,16.912169131708,0,6.11,6.11
2024-10-28,SKU_0014,17.490385507517058,0,13.75,13.75
2024-10-29,SKU_0014,17.95893361629753,0,9.29,9.29
2024-10-30,SKU_0014,18.620168002884046,0,11.19,11.19
2024-10-31,SKU_0014,18.606865833981626,1,13.35,13.35
2024-11-01,SKU_0014,18.304139388125822,0,7.96,7.96
2024-11-02,SKU_0014,17.162779744568553,0,6.69,6.69
2024-11-03,SKU_0014,16.715531053020662,0,8.48,8.48
2024-11-04,SKU_0014,15.441479882148936,0,16.04,16.04
2024-11-05,SKU_0014,14.677965969720631,0,22.96,22.96
2024-11-06,SKU_0014,14.75649120822403,0,14.54,14.54
2024-11-07,SKU_0014,14.652554701852152,0,12.42,12.42
2024-11-08,SKU_0014,17.610554061664452,0,7.15,7.15
2024-11-09,SKU_0014,16.244439231329352,0,13.75,13.75
2024-11-10,SKU_0014,16.122966171258305,0,8.89,8.89
2024-11-11,SKU_0014,14.802865829311706,0,15.26,15.26
2024-11-12,SKU_0014,14.46242123834318,0,17.39,17.39
2024-11-13,SKU_0014,14.164347325448965,0,25.3,25.3
2024-11-14,SKU_0014,14.900888726244846,0,12.86,12.86
2024-11-15,SKU_0014,14.504237743158303,0,9.08,9.08
2024-11-16,SKU_0014,14.338693021642676,0,14.22,14.22
2024-11-17,SKU_0014,13.973219587787483,0,13.0,13.0
2024-11-18,SKU_0014,12.846604131340031,0,16.73,16.73
2024-11-19,SKU_0014,12.35367221442941,0,26.33,26.33
2024-11-20,SKU_0014,12.073792098307708,1,31.06,31.06
2024-11-21,SKU_0014,12.127392225031867,0,25.4,25.4
2024-11-22,SKU_0014,12.541003444567881,1,20.11,20.11
2024-11-23,SKU_0014,12.365715458984264,1,19.91,19.91
2024-11-24,SKU_0014,12.18002341976442,0,15.01,15.01
2024-11-25,SKU_0014,10.985194323502405,0,18.31,18.31
2024-11-26,SKU_0014,11.346762564264411,0,21.47,21.47
2024-11-27,SKU_0014,10.882745935718486,1,30.76,30.76
2024-11-28,SKU_0014,11.381690726748525,0,21.92,21.92
2024-11-29,SKU_0014,12.317147344074124,0,13.67,13.67
2024-11-30,SKU_0014,12.17905268452544,0,14.13,14.13
2024-12-01,SKU_0014,11.45376854137113,0,16.36,16.36
2024-12-02,SKU_0014,11.442298565356232,0,19.65,19.65
2024-12-03,SKU_0014,11.684217612670391,0,22.95,22.95
2024-12-04,SKU_0014,11.465101956529073,0,21.02,21.02
2024-12-05,SKU_0014,11.083588542480861,0,20.89,20.89
2024-12-06,SKU_0014,11.46475374464713,0,12.17,12.17
2024-12-07,SKU_0014,11.812190999218508,0,13.53,13.53
2024-12-08,SKU_0014,11.569296728004776,0,12.51,12.51
2024-12-09,SKU_0014,10.476249946729814,0,22.37,22.37
2024-12-10,SKU_0014,10.767081567174385,0,21.92,21.92
2024-12-11,SKU_0014,10.28260718266485,0,18.72,18.72
2024-12-12,SKU_0014,10.415700272646731,0,38.86,38.86
2024-12-13,SKU_0014,10.510594445557624,0,18.84,18.84
2024-12-14,SKU_0014,9.384382746553761,0,26.4,26.4
2024-12-15,SKU_0014,9.430148071797095,1,25.31,25.31
2024-12-16,SKU_0014,9.725815579946726,0,35.12,35.12
2024-12-17,SKU_0014,10.104823611822544,0,22.55,22.55
2024-12-18,SKU_0014,10.176232357738972,0,30.39,30.39
2024-12-19,SKU_0014,9.037871359521475,0,25.02,25.02
2024-12-20,SKU_0014,9.757620225395803,0,37.85,37.85
2024-12-21,SKU_0014,10.001248161760042,0,17.59,17.59
2024-12-22,SKU_0014,9.304617121314978,0,25.84,25.84
2024-12-23,SKU_0014,8.875058786845296,0,31.99,31.99
2024-12-24,SKU_0014,8.999044560596255,0,34.2,34.2
2024-12-25,SKU_0014,9.373677201223698,0,37.54,37.54
2024-12-26,SKU_0014,9.103215401930825,0,41.43,41.43
2024-12-27,SKU_0014,9.56546499976164,0,27.12,27.12
2024-12-28,SKU_0014,8.58995250331296,0,24.36,24.36
2024-12-29,SKU_0014,8.069129969630996,0,30.55,30.55
2024-12-30,SKU_0014,7.129091631687796,0,60.2,60.2
2024-01-01,SKU_0015,14.693331148460539,0,24.47,24.47
2024-01-02,SKU_0015,13.992538709230683,0,23.83,23.83
2024-01-03,SKU_0015,14.157474577449987,0,28.4,28.4
2024-01-04,SKU_0015,15.220863670190438,0,22.93,22.93
2024-01-05,SKU_0015,15.712562152880837,0,18.08,18.08
2024-01-06,SKU_0015,16.43404750422349,0,14.41,14.41
2024-01-07,SKU_0015,15.984227832818615,0,18.97,18.97
2024-01-08,SKU_0015,15.79133307581731,0,25.46,25.46
2024-01-09,SKU_0015,15.679241050681629,0,30.83,30.83
2024-01-10,SKU_0015,15.631018902662404,0,26.65,26.65
2024-01-11,SKU_0015,16.76569492803094,0,30.04,30.04
2024-01-12,SKU_0015,14.563296228684589,0,27.77,27.77
2024-01-13,SKU_0015,14.590004992980306,0,29.05,29.05
2024-01-14,SKU_0015,14.520579545648715,0,26.98,26.98
2024-01-15,SKU_0015,13.373522959183308,0,30.25,30.25
2024-01-16,SKU_0015,13.923567203855535,0,47.32,47.32
2024-01-17,SKU_0015,13.331276288806636,0,43.11,43.11
2024-01-18,SKU_0015,13.04873137295707,0,44.31,44.31
2024-01-19,SKU_0015,14.579520386071122,1,45.4,45.4
2024-01-20,SKU_0015,15.490334514062575,0,19.16,19.16
2024-01-21,SKU_0015,16.033583095902646,0,20.24,20.24
2024-01-22,SKU_0015,16.404112770967632,0,23.2,23.2
2024-01-23,SKU_0015,16.24282512919292,0,24.47,24.47
2024-01-24,SKU_0015,18.313049930913774,1,25.07,25.07
2024-01-25,SKU_0015,19.216013628611492,0,17.95,17.95
2024-01-26,SKU_0015,18.37095674378892,0,18.61,18.61
2024-01-27,SKU_0015,16.89072818107861,0,21.66,21.66
2024-01-28,SKU_0015,17.475067017424067,0,20.64,20.64
2024-01-29,SKU_0015,17.41658608322345,0,20.86,20.86
2024-01-30,SKU_0015,15.985573917151449,0,26.51,26.51
2024-01-31,SKU_0015,16.401976654676787,0,29.32,29.32
2024-02-01,SKU_0015,16.139347357287466,0,22.94,22.94
2024-02-02,SKU_0015,16.661490877903187,0,13.99,13.99
2024-02-03,SKU_0015,17.1089981733879,0,12.77,12.77
2024-02-04,SKU_0015,16.495847668589985,0,25.92,25.92
2024-02-05,SKU_0015,17.134249903101377,0,33.45,33.45
2024-02-06,SKU_0015,16.629946459621046,0,33.74,33.74
2024-02-07,SKU_0015,16.20357928420138,0,31.2,31.2
2024-02-08,SKU_0015,15.694273128206566,0,22.47,22.47
2024-02-09,SKU_0015,16.79622808706818,0,20.77,20.77
2024-02-10,SKU_0015,16.515841302930422,0,21.18,21.18
2024-02-11,SKU_0015,17.933430382074576,0,20.65,20.65
2024-02-12,SKU_0015,19.958910442335373,0,21.03,21.03
2024-02-13,SKU_0015,19.09358727903797,0,30.04,30.04
2024-02-14,SKU_0015,16.024083595494265,1,74.35,74.35
2024-02-15,SKU_0015,17.06045799508111,0,24.31,24.31
2024-02-16,SKU_0015,16.71397296376275,0,38.48,38.48
2024-02-17,SKU_0015,15.86751423333194,0,13.56,13.56
2024-02-18,SKU_0015,15.316808234782279,0,19.61,19.61
2024-02-19,SKU_0015,14.940295723103988,0,30.92,30.92
2024-02-20,SKU_0015,16.149572181370814,0,35.02,35.02
2024-02-21,SKU_0015,16.305267797442543,0,31.05,31.05
2024-02-22,SKU_0015,17.6106556088643,0,22.99,22.99
2024-02-23,SKU_0015,18.14068776638489,0,30.29,30.29
2024-02-24,SKU_0015,17.807211485490118,0,15.31,15.31
2024-02-25,SKU_0015,17.39498737278192,0,15.41,15.41
2024-02-26,SKU_0015,17.991125485564012,0,31.24,31.24
2024-02-27,SKU_0015,18.898908054413322,0,29.19,29.19
2024-02-28,SKU_0015,20.063689856883975,1,44.77,44.77
2024-02-29,SKU_0015,19.751301658943127,0,22.18,22.18
2024-03-01,SKU_0015,19.96002947012853,0,12.83,12.83
2024-03-02,SKU_0015,20.67187688406803,0,13.79,13.79
2024-03-03,SKU_0015,20.201084080945986,0,11.08,11.08
2024-03-04,SKU_0015,18.871255065283957,1,33.76,33.76
2024-03-05,SKU_0015,17.98006428341401,1,47.44,47.44
2024-03-06,SKU_0015,17.721905579781883,0,35.66,35.66
2024-03-07,SKU_0015,18.440215527652757,0,23.62,23.62
2024-03-08,SKU_0015,19.887125366406213,0,19.91,19.91
2024-03-09,SKU_0015,18.333128491682295,0,13.86,13.86
2024-03-10,SKU_0015,17.68769185879847,0,22.74,22.74
2024-03-11,SKU_0015,17.311954469453305,0,27.64,27.64
