data/raw/sales.csv
date,sku,price,promo,true_demand_qty,sales_qty
2024-03-12,SKU_0015,18.15743819381988,0,22.79,22.79
2024-03-13,SKU_0015,17.59111002958112,0,32.6,32.6
2024-03-14,SKU_0015,17.143339355117195,0,33.91,33.91
2024-03-15,SKU_0015,15.750784408576296,0,25.57,25.57
2024-03-16,SKU_0015,16.214316826981925,0,17.3,17.3
2024-03-17,SKU_0015,16.058056114308837,1,35.27,35.27
2024-03-18,SKU_0015,15.440099056221449,0,32.64,32.64
2024-03-19,SKU_0015,15.201546508630466,0,30.37,30.37
2024-03-20,SKU_0015,16.265021743978508,0,27.35,27.35
2024-03-21,SKU_0015,15.313329867763326,0,36.51,36.51
2024-03-22,SKU_0015,14.55921467876636,0,33.86,33.86
2024-03-23,SKU_0015,15.695267774208366,0,33.18,33.18
2024-03-24,SKU_0015,15.76678860835563,0,26.05,26.05
2024-03-25,SKU_0015,16.413283668296884,0,20.86,20.86
2024-03-26,SKU_0015,16.81373482235997,0,45.94,45.94
2024-03-27,SKU_0015,16.778126234562485,0,39.39,39.39
2024-03-28,SKU_0015,16.431136157554974,0,19.7,19.7
2024-03-29,SKU_0015,17.271738662766293,1,27.42,27.42
2024-03-30,SKU_0015,18.519268979305544,0,14.99,14.99
2024-03-31,SKU_0015,19.76401890065256,1,28.91,28.91
2024-04-01,SKU_0015,18.4070686993,0,13.72,13.72
2024-04-02,SKU_0015,19.90616375794281,0,22.71,22.71
2024-04-03,SKU_0015,19.48321459934298,1,45.21,45.21
2024-04-04,SKU_0015,18.62028416196122,1,21.04,21.04
2024-04-05,SKU_0015,18.43206610700039,1,35.2,35.2
2024-04-06,SKU_0015,19.374535042718453,0,18.27,18.27
2024-04-07,SKU_0015,20.013107386093104,0,13.09,13.09
2024-04-08,SKU_0015,19.708780428700734,0,15.68,15.68
2024-04-09,SKU_0015,20.724657925880237,0,18.31,18.31
2024-04-10,SKU_0015,20.89930344332826,1,20.19,20.19
2024-04-11,SKU_0015,20.193030950156015,0,19.69,19.69
2024-04-12,SKU_0015,19.353154422400134,0,18.91,18.91
2024-04-13,SKU_0015,19.835425705997864,1,17.83,17.83
2024-04-14,SKU_0015,19.73746195343329,1,29.62,29.62
2024-04-15,SKU_0015,18.17392987527414,1,35.34,35.34
2024-04-16,SKU_0015,19.121585586149397,0,25.99,25.99
2024-04-17,SKU_0015,18.578431862668012,0,24.8,24.8
2024-04-18,SKU_0015,20.440710182909523,1,36.72,36.72
2024-04-19,SKU_0015,18.79045654538716,0,24.44,24.44
2024-04-20,SKU_0015,18.587821247075695,0,15.01,15.01
2024-04-21,SKU_0015,17.82332394473618,1,33.3,33.3
2024-04-22,SKU_0015,16.810145153135267,0,29.51,29.51
2024-04-23,SKU_0015,16.326264651116134,0,34.42,34.42
2024-04-24,SKU_0015,18.15614726851541,0,38.74,38.74
2024-04-25,SKU_0015,18.313003953660946,0,21.03,21.03
2024-04-26,SKU_0015,17.46342901472034,1,29.93,29.93
2024-04-27,SKU_0015,15.64875277785121,0,18.27,18.27
2024-04-28,SKU_0015,14.113184992887234,0,30.99,30.99
2024-04-29,SKU_0015,13.666145971668715,0,33.19,33.19
2024-04-30,SKU_0015,13.156295622604755,0,38.71,38.71
2024-05-01,SKU_0015,12.980618446548029,1,101.69,101.69
2024-05-02,SKU_0015,11.326287237075672,0,75.27,75.27
2024-05-03,SKU_0015,11.264153564390764,0,39.76,39.76
2024-05-04,SKU_0015,11.98060651898486,0,24.76,24.76
2024-05-05,SKU_0015,13.205847103182071,0,42.87,42.87
2024-05-06,SKU_0015,11.786949265988431,0,48.39,48.39
2024-05-07,SKU_0015,11.233600810678542,0,61.8,61.8
2024-05-08,SKU_0015,10.672339787104377,0,65.47,52.33
2024-05-09,SKU_0015,10.766060217643336,0,47.91,0.0
2024-05-10,SKU_0015,10.006273690865095,0,46.78,0.0
2024-05-11,SKU_0015,11.068996146737367,0,41.84,41.84
2024-05-12,SKU_0015,11.097938924410107,0,35.33,35.33
2024-05-13,SKU_0015,11.016240920431422,0,52.89,52.89
2024-05-14,SKU_0015,12.120926907829515,0,49.71,49.71
2024-05-15,SKU_0015,12.109261799935215,0,41.73,41.73
2024-05-16,SKU_0015,12.403625416854661,1,94.14,94.14
2024-05-17,SKU_0015,11.857266730152357,0,42.87,42.87
2024-05-18,SKU_0015,10.921253814515529,0,39.32,39.32
2024-05-19,SKU_0015,10.528533882431354,0,46.32,46.32
2024-05-20,SKU_0015,12.00481277961871,0,29.04,29.04
2024-05-21,SKU_0015,12.469540258983852,0,42.25,42.25
2024-05-22,SKU_0015,12.676640656746603,0,34.72,34.72
2024-05-23,SKU_0015,11.955346426891092,0,47.23,47.23
2024-05-24,SKU_0015,12.627205160950647,0,36.11,36.11
2024-05-25,SKU_0015,11.63935501475062,0,33.59,33.59
2024-05-26,SKU_0015,10.5948564489248,0,51.08,51.08
2024-05-27,SKU_0015,10.245467527098526,0,39.15,39.15
2024-05-28,SKU_0015,11.520232876391747,1,68.53,68.53
2024-05-29,SKU_0015,12.909694283368564,0,48.84,48.84
2024-05-30,SKU_0015,12.564863510676524,0,44.01,44.01
2024-05-31,SKU_0015,12.066733480238565,0,27.48,27.48
2024-06-01,SKU_0015,10.935677888466145,1,69.55,69.55
2024-06-02,SKU_0015,10.98699706167563,0,50.85,50.85
2024-06-03,SKU_0015,11.094319864250778,0,49.61,49.61
2024-06-04,SKU_0015,11.632543318541499,0,37.2,37.2
2024-06-05,SKU_0015,12.28586088286053,0,49.33,49.33
2024-06-06,SKU_0015,12.141189520439122,0,46.33,46.33
2024-06-07,SKU_0015,12.553072255809294,0,31.14,31.14
2024-06-08,SKU_0015,12.036300254282112,0,38.98,38.98
2024-06-09,SKU_0015,12.43045682688921,0,29.29,29.29
2024-06-10,SKU_0015,12.057847974310778,0,59.44,59.44
2024-06-11,SKU_0015,12.394877012328262,0,52.01,52.01
2024-06-12,SKU_0015,12.679586303798844,1,72.53,72.53
2024-06-13,SKU_0015,12.732038587126052,0,47.17,47.17
2024-06-14,SKU_0015,13.35370565155917,0,39.56,39.56
2024-06-15,SKU_0015,12.152926183563704,0,34.34,34.34
2024-06-16,SKU_0015,11.400702836787925,0,33.23,33.23
2024-06-17,SKU_0015,11.21745924205795,0,37.6,37.6
2024-06-18,SKU_0015,10.286945067848176,0,47.0,47.0
2024-06-19,SKU_0015,10.038861900385896,1,60.12,60.12
2024-06-20,SKU_0015,9.81572737606414,1,93.44,93.44
2024-06-21,SKU_0015,10.618172932918263,0,38.19,38.19
2024-06-22,SKU_0015,10.709369183257836,0,32.19,32.19
2024-06-23,SKU_0015,11.391697009069016,0,40.56,40.56
2024-06-24,SKU_0015,11.599769655471587,0,38.84,38.84
2024-06-25,SKU_0015,11.232880141101965,0,72.83,72.83
2024-06-26,SKU_0015,11.323364125082124,0,45.5,45.5
2024-06-27,SKU_0015,11.829942208990916,1,53.67,53.67
2024-06-28,SKU_0015,12.708078231124816,0,23.44,23.44
2024-06-29,SKU_0015,12.607593216376644,0,29.83,29.83
2024-06-30,SKU_0015,11.420941341504811,1,62.4,62.4
2024-07-01,SKU_0015,10.302437261656262,0,41.73,41.73
2024-07-02,SKU_0015,10.102629514996554,0,46.71,46.71
2024-07-03,SKU_0015,8.780397218521482,1,157.59,157.59
2024-07-04,SKU_0015,9.778908923973646,0,41.97,41.97
2024-07-05,SKU_0015,10.135497943133501,0,51.92,51.92
2024-07-06,SKU_0015,9.756208866662414,0,34.03,34.03
2024-07-07,SKU_0015,9.127803028750243,0,48.76,48.76
2024-07-08,SKU_0015,9.708600860549465,1,96.66,96.66
2024-07-09,SKU_0015,9.081087461736853,0,73.7,73.7
2024-07-10,SKU_0015,8.542898424034226,0,72.29,72.29
2024-07-11,SKU_0015,8.159179298329693,0,97.0,97.0
2024-07-12,SKU_0015,8.215222474397056,0,61.61,61.61
2024-07-13,SKU_0015,8.526992148309578,0,96.66,96.66
2024-07-14,SKU_0015,9.159549653029993,0,31.07,31.07
2024-07-15,SKU_0015,9.752223310863274,0,34.67,34.67
2024-07-16,SKU_0015,9.75267604448581,0,71.07,71.07
2024-07-17,SKU_0015,10.368506927420675,0,54.35,54.35
2024-07-18,SKU_0015,9.959362415492777,0,60.75,60.75
2024-07-19,SKU_0015,8.928613272276376,0,39.81,39.81
2024-07-20,SKU_0015,8.57621976744633,0,45.23,45.23
2024-07-21,SKU_0015,8.171214888761702,0,56.21,56.21
2024-07-22,SKU_0015,7.867169766631285,0,60.6,60.6
2024-07-23,SKU_0015,7.427103104276902,0,92.53,92.53
2024-07-24,SKU_0015,7.224437066520597,0,72.95,72.95
2024-07-25,SKU_0015,7.498255167478518,0,86.69,86.69
2024-07-26,SKU_0015,8.311048509196626,1,112.03,112.03
2024-07-27,SKU_0015,7.49371738015719,0,42.42,42.42
2024-07-28,SKU_0015,6.936524865258548,0,50.35,50.35
2024-07-29,SKU_0015,6.614830235742759,0,110.78,110.78
2024-07-30,SKU_0015,6.925835165742265,0,74.24,74.24
2024-07-31,SKU_0015,6.841190729708696,0,120.87,120.87
2024-08-01,SKU_0015,6.550328796906327,0,98.45,98.45
2024-08-02,SKU_0015,6.838163673820442,0,66.97,66.97
2024-08-03,SKU_0015,7.242037886532612,0,75.23,75.23
2024-08-04,SKU_0015,7.233890852319973,0,71.76,71.76
2024-08-05,SKU_0015,6.888159283693942,0,84.53,84.53
2024-08-06,SKU_0015,7.000773659281092,0,60.33,60.33
2024-08-07,SKU_0015,6.903472688574654,1,175.21,175.21
2024-08-08,SKU_0015,6.804361329445824,0,72.27,72.27
2024-08-09,SKU_0015,6.598350974411427,0,72.18,72.18
2024-08-10,SKU_0015,6.974905367915843,0,58.41,58.41
2024-08-11,SKU_0015,7.080266681473987,1,136.21,136.21
2024-08-12,SKU_0015,7.5342073198077095,0,64.32,64.32
2024-08-13,SKU_0015,8.163175074097191,0,53.3,53.3
2024-08-14,SKU_0015,8.39110353515073,0,94.3,94.3
2024-08-15,SKU_0015,8.13994493095044,0,75.86,75.86
2024-08-16,SKU_0015,8.664229416976895,0,55.41,55.41
2024-08-17,SKU_0015,8.909720491796753,0,51.8,51.8
2024-08-18,SKU_0015,10.416019290076909,0,44.73,44.73
2024-08-19,SKU_0015,10.611635743669973,0,31.89,31.89
2024-08-20,SKU_0015,11.065281271204578,0,32.16,32.16
2024-08-21,SKU_0015,11.259788357307967,0,50.71,50.71
2024-08-22,SKU_0015,11.19303725192717,1,56.33,56.33
2024-08-23,SKU_0015,11.020579825352813,0,30.57,30.57
2024-08-24,SKU_0015,11.216871724106134,0,20.79,20.79
2024-08-25,SKU_0015,11.5731712237294,0,29.5,29.5
2024-08-26,SKU_0015,12.40317970843306,0,31.54,31.54
2024-08-27,SKU_0015,12.635166283966631,0,32.65,32.65
2024-08-28,SKU_0015,12.289073703604421,0,27.71,27.71
2024-08-29,SKU_0015,12.050417552729902,0,42.76,42.76
2024-08-30,SKU_0015,11.130878516148206,0,32.25,32.25
2024-08-31,SKU_0015,12.297499205187124,0,27.6,27.6
2024-09-01,SKU_0015,11.904607478444602,0,16.22,16.22
2024-09-02,SKU_0015,12.616076783626541,0,28.21,28.21
2024-09-03,SKU_0015,12.827162429087602,0,28.07,28.07
2024-09-04,SKU_0015,13.063066499262288,0,32.91,32.91
2024-09-05,SKU_0015,12.971336320006674,0,35.5,35.5
2024-09-06,SKU_0015,12.372473070928976,0,27.44,27.44
2024-09-07,SKU_0015,11.673974556593382,0,23.79,23.79
2024-09-08,SKU_0015,12.949664631309917,0,21.34,21.34
2024-09-09,SKU_0015,13.038513509681533,0,19.13,19.13
2024-09-10,SKU_0015,13.949220382068049,0,23.33,23.33
2024-09-11,SKU_0015,15.157842220963223,0,31.79,31.79
2024-09-12,SKU_0015,14.788756861724027,0,21.27,21.27
2024-09-13,SKU_0015,15.169359432415705,0,22.79,22.79
2024-09-14,SKU_0015,15.210381878952173,0,18.05,18.05
2024-09-15,SKU_0015,14.190112012052277,0,21.69,21.69
2024-09-16,SKU_0015,14.033068587145582,0,24.58,24.58
2024-09-17,SKU_0015,14.536561836541535,0,23.78,23.78
2024-09-18,SKU_0015,14.107763185919236,0,27.47,27.47
2024-09-19,SKU_0015,13.835456859590225,0,29.57,29.57
2024-09-20,SKU_0015,13.69228620301311,0,13.9,13.9
2024-09-21,SKU_0015,15.541663464604826,0,18.83,18.83
2024-09-22,SKU_0015,13.92215487325909,0,16.88,16.88
2024-09-23,SKU_0015,14.347562181913496,0,21.7,21.7
2024-09-24,SKU_0015,14.131123431216286,0,26.62,26.62
2024-09-25,SKU_0015,13.598240451900498,0,29.68,29.68
2024-09-26,SKU_0015,13.373402727474614,1,32.5,32.5
2024-09-27,SKU_0015,13.91977426299315,0,21.27,21.27
2024-09-28,SKU_0015,14.538231775578213,0,18.37,18.37
2024-09-29,SKU_0015,14.7014022592824,0,11.32,11.32
2024-09-30,SKU_0015,15.697592552801478,1,22.67,22.67
2024-10-01,SKU_0015,16.939316493134754,0,24.09,24.09
2024-10-02,SKU_0015,17.789704591600866,0,22.31,22.31
2024-10-03,SKU_0015,17.216157788554302,0,19.32,19.32
2024-10-04,SKU_0015,17.73455226592509,0,12.17,12.17
2024-10-05,SKU_0015,18.273773350617173,0,13.02,13.02
2024-10-06,SKU_0015,17.401022966091436,0,10.22,10.22
2024-10-07,SKU_0015,15.837216770328956,0,18.31,18.31
2024-10-08,SKU_0015,14.027169460982941,0,21.09,21.09
2024-10-09,SKU_0015,14.086085330497053,1,42.33,42.33
2024-10-10,SKU_0015,14.340243808581121,0,19.97,19.97
2024-10-11,SKU_0015,13.358634333816406,1,39.78,39.78
2024-10-12,SKU_0015,14.223917551426547,0,18.53,18.53
2024-10-13,SKU_0015,14.354420897946664,1,24.55,24.55
2024-10-14,SKU_0015,15.565005047311898,0,24.2,24.2
2024-10-15,SKU_0015,15.91492392061953,0,18.56,18.56
2024-10-16,SKU_0015,14.928576559573122,0,25.77,25.77
2024-10-17,SKU_0015,15.344761399053652,0,19.59,19.59
2024-10-18,SKU_0015,15.974293605576895,0,19.39,19.39
2024-10-19,SKU_0015,15.457948937747,0,17.03,17.03
2024-10-20,SKU_0015,14.176671840490956,0,23.81,23.81
2024-10-21,SKU_0015,14.262240912931425,0,23.0,23.0
2024-10-22,SKU_0015,13.430991986575746,0,16.51,16.51
2024-10-23,SKU_0015,14.365336700048529,0,25.59,25.59
2024-10-24,SKU_0015,14.018635200393504,0,35.43,35.43
2024-10-25,SKU_0015,15.54693629894674,0,16.54,16.54
2024-10-26,SKU_0015,13.686556539593273,0,12.57,12.57
2024-10-27,SKU_0015,13.79769863719423,0,21.22,21.22
2024-10-28,SKU_0015,15.033264381621457,0,23.35,23.35
2024-10-29,SKU_0015,14.251285487403903,0,23.74,23.74
2024-10-30,SKU_0015,14.115804499521463,0,27.67,27.67
2024-10-31,SKU_0015,13.778548321823234,0,22.79,22.79
2024-11-01,SKU_0015,13.224707426765358,1,39.85,39.85
2024-11-02,SKU_0015,13.42024265838121,0,19.53,19.53
2024-11-03,SKU_0015,12.416657490868168,0,18.49,18.49
2024-11-04,SKU_0015,12.33426041934193,0,29.34,29.34
2024-11-05,SKU_0015,12.722097530932418,0,28.94,28.94
2024-11-06,SKU_0015,12.558965862533983,0,47.8,47.8
2024-11-07,SKU_0015,11.82744371711177,0,42.01,42.01
2024-11-08,SKU_0015,12.581578165750892,1,38.61,38.61
2024-11-09,SKU_0015,13.145100602972391,0,20.64,20.64
2024-11-10,SKU_0015,12.349034491605503,0,29.35,29.35
2024-11-11,SKU_0015,11.4264566720321,0,32.71,32.71
2024-11-12,SKU_0015,10.792117022974825,0,51.82,51.82
2024-11-13,SKU_0015,11.151035374211956,0,59.2,59.2
2024-11-14,SKU_0015,11.336943464461015,0,34.75,34.75
2024-11-15,SKU_0015,11.887312905081442,0,39.8,39.8
2024-11-16,SKU_0015,11.656951249741201,0,32.97,32.97
2024-11-17,SKU_0015,11.027791886605685,0,30.84,30.84
2024-11-18,SKU_0015,11.65283398478301,1,47.27,47.27
2024-11-19,SKU_0015,11.27223362050064,0,44.39,44.39
2024-11-20,SKU_0015,11.399111154637122,0,41.32,41.32
2024-11-21,SKU_0015,10.38684283421071,0,38.48,38.48
2024-11-22,SKU_0015,10.037732756163905,0,42.76,42.76
2024-11-23,SKU_0015,10.664442181722132,1,37.31,37.31
2024-11-24,SKU_0015,10.215830969393286,0,31.71,31.71
2024-11-25,SKU_0015,10.727481380538924,0,36.63,36.63
2024-11-26,SKU_0015,9.327318995293494,0,44.75,44.75
2024-11-27,SKU_0015,9.019456893124197,0,73.91,73.91
2024-11-28,SKU_0015,8.9272004125653,0,56.28,56.28
2024-11-29,SKU_0015,9.91109919850352,0,52.04,52.04
2024-11-30,SKU_0015,9.23971912536167,0,36.44,36.44
2024-12-01,SKU_0015,9.619296039474555,1,54.46,54.46
2024-12-02,SKU_0015,10.249070229009996,0,35.94,35.94
2024-12-03,SKU_0015,9.814860486087413,0,55.84,55.84
2024-12-04,SKU_0015,9.597341915613896,0,60.52,60.52
2024-12-05,SKU_0015,9.679245003813726,0,61.37,61.37
2024-12-06,SKU_0015,8.855996540271475,0,49.97,49.97
2024-12-07,SKU_0015,8.617444784586423,0,66.67,66.67
2024-12-08,SKU_0015,9.303171229803104,0,45.32,45.32
2024-12-09,SKU_0015,9.599534648058514,0,40.26,40.26
2024-12-10,SKU_0015,9.50967351981046,0,48.21,48.21
2024-12-11,SKU_0015,9.57440974254666,0,68.65,68.65
2024-12-12,SKU_0015,9.91400307148564,0,42.53,42.53
2024-12-13,SKU_0015,10.384276823727914,0,43.98,43.98
2024-12-14,SKU_0015,10.043322335578516,0,41.96,41.96
2024-12-15,SKU_0015,11.012062094195446,0,38.78,38.78
2024-12-16,SKU_0015,11.917073480490737,0,29.77,29.77
2024-12-17,SKU_0015,12.411302829438752,0,47.84,47.84
2024-12-18,SKU_0015,11.799179368166932,0,48.09,48.09
2024-12-19,SKU_0015,11.098573089688054,0,39.42,39.42
2024-12-20,SKU_0015,10.883200064753723,0,35.92,35.92
2024-12-21,SKU_0015,10.92295160879094,0,34.49,34.49
2024-12-22,SKU_0015,9.823296079632819,0,34.77,34.77
2024-12-23,SKU_0015,10.119237384110235,0,50.24,50.24
2024-12-24,SKU_0015,10.931910046228177,0,66.86,66.86
2024-12-25,SKU_0015,11.316643157477413,0,59.94,59.94
2024-12-26,SKU_0015,10.86678967875124,0,47.99,47.99
2024-12-27,SKU_0015,10.360982994062425,0,43.13,43.13
2024-12-28,SKU_0015,10.549075825194429,0,30.56,30.56
2024-12-29,SKU_0015,10.452487973449303,0,33.3,33.3
2024-12-30,SKU_0015,10.734066876869003,0,32.39,32.39
2024-01-01,SKU_0016,22.627435759666962,0,29.63,29.63
2024-01-02,SKU_0016,22.76221706341832,0,38.46,38.46
2024-01-03,SKU_0016,22.857081003769313,1,49.13,49.13
2024-01-04,SKU_0016,19.520261134554197,0,31.87,27.78
2024-01-05,SKU_0016,19.304197798988685,0,31.5,0.0
2024-01-06,SKU_0016,17.787318979012614,0,38.34,0.0
2024-01-07,SKU_0016,19.61051552276691,0,33.14,0.0
2024-01-08,SKU_0016,21.56843510439717,0,30.46,0.0
2024-01-09,SKU_0016,22.699597841175933,0,51.92,0.0
2024-01-10,SKU_0016,22.37712343637464,0,62.85,0.0
2024-01-11,SKU_0016,21.063849255014507,0,32.1,32.1
2024-01-12,SKU_0016,20.248959420081675,0,28.52,28.52
2024-01-13,SKU_0016,22.752201727732427,0,25.31,25.31
2024-01-14,SKU_0016,21.826614564928335,1,29.51,29.51
2024-01-15,SKU_0016,18.9498185351447,0,43.7,43.7
2024-01-16,SKU_0016,20.158061564182468,0,41.76,41.76
2024-01-17,SKU_0016,22.05709839641975,0,41.09,41.09
2024-01-18,SKU_0016,24.365968229796323,0,26.83,26.83
2024-01-19,SKU_0016,25.932274024870406,0,19.18,19.18
2024-01-20,SKU_0016,27.870798025736587,0,11.74,11.74
2024-01-21,SKU_0016,27.959457637840618,0,24.97,24.97
2024-01-22,SKU_0016,24.6845559274821,0,32.65,32.65
2024-01-23,SKU_0016,24.725884353924673,0,37.02,37.02
2024-01-24,SKU_0016,25.665431555537555,0,34.54,34.54
2024-01-25,SKU_0016,25.457968736899463,0,18.35,18.35
2024-01-26,SKU_0016,25.18323865037053,0,20.47,20.47
2024-01-27,SKU_0016,23.767796066565573,0,20.67,20.67
2024-01-28,SKU_0016,22.38133233169482,0,20.16,20.16
2024-01-29,SKU_0016,24.99100960135501,0,19.36,19.36
2024-01-30,SKU_0016,27.965648744190506,0,23.26,23.26
2024-01-31,SKU_0016,27.961207372350177,0,29.8,29.8
2024-02-01,SKU_0016,28.437523266364256,0,26.07,26.07
2024-02-02,SKU_0016,26.812227445840644,0,26.88,26.88
2024-02-03,SKU_0016,27.866145314642637,0,27.44,27.44
2024-02-04,SKU_0016,30.969147678758027,0,19.46,19.46
2024-02-05,SKU_0016,28.254073049498814,0,22.91,22.91
2024-02-06,SKU_0016,29.051514724710273,0,39.36,39.36
2024-02-07,SKU_0016,30.00643799534876,1,28.66,28.66
2024-02-08,SKU_0016,30.971528574214872,0,15.58,15.58
2024-02-09,SKU_0016,34.17988829176258,0,14.09,14.09
2024-02-10,SKU_0016,38.621090071759,0,14.43,14.43
2024-02-11,SKU_0016,38.08381853331765,0,13.77,13.77
2024-02-12,SKU_0016,39.65352717324355,0,12.58,12.58
2024-02-13,SKU_0016,39.854444277674745,0,16.23,16.23
2024-02-14,SKU_0016,38.37119341548807,0,16.01,16.01
2024-02-15,SKU_0016,38.999774186200405,0,14.01,14.01
2024-02-16,SKU_0016,40.60315722413516,0,18.77,18.77
2024-02-17,SKU_0016,41.135090835624815,0,11.19,11.19
