data/raw/sales.csv
date,sku,price,promo,true_demand_qty,sales_qty
2024-02-18,SKU_0016,39.01673576573282,1,26.71,26.71
2024-02-19,SKU_0016,37.94649107936505,1,20.24,20.24
2024-02-20,SKU_0016,36.92255432637302,0,23.12,23.12
2024-02-21,SKU_0016,35.102626452666485,0,24.36,24.36
2024-02-22,SKU_0016,35.76924086167028,0,24.2,24.2
2024-02-23,SKU_0016,36.67792428872496,0,16.68,16.68
2024-02-24,SKU_0016,38.89812745689277,0,15.24,15.24
2024-02-25,SKU_0016,36.94715953459002,0,15.89,15.89
2024-02-26,SKU_0016,35.688911919331275,0,14.87,14.87
2024-02-27,SKU_0016,39.17795503943604,0,22.81,22.81
2024-02-28,SKU_0016,38.79318028456816,0,20.36,20.36
2024-02-29,SKU_0016,38.863376424903095,0,15.84,15.84
2024-03-01,SKU_0016,38.45720650665326,0,17.35,17.35
2024-03-02,SKU_0016,41.16251256325498,0,14.17,14.17
2024-03-03,SKU_0016,44.160753896578775,0,10.43,10.43
2024-03-04,SKU_0016,47.211096476013424,0,12.26,12.26
2024-03-05,SKU_0016,47.28641365376642,0,11.91,11.91
2024-03-06,SKU_0016,44.87482099467816,0,12.18,12.18
2024-03-07,SKU_0016,50.36969187415087,0,12.86,12.86
2024-03-08,SKU_0016,53.025248192370334,0,11.94,11.94
2024-03-09,SKU_0016,51.59210424252668,0,7.98,7.98
2024-03-10,SKU_0016,56.19331350488627,1,16.3,16.3
2024-03-11,SKU_0016,54.416163784765274,0,10.65,10.65
2024-03-12,SKU_0016,59.2226128228545,0,11.47,11.47
2024-03-13,SKU_0016,64.71548560922972,0,10.5,10.5
2024-03-14,SKU_0016,61.234548693876924,0,12.94,12.94
2024-03-15,SKU_0016,63.40971287048485,0,6.77,6.77
2024-03-16,SKU_0016,66.4565593797921,0,6.39,6.39
2024-03-17,SKU_0016,77.74568442818767,0,5.14,5.14
2024-03-18,SKU_0016,74.35901948515263,0,6.74,6.74
2024-03-19,SKU_0016,81.03308866811363,0,8.16,8.16
2024-03-20,SKU_0016,81.1174686552415,0,8.23,8.23
2024-03-21,SKU_0016,75.29520720173852,0,10.18,10.18
2024-03-22,SKU_0016,74.75508623329794,0,6.68,6.68
2024-03-23,SKU_0016,74.76614225650465,0,6.35,6.35
2024-03-24,SKU_0016,70.16374518644712,0,6.78,6.78
2024-03-25,SKU_0016,71.49032632701405,0,10.53,10.53
2024-03-26,SKU_0016,75.7191196397026,0,8.33,8.33
2024-03-27,SKU_0016,76.80907052658348,0,8.52,8.52
2024-03-28,SKU_0016,74.35211311097756,1,13.94,13.94
2024-03-29,SKU_0016,73.69270187484514,0,6.41,6.41
2024-03-30,SKU_0016,73.67261587844352,0,6.4,6.4
2024-03-31,SKU_0016,74.63954538627664,0,9.68,9.68
2024-04-01,SKU_0016,79.77899996602282,0,5.7,5.7
2024-04-02,SKU_0016,81.0913824138083,0,11.04,11.04
2024-04-03,SKU_0016,74.5458892606629,1,12.17,12.17
2024-04-04,SKU_0016,72.07272182775361,0,11.41,11.41
2024-04-05,SKU_0016,72.79424484297056,0,7.95,7.95
2024-04-06,SKU_0016,77.87339499040161,0,6.09,6.09
2024-04-07,SKU_0016,84.17981395987137,0,5.06,5.06
2024-04-08,SKU_0016,93.6379990455291,0,5.39,5.39
2024-04-09,SKU_0016,94.3747102779845,0,5.8,5.8
2024-04-10,SKU_0016,98.79743947691908,0,6.59,6.59
2024-04-11,SKU_0016,90.54110949486655,0,6.31,6.31
2024-04-12,SKU_0016,92.90680468166252,0,5.29,5.29
2024-04-13,SKU_0016,87.1021044112323,0,3.53,3.53
2024-04-14,SKU_0016,86.77587911652861,0,5.02,5.02
2024-04-15,SKU_0016,104.0757496482993,0,6.36,6.36
2024-04-16,SKU_0016,105.98867514914058,0,6.97,6.97
2024-04-17,SKU_0016,100.63533686163646,0,6.43,6.43
2024-04-18,SKU_0016,103.12798579459901,0,9.23,9.23
2024-04-19,SKU_0016,99.9776125275692,0,4.12,4.12
2024-04-20,SKU_0016,94.37740016055741,0,4.14,4.14
2024-04-21,SKU_0016,107.0707693268277,0,2.86,2.86
2024-04-22,SKU_0016,114.1483288578622,0,4.04,4.04
2024-04-23,SKU_0016,116.5395768177946,0,7.28,7.28
2024-04-24,SKU_0016,113.8317559252822,0,5.06,5.06
2024-04-25,SKU_0016,111.72876176331425,0,3.66,3.66
2024-04-26,SKU_0016,122.56274171196137,0,4.23,4.23
2024-04-27,SKU_0016,124.83810381521931,0,3.18,3.18
2024-04-28,SKU_0016,103.75677101642862,0,4.65,4.65
2024-04-29,SKU_0016,119.97768062962643,0,3.84,3.84
2024-04-30,SKU_0016,121.30274822796115,0,3.92,3.92
2024-05-01,SKU_0016,123.82776554064777,0,4.68,4.68
2024-05-02,SKU_0016,132.1705721028583,0,4.45,4.45
2024-05-03,SKU_0016,135.9133392096946,0,3.04,3.04
2024-05-04,SKU_0016,142.1427718424854,0,2.67,2.67
2024-05-05,SKU_0016,138.57456829135356,0,2.43,2.43
2024-05-06,SKU_0016,128.71760040301365,0,4.02,4.02
2024-05-07,SKU_0016,130.90015112317386,0,4.31,4.31
2024-05-08,SKU_0016,142.64110303797062,0,3.49,3.49
2024-05-09,SKU_0016,137.20327057830866,1,5.52,5.52
2024-05-10,SKU_0016,131.339045501835,0,2.95,2.95
2024-05-11,SKU_0016,141.32232423632314,0,2.78,2.78
2024-05-12,SKU_0016,137.49788795578993,0,3.22,3.22
2024-05-13,SKU_0016,134.15219806111986,0,3.82,3.82
2024-05-14,SKU_0016,131.1820831017719,0,3.06,3.06
2024-05-15,SKU_0016,130.6716184363491,0,3.65,3.65
2024-05-16,SKU_0016,118.89837787620039,0,3.9,3.9
2024-05-17,SKU_0016,115.11236682029653,0,3.16,3.16
2024-05-18,SKU_0016,116.71450623889284,0,2.76,2.76
2024-05-19,SKU_0016,118.28832914845377,0,3.87,3.87
2024-05-20,SKU_0016,126.79919514776628,0,4.2,4.2
2024-05-21,SKU_0016,141.59462590620106,0,3.49,3.49
2024-05-22,SKU_0016,155.04528486986584,1,5.66,5.66
2024-05-23,SKU_0016,163.79184399908019,0,3.12,3.12
2024-05-24,SKU_0016,162.33665598706978,0,2.35,2.35
2024-05-25,SKU_0016,156.37987730493555,1,3.78,3.78
2024-05-26,SKU_0016,156.54771693505023,0,1.95,1.95
2024-05-27,SKU_0016,162.1457448318612,0,2.67,2.67
2024-05-28,SKU_0016,170.3426263937593,0,2.4,2.4
2024-05-29,SKU_0016,176.83144701926983,0,2.4,2.4
2024-05-30,SKU_0016,175.5504513828148,0,2.0,2.0
2024-05-31,SKU_0016,184.03725468911637,0,1.63,1.63
2024-06-01,SKU_0016,198.5002894983156,1,2.22,2.22
2024-06-02,SKU_0016,209.26474683383694,0,1.43,1.43
2024-06-03,SKU_0016,208.8631803853161,0,1.79,1.79
2024-06-04,SKU_0016,198.670659577528,1,3.22,3.22
2024-06-05,SKU_0016,188.7067892843463,0,3.78,3.78
2024-06-06,SKU_0016,181.14926747072818,0,1.97,1.97
2024-06-07,SKU_0016,183.96506684507304,0,1.52,1.52
2024-06-08,SKU_0016,189.7930201420623,0,1.34,1.34
2024-06-09,SKU_0016,174.34954642846975,0,1.84,1.84
2024-06-10,SKU_0016,169.15618590995365,0,2.67,2.67
2024-06-11,SKU_0016,171.64348997639877,0,3.19,3.19
2024-06-12,SKU_0016,162.62367649747262,0,3.78,3.78
2024-06-13,SKU_0016,166.91305491861948,0,2.63,2.63
2024-06-14,SKU_0016,163.8624489787239,0,2.04,2.04
2024-06-15,SKU_0016,156.9021141034103,1,3.91,3.91
2024-06-16,SKU_0016,157.40379713521924,0,1.19,1.19
2024-06-17,SKU_0016,161.15252545261336,0,2.53,2.53
2024-06-18,SKU_0016,153.15332514374947,0,3.46,3.46
2024-06-19,SKU_0016,150.94005963297136,0,4.88,4.88
2024-06-20,SKU_0016,155.23552885303812,0,2.07,2.07
2024-06-21,SKU_0016,148.29715925610336,0,2.25,2.25
2024-06-22,SKU_0016,134.25657166598268,0,1.78,1.78
2024-06-23,SKU_0016,122.43230345895783,1,2.78,2.78
2024-06-24,SKU_0016,119.3995223537506,0,3.42,3.42
2024-06-25,SKU_0016,110.31833092616377,0,5.54,5.54
2024-06-26,SKU_0016,108.04056843773354,0,6.35,0.6
2024-06-27,SKU_0016,119.39094509346828,0,3.52,3.52
2024-06-28,SKU_0016,109.91281472150563,0,3.97,3.97
2024-06-29,SKU_0016,108.06481294599726,0,2.89,2.89
2024-06-30,SKU_0016,122.81380650933329,0,3.03,3.03
2024-07-01,SKU_0016,125.85837227959352,0,4.1,1.25
2024-07-02,SKU_0016,123.11191847764711,0,3.84,0.0
2024-07-03,SKU_0016,121.95850816875937,0,5.19,0.0
2024-07-04,SKU_0016,125.14119257025568,0,2.82,2.82
2024-07-05,SKU_0016,138.54413737275885,0,2.89,2.89
2024-07-06,SKU_0016,134.20087435138564,0,2.75,2.75
2024-07-07,SKU_0016,128.23712931917538,0,3.02,3.02
2024-07-08,SKU_0016,118.05523390181847,1,3.89,3.89
2024-07-09,SKU_0016,118.78775875217497,0,3.91,3.91
2024-07-10,SKU_0016,109.1799150874914,0,4.98,4.9
2024-07-11,SKU_0016,106.18365201548926,0,4.72,4.72
2024-07-12,SKU_0016,100.54940056785412,0,3.79,3.79
2024-07-13,SKU_0016,107.24292253509577,0,3.84,3.84
2024-07-14,SKU_0016,104.02099794093837,0,2.45,2.45
2024-07-15,SKU_0016,106.52807886565041,0,3.64,3.64
2024-07-16,SKU_0016,96.75316858623394,0,3.67,3.67
2024-07-17,SKU_0016,97.5196112580744,0,5.97,5.97
2024-07-18,SKU_0016,90.72780593495911,0,5.73,5.73
2024-07-19,SKU_0016,88.44005435076686,0,8.29,8.29
2024-07-20,SKU_0016,100.98753819228874,0,3.73,3.73
2024-07-21,SKU_0016,106.7967598548869,0,3.21,3.21
2024-07-22,SKU_0016,105.97707876451253,0,3.95,3.95
2024-07-23,SKU_0016,128.40114995423198,0,3.3,3.3
2024-07-24,SKU_0016,121.54066107195541,0,4.01,1.32
2024-07-25,SKU_0016,130.34201088063196,0,3.36,3.36
2024-07-26,SKU_0016,118.89031927553401,0,1.93,1.93
2024-07-27,SKU_0016,117.16298690556364,0,2.56,2.56
2024-07-28,SKU_0016,108.06129699266721,0,2.95,2.95
2024-07-29,SKU_0016,109.74233245430905,0,4.98,4.98
2024-07-30,SKU_0016,110.11149033372543,0,4.06,4.06
2024-07-31,SKU_0016,108.09749085420788,0,3.79,3.79
2024-08-01,SKU_0016,115.41760912960008,0,3.82,3.82
2024-08-02,SKU_0016,111.55647848618419,0,3.07,3.07
2024-08-03,SKU_0016,113.76581726374548,0,2.43,2.43
2024-08-04,SKU_0016,119.50705382436891,0,1.93,1.93
2024-08-05,SKU_0016,109.33123472186296,0,3.34,3.34
2024-08-06,SKU_0016,104.53032956998182,0,3.87,3.87
2024-08-07,SKU_0016,104.86868227550254,0,4.3,4.3
2024-08-08,SKU_0016,108.90959425995956,1,6.3,6.3
2024-08-09,SKU_0016,118.60425864790969,0,2.39,2.39
2024-08-10,SKU_0016,117.0779094179097,1,3.22,3.22
2024-08-11,SKU_0016,114.87577683512629,1,4.08,4.08
2024-08-12,SKU_0016,109.01610038537794,0,3.21,3.21
2024-08-13,SKU_0016,111.19602411428288,0,6.63,6.63
2024-08-14,SKU_0016,109.23129127357086,0,4.39,4.39
2024-08-15,SKU_0016,107.450001453731,0,2.95,2.95
2024-08-16,SKU_0016,106.8464039702769,0,2.59,2.59
2024-08-17,SKU_0016,110.44194629332326,0,2.06,2.06
2024-08-18,SKU_0016,106.76884567402654,0,2.33,2.33
2024-08-19,SKU_0016,101.93513620722906,0,4.02,4.02
2024-08-20,SKU_0016,104.61010390676776,0,3.34,3.34
2024-08-21,SKU_0016,87.24294066449978,0,5.08,5.08
2024-08-22,SKU_0016,84.13948505953607,0,6.35,6.35
2024-08-23,SKU_0016,78.52345642654858,0,3.98,3.98
2024-08-24,SKU_0016,84.40215053220298,0,3.91,3.91
2024-08-25,SKU_0016,82.19848866019504,0,2.68,2.68
2024-08-26,SKU_0016,79.47908846217709,0,4.5,4.5
2024-08-27,SKU_0016,79.2475581054275,0,4.86,4.86
2024-08-28,SKU_0016,76.46661604558243,0,6.69,4.01
2024-08-29,SKU_0016,74.64140384207296,0,4.7,4.7
2024-08-30,SKU_0016,75.07758076938534,0,6.96,6.96
2024-08-31,SKU_0016,73.20030320406846,0,2.9,2.9
2024-09-01,SKU_0016,71.33923923598725,0,5.53,5.53
2024-09-02,SKU_0016,67.14383138492512,0,7.03,4.18
2024-09-03,SKU_0016,62.65290387966403,0,8.17,0.0
2024-09-04,SKU_0016,62.8812637016831,1,11.48,0.0
2024-09-05,SKU_0016,64.04873484567825,0,10.0,10.0
2024-09-06,SKU_0016,58.789006722057806,0,10.12,10.12
2024-09-07,SKU_0016,61.53163063346011,1,6.77,6.77
2024-09-08,SKU_0016,64.41807234572038,0,5.11,5.11
2024-09-09,SKU_0016,68.29766431301219,0,5.11,3.68
2024-09-10,SKU_0016,69.53769040840942,0,5.27,0.0
2024-09-11,SKU_0016,72.2472193413425,0,7.24,0.0
2024-09-12,SKU_0016,82.36786642622344,0,5.24,5.24
2024-09-13,SKU_0016,80.89112334495265,0,2.97,2.97
2024-09-14,SKU_0016,75.97182927937726,0,4.11,4.11
2024-09-15,SKU_0016,69.29127602610994,0,4.74,4.74
2024-09-16,SKU_0016,76.98876075785962,0,4.32,4.32
2024-09-17,SKU_0016,85.6086802279006,0,4.46,4.46
2024-09-18,SKU_0016,80.98878578768158,0,6.17,6.17
2024-09-19,SKU_0016,77.53050325122943,0,7.36,7.36
2024-09-20,SKU_0016,76.03790660117788,0,4.76,4.76
2024-09-21,SKU_0016,81.83355762013379,0,3.97,3.97
2024-09-22,SKU_0016,75.75081984971492,0,3.37,3.37
2024-09-23,SKU_0016,67.3196449965581,0,5.28,5.28
2024-09-24,SKU_0016,76.6694224439258,0,6.57,6.57
2024-09-25,SKU_0016,78.11994185816326,0,4.5,4.5
2024-09-26,SKU_0016,80.27916799620226,0,5.3,5.3
2024-09-27,SKU_0016,79.2972777687122,1,6.56,6.56
2024-09-28,SKU_0016,81.54466404364004,1,4.83,4.83
2024-09-29,SKU_0016,74.46271588616204,0,4.32,4.32
2024-09-30,SKU_0016,70.79888897968245,0,5.43,5.43
2024-10-01,SKU_0016,71.24700486413164,0,5.63,5.63
2024-10-02,SKU_0016,62.17166365510684,0,6.21,6.21
2024-10-03,SKU_0016,61.05336213505989,0,7.04,7.04
2024-10-04,SKU_0016,59.7338229560264,0,7.7,7.7
2024-10-05,SKU_0016,58.65876411611311,0,6.32,6.32
2024-10-06,SKU_0016,56.75093240447393,0,5.33,5.33
2024-10-07,SKU_0016,53.45919062162441,0,7.12,7.12
2024-10-08,SKU_0016,47.923052883270884,0,9.62,9.62
2024-10-09,SKU_0016,48.3410686761475,0,9.91,9.91
2024-10-10,SKU_0016,47.478360713564605,0,10.45,10.45
2024-10-11,SKU_0016,43.71787907237305,0,10.88,10.88
2024-10-12,SKU_0016,43.882216868496215,0,11.7,11.7
2024-10-13,SKU_0016,43.11246401502236,0,6.86,3.33
2024-10-14,SKU_0016,41.936254128972685,0,11.89,0.0
2024-10-15,SKU_0016,36.84562965176906,0,16.38,0.0
2024-10-16,SKU_0016,38.38639362100705,0,13.61,0.0
2024-10-17,SKU_0016,35.64896098697369,0,11.59,11.59
2024-10-18,SKU_0016,35.78454931617314,0,12.06,12.06
2024-10-19,SKU_0016,34.09054626747516,0,15.74,15.74
2024-10-20,SKU_0016,33.304633093380524,1,17.05,3.84
2024-10-21,SKU_0016,35.68869845385721,0,11.02,0.0
2024-10-22,SKU_0016,36.84541401396994,0,14.37,0.0
2024-10-23,SKU_0016,39.430260620655176,1,16.16,0.0
2024-10-24,SKU_0016,40.2196904240366,0,12.41,12.41
2024-10-25,SKU_0016,41.18710831068886,0,11.08,11.08
2024-10-26,SKU_0016,37.01254696403714,0,8.18,8.18
2024-10-27,SKU_0016,36.31407701539626,0,5.35,5.35
2024-10-28,SKU_0016,35.82732701820871,0,13.73,13.73
2024-10-29,SKU_0016,38.55673588888284,0,12.84,12.84
2024-10-30,SKU_0016,37.40322969974935,0,13.23,13.23
2024-10-31,SKU_0016,38.00237382459992,0,11.56,11.56
2024-11-01,SKU_0016,38.52063483404704,0,11.55,11.55
2024-11-02,SKU_0016,41.29141367602536,0,7.66,7.66
2024-11-03,SKU_0016,40.96139067196854,0,10.78,10.78
2024-11-04,SKU_0016,43.047198317747515,0,12.67,12.67
2024-11-05,SKU_0016,38.86154654340995,1,19.33,19.33
2024-11-06,SKU_0016,35.27463233994163,0,15.14,15.14
2024-11-07,SKU_0016,30.758408816791437,0,18.29,18.29
2024-11-08,SKU_0016,32.24369476081773,0,13.16,13.16
2024-11-09,SKU_0016,33.57368343901443,0,7.72,7.72
2024-11-10,SKU_0016,35.42976136765019,0,16.02,16.02
2024-11-11,SKU_0016,34.018703400910724,0,16.52,16.52
2024-11-12,SKU_0016,32.88766337152538,0,16.33,15.9
2024-11-13,SKU_0016,32.64967022553617,0,12.86,0.0
2024-11-14,SKU_0016,35.60395451455716,0,14.58,14.58
2024-11-15,SKU_0016,39.41263307040532,0,9.54,9.54
2024-11-16,SKU_0016,41.33521956803579,0,8.5,8.5
2024-11-17,SKU_0016,42.16439287339664,0,5.81,5.81
2024-11-18,SKU_0016,45.68175828484401,1,13.13,13.13
2024-11-19,SKU_0016,44.98587306198519,0,11.36,11.36
2024-11-20,SKU_0016,43.942941870144665,1,18.25,18.25
2024-11-21,SKU_0016,43.60407849579979,0,11.42,11.42
2024-11-22,SKU_0016,41.117253528597594,0,10.5,10.5
2024-11-23,SKU_0016,40.68775818194493,0,12.15,12.15
2024-11-24,SKU_0016,38.0493036342788,1,13.42,13.42
2024-11-25,SKU_0016,40.462808838850044,0,10.01,10.01
2024-11-26,SKU_0016,41.804521159959165,0,9.79,9.79
2024-11-27,SKU_0016,45.54852491219062,0,11.7,11.7
2024-11-28,SKU_0016,41.30655776759454,0,9.9,9.9
2024-11-29,SKU_0016,46.299126179285885,0,11.1,11.1
2024-11-30,SKU_0016,42.130610345016166,0,8.61,8.61
2024-12-01,SKU_0016,39.20781458410722,0,12.37,12.37
2024-12-02,SKU_0016,37.77421721919822,0,17.96,17.96
2024-12-03,SKU_0016,40.85748464923704,0,12.25,12.25
2024-12-04,SKU_0016,41.41422567321201,0,13.94,13.94
2024-12-05,SKU_0016,40.81275610071374,0,17.77,17.77
2024-12-06,SKU_0016,38.91722816478658,0,12.11,12.11
2024-12-07,SKU_0016,35.83341818872993,0,12.22,12.22
2024-12-08,SKU_0016,38.35322301430634,0,13.27,13.27
2024-12-09,SKU_0016,40.235790965139586,0,15.17,15.17
2024-12-10,SKU_0016,43.636935868225756,0,14.91,14.91
2024-12-11,SKU_0016,44.688358536858324,0,18.4,18.4
2024-12-12,SKU_0016,38.137074186784645,0,14.98,14.98
2024-12-13,SKU_0016,35.392923846219965,1,21.36,21.36
2024-12-14,SKU_0016,36.394009508618794,0,10.68,10.68
2024-12-15,SKU_0016,35.59556906501299,0,14.9,14.9
2024-12-16,SKU_0016,34.421819380744004,0,13.73,13.73
2024-12-17,SKU_0016,32.21708950515095,0,14.71,14.71
2024-12-18,SKU_0016,34.101876625515345,0,22.83,2.17
2024-12-19,SKU_0016,35.04819008386171,0,14.11,14.11
2024-12-20,SKU_0016,36.11814777242997,0,10.75,10.75
2024-12-21,SKU_0016,34.7708472319275,0,15.46,15.46
2024-12-22,SKU_0016,35.14057964782374,0,15.35,15.35
2024-12-23,SKU_0016,32.430219296187374,0,16.3,16.3
2024-12-24,SKU_0016,32.178579671179925,0,11.5,11.5
2024-12-25,SKU_0016,27.649986199923447,0,29.7,15.46
2024-12-26,SKU_0016,25.167116976217795,0,30.67,30.67
2024-12-27,SKU_0016,24.68509326394692,0,24.64,24.64
2024-12-28,SKU_0016,28.465893138679398,0,17.38,17.38
2024-12-29,SKU_0016,25.550632053183612,1,26.66,26.66
2024-12-30,SKU_0016,23.713564322074156,0,24.39,24.39
2024-01-01,SKU_0017,20.189929507219755,0,22.03,22.03
2024-01-02,SKU_0017,20.246604399883598,0,28.54,28.54
2024-01-03,SKU_0017,20.42596856211236,0,35.95,35.95
2024-01-04,SKU_0017,19.413450938929486,0,35.35,35.35
2024-01-05,SKU_0017,20.535637697740693,0,28.22,19.13
2024-01-06,SKU_0017,20.7917931505288,0,15.14,15.14
2024-01-07,SKU_0017,20.735909949521538,0,15.44,15.44
2024-01-08,SKU_0017,19.213213680589107,0,28.53,28.53
2024-01-09,SKU_0017,19.28515111214403,0,29.9,29.9
2024-01-10,SKU_0017,17.21433882552702,0,48.73,48.73
2024-01-11,SKU_0017,16.62393839443207,0,34.4,34.4
2024-01-12,SKU_0017,16.071666326687236,0,48.54,22.69
2024-01-13,SKU_0017,16.350812294427502,0,26.83,26.83
2024-01-14,SKU_0017,18.30306586134863,0,37.89,37.89
2024-01-15,SKU_0017,18.94202554061951,0,35.87,35.87
2024-01-16,SKU_0017,20.661811709974735,0,26.82,26.82
2024-01-17,SKU_0017,21.477371272336057,1,61.31,50.67
2024-01-18,SKU_0017,22.977215426289995,0,26.92,0.0
2024-01-19,SKU_0017,25.685605365215686,0,17.42,0.0
2024-01-20,SKU_0017,24.582148837908182,0,15.32,15.32
2024-01-21,SKU_0017,23.434147569808285,0,19.81,19.81
2024-01-22,SKU_0017,24.39365141432702,0,23.25,23.25
2024-01-23,SKU_0017,24.38826815284299,0,21.12,21.12
2024-01-24,SKU_0017,24.712852025519275,1,30.66,30.66
2024-01-25,SKU_0017,24.346872934609404,0,24.04,24.04
2024-01-26,SKU_0017,23.491247305437966,0,22.7,22.7
2024-01-27,SKU_0017,25.89043969481529,0,16.27,16.27
2024-01-28,SKU_0017,24.2370416589639,0,17.92,17.92
2024-01-29,SKU_0017,25.256047841977256,0,17.97,17.97
2024-01-30,SKU_0017,26.06306929254165,0,20.15,20.15
2024-01-31,SKU_0017,23.707193963029194,0,22.15,22.15
2024-02-01,SKU_0017,22.554435098269884,1,38.7,38.7
2024-02-02,SKU_0017,21.675233412871364,0,21.05,21.05
2024-02-03,SKU_0017,22.422060952858,1,22.93,22.93
2024-02-04,SKU_0017,21.93367729782186,1,27.73,27.73
