data/raw/sales.csv
date,sku,price,promo,true_demand_qty,sales_qty
2024-12-21,SKU_0018,36.71359002664222,0,23.69,23.69
2024-12-22,SKU_0018,34.28679695223298,0,16.79,16.79
2024-12-23,SKU_0018,35.80221408208902,1,30.03,0.72
2024-12-24,SKU_0018,35.90343777349325,1,23.58,0.0
2024-12-25,SKU_0018,36.43470266545059,0,29.24,0.0
2024-12-26,SKU_0018,34.86837693885456,0,37.11,37.11
2024-12-27,SKU_0018,34.14013499713748,0,37.74,37.74
2024-12-28,SKU_0018,34.12841974425649,0,17.98,17.98
2024-12-29,SKU_0018,33.078728850598914,0,21.34,21.34
2024-12-30,SKU_0018,33.743114076384984,0,27.84,27.84
2024-01-01,SKU_0019,23.17772953255474,0,25.37,25.37
2024-01-02,SKU_0019,19.713789608964255,0,22.82,22.82
2024-01-03,SKU_0019,19.361149861222806,0,51.02,51.02
2024-01-04,SKU_0019,20.314027627994403,0,23.0,23.0
2024-01-05,SKU_0019,20.495189970685548,1,21.15,15.79
2024-01-06,SKU_0019,20.67584763649181,0,15.29,0.0
2024-01-07,SKU_0019,20.227976409835886,0,15.41,15.41
2024-01-08,SKU_0019,18.982740290243314,0,27.68,27.68
2024-01-09,SKU_0019,18.963324250113644,0,21.98,21.98
2024-01-10,SKU_0019,19.022688877458155,1,44.88,44.88
2024-01-11,SKU_0019,19.738039034895145,1,41.56,41.56
2024-01-12,SKU_0019,20.580369505932747,0,26.57,26.57
2024-01-13,SKU_0019,20.686666659535057,0,19.07,19.07
2024-01-14,SKU_0019,22.09130013306925,0,20.86,20.86
2024-01-15,SKU_0019,21.599893665712557,0,18.09,18.09
2024-01-16,SKU_0019,19.807227920983507,0,31.19,31.19
2024-01-17,SKU_0019,20.38236645861252,0,18.25,18.25
2024-01-18,SKU_0019,20.537508783204704,0,24.56,24.56
2024-01-19,SKU_0019,21.159073106092656,0,20.71,20.71
2024-01-20,SKU_0019,19.61317866336671,0,20.69,20.69
2024-01-21,SKU_0019,21.837954463419127,0,11.97,11.97
2024-01-22,SKU_0019,22.78903800774582,0,17.45,17.45
2024-01-23,SKU_0019,22.398630480988675,0,22.23,22.23
2024-01-24,SKU_0019,21.17608817848033,0,24.87,24.87
2024-01-25,SKU_0019,22.589875826239588,0,24.8,24.8
2024-01-26,SKU_0019,21.144834557306215,0,18.76,18.76
2024-01-27,SKU_0019,24.217549012968348,0,13.17,13.17
2024-01-28,SKU_0019,23.342721904481127,0,13.38,13.38
2024-01-29,SKU_0019,25.881166775162722,0,18.75,18.75
2024-01-30,SKU_0019,25.59628248625556,0,23.29,23.29
2024-01-31,SKU_0019,28.142810662339638,0,15.22,15.22
2024-02-01,SKU_0019,26.9288934920909,0,27.79,27.79
2024-02-02,SKU_0019,26.959345266783835,0,10.85,10.85
2024-02-03,SKU_0019,28.2930151642855,0,12.01,12.01
2024-02-04,SKU_0019,29.43956707455377,0,8.04,8.04
2024-02-05,SKU_0019,31.449569618423354,0,12.48,12.48
2024-02-06,SKU_0019,30.543044126808887,0,15.56,15.56
2024-02-07,SKU_0019,30.698858574151117,0,11.43,11.43
2024-02-08,SKU_0019,33.08661395884069,0,10.58,10.58
2024-02-09,SKU_0019,31.71575175836394,0,13.77,13.77
2024-02-10,SKU_0019,32.8241958578095,0,6.42,6.42
2024-02-11,SKU_0019,32.395395796174704,0,8.95,8.95
2024-02-12,SKU_0019,32.798039886254855,0,10.75,10.75
2024-02-13,SKU_0019,32.9648475193813,0,11.83,11.83
2024-02-14,SKU_0019,31.442006263481904,0,9.61,9.61
2024-02-15,SKU_0019,30.95402955981122,1,20.28,20.28
2024-02-16,SKU_0019,31.224377553390237,0,9.94,9.94
2024-02-17,SKU_0019,31.03251983732574,0,10.63,10.63
2024-02-18,SKU_0019,34.10349387229623,0,7.97,7.97
2024-02-19,SKU_0019,36.233973458392285,0,8.56,8.56
2024-02-20,SKU_0019,36.86991850675355,0,10.56,10.56
2024-02-21,SKU_0019,35.21975796639719,0,9.14,9.14
2024-02-22,SKU_0019,33.52079007124056,0,14.9,14.9
2024-02-23,SKU_0019,37.735243839094224,0,6.53,6.53
2024-02-24,SKU_0019,35.51664221545661,0,6.23,6.23
2024-02-25,SKU_0019,35.76010757399206,0,9.13,9.13
2024-02-26,SKU_0019,36.54300847786853,0,8.85,8.85
2024-02-27,SKU_0019,35.86674210275282,0,9.97,9.97
2024-02-28,SKU_0019,33.77355961386975,1,18.2,18.2
2024-02-29,SKU_0019,32.21990528397525,0,13.48,13.48
2024-03-01,SKU_0019,31.180538617671044,0,9.95,9.95
2024-03-02,SKU_0019,29.881051959759954,0,11.28,11.28
2024-03-03,SKU_0019,32.358857621407566,0,6.67,6.67
2024-03-04,SKU_0019,32.34114406805722,0,11.29,11.29
2024-03-05,SKU_0019,31.34053048979351,0,15.97,15.97
2024-03-06,SKU_0019,31.542304548158526,0,15.86,15.86
2024-03-07,SKU_0019,32.83211002382428,0,7.4,7.4
2024-03-08,SKU_0019,32.160204987977906,0,9.46,9.46
2024-03-09,SKU_0019,33.94863666329465,0,5.84,5.84
2024-03-10,SKU_0019,31.455690020864928,0,11.83,11.83
2024-03-11,SKU_0019,33.74587229507635,0,9.22,9.22
2024-03-12,SKU_0019,33.72775089149918,0,15.11,15.11
2024-03-13,SKU_0019,33.63072978656136,0,9.8,9.8
2024-03-14,SKU_0019,32.261009554251935,0,13.04,13.04
2024-03-15,SKU_0019,29.969744577333326,0,11.17,11.17
2024-03-16,SKU_0019,27.117737729306537,1,27.3,27.3
2024-03-17,SKU_0019,25.904622881073234,0,16.78,16.78
2024-03-18,SKU_0019,26.834324571609113,0,19.29,19.29
2024-03-19,SKU_0019,25.330396829958534,0,30.87,30.87
2024-03-20,SKU_0019,23.08304208698107,1,37.11,6.94
2024-03-21,SKU_0019,21.857723131811728,0,24.71,0.0
2024-03-22,SKU_0019,21.358810438264882,0,20.3,0.0
2024-03-23,SKU_0019,20.920598506587265,0,19.96,0.0
2024-03-24,SKU_0019,20.759431501344125,0,11.6,11.6
2024-03-25,SKU_0019,22.086290007263894,0,22.35,22.35
2024-03-26,SKU_0019,23.805397023018216,0,24.28,24.28
2024-03-27,SKU_0019,26.84930862171031,0,18.66,18.66
2024-03-28,SKU_0019,24.355206158786043,0,15.18,15.18
2024-03-29,SKU_0019,23.136063641854264,0,17.73,17.73
2024-03-30,SKU_0019,24.126280080954988,0,10.54,10.54
2024-03-31,SKU_0019,23.477906576059492,0,22.86,22.86
2024-04-01,SKU_0019,24.72233340219292,0,17.18,17.18
2024-04-02,SKU_0019,25.0314698495725,0,13.98,13.98
2024-04-03,SKU_0019,27.5192588075268,0,17.64,17.64
2024-04-04,SKU_0019,29.29594312890872,1,23.94,23.94
2024-04-05,SKU_0019,31.221596293765046,0,10.76,10.76
2024-04-06,SKU_0019,30.459494376642482,0,7.69,7.69
2024-04-07,SKU_0019,30.28189765912624,0,8.66,8.66
2024-04-08,SKU_0019,29.732326538511067,0,12.05,12.05
2024-04-09,SKU_0019,27.163695592729788,0,16.55,16.55
2024-04-10,SKU_0019,29.671515639875203,0,12.37,12.37
2024-04-11,SKU_0019,31.02864328365904,0,12.86,12.86
2024-04-12,SKU_0019,30.39290300359963,0,8.34,8.34
2024-04-13,SKU_0019,32.867511509793154,1,13.25,13.25
2024-04-14,SKU_0019,31.647609577840374,0,11.27,11.27
2024-04-15,SKU_0019,28.3428431150913,0,11.38,11.38
2024-04-16,SKU_0019,30.108777364435163,0,12.85,12.85
2024-04-17,SKU_0019,27.88539631027038,0,16.37,16.37
2024-04-18,SKU_0019,27.559756039073513,1,22.14,22.14
2024-04-19,SKU_0019,27.902714459790538,0,13.4,13.4
2024-04-20,SKU_0019,28.555566683247978,0,11.33,11.33
2024-04-21,SKU_0019,30.04679382510472,0,10.89,10.89
2024-04-22,SKU_0019,31.11241843866387,1,21.75,21.75
2024-04-23,SKU_0019,32.15604949844215,0,13.18,13.18
2024-04-24,SKU_0019,30.66602888275701,0,11.4,11.4
2024-04-25,SKU_0019,31.212233093484883,0,9.23,9.23
2024-04-26,SKU_0019,28.51633571630821,0,16.82,16.82
2024-04-27,SKU_0019,31.31838696384779,0,9.54,9.54
2024-04-28,SKU_0019,28.790672943893988,0,11.17,11.17
2024-04-29,SKU_0019,28.198395756232294,0,15.14,15.14
2024-04-30,SKU_0019,26.052992423554265,0,19.8,19.8
2024-05-01,SKU_0019,24.936252211221596,0,23.59,23.59
2024-05-02,SKU_0019,24.956351568450494,0,17.84,17.84
2024-05-03,SKU_0019,24.17702678232699,0,20.23,20.23
2024-05-04,SKU_0019,25.895200722848752,0,10.98,10.98
2024-05-05,SKU_0019,26.250150233886526,0,10.54,10.54
2024-05-06,SKU_0019,25.531095189256934,0,11.77,11.77
2024-05-07,SKU_0019,25.327283469013068,0,19.07,19.07
2024-05-08,SKU_0019,27.25029209373988,0,23.31,23.31
2024-05-09,SKU_0019,28.777576585032953,0,13.26,13.26
2024-05-10,SKU_0019,26.876982184874645,0,10.07,10.07
2024-05-11,SKU_0019,25.801461473834767,0,12.84,9.33
2024-05-12,SKU_0019,26.547047220880266,0,10.71,10.71
2024-05-13,SKU_0019,27.115906756638562,0,19.82,19.82
2024-05-14,SKU_0019,25.45972083938744,0,24.22,24.22
2024-05-15,SKU_0019,26.630181721801712,0,14.45,14.45
2024-05-16,SKU_0019,25.244107833002488,0,17.7,17.7
2024-05-17,SKU_0019,27.298244109068214,1,15.0,15.0
2024-05-18,SKU_0019,28.179346926985023,0,8.03,8.03
2024-05-19,SKU_0019,26.329075585759252,1,16.59,16.59
2024-05-20,SKU_0019,25.50639645347439,0,18.93,18.93
2024-05-21,SKU_0019,24.68366342833079,1,27.57,27.57
2024-05-22,SKU_0019,24.921583330258056,0,18.75,18.75
2024-05-23,SKU_0019,24.61843652678119,1,16.72,16.72
2024-05-24,SKU_0019,22.983263560020983,0,15.12,15.12
2024-05-25,SKU_0019,21.138810919625936,0,19.1,14.71
2024-05-26,SKU_0019,21.846749169282376,0,13.04,13.04
2024-05-27,SKU_0019,22.225190280348606,0,26.46,26.46
2024-05-28,SKU_0019,22.366372346343006,0,21.47,21.47
2024-05-29,SKU_0019,22.732656610660857,1,34.69,34.69
2024-05-30,SKU_0019,21.90395817393898,0,21.37,21.37
2024-05-31,SKU_0019,22.14710748753707,0,14.37,5.88
2024-06-01,SKU_0019,25.790784401871967,0,12.61,0.0
2024-06-02,SKU_0019,27.67394236592307,0,9.52,9.52
2024-06-03,SKU_0019,27.19917806318309,1,15.99,15.99
2024-06-04,SKU_0019,26.35833252229708,0,10.8,10.8
2024-06-05,SKU_0019,22.20146074203826,0,32.31,32.31
2024-06-06,SKU_0019,23.67168800475632,0,19.64,19.64
2024-06-07,SKU_0019,24.81568855807372,0,17.96,17.96
2024-06-08,SKU_0019,24.019028686908225,0,14.65,14.65
2024-06-09,SKU_0019,22.04187200052645,0,20.13,20.13
2024-06-10,SKU_0019,20.565766449355912,0,20.35,20.35
2024-06-11,SKU_0019,21.12150556118335,0,19.63,19.63
2024-06-12,SKU_0019,21.00858782798836,0,31.52,31.52
2024-06-13,SKU_0019,21.898690037078172,0,22.82,22.82
2024-06-14,SKU_0019,22.012564581570494,0,16.08,16.08
2024-06-15,SKU_0019,23.327173778342587,1,21.34,16.72
2024-06-16,SKU_0019,23.850220105347525,1,19.9,19.9
2024-06-17,SKU_0019,25.06622114946585,1,23.99,23.99
2024-06-18,SKU_0019,22.11243597768147,0,18.89,18.89
2024-06-19,SKU_0019,20.533946223068885,0,33.59,33.59
2024-06-20,SKU_0019,20.089922672370434,0,25.55,25.55
2024-06-21,SKU_0019,21.43430030448832,0,22.55,22.55
2024-06-22,SKU_0019,23.99449047414276,1,20.7,8.18
2024-06-23,SKU_0019,23.75920640499817,0,15.38,15.38
2024-06-24,SKU_0019,22.903169100198095,0,17.4,17.4
2024-06-25,SKU_0019,20.368247170637943,1,41.87,41.87
2024-06-26,SKU_0019,21.451423414640637,0,31.05,31.05
2024-06-27,SKU_0019,20.7548419888961,0,26.53,26.53
2024-06-28,SKU_0019,24.786016627355735,0,14.04,14.04
2024-06-29,SKU_0019,23.7104389520272,0,14.29,14.29
2024-06-30,SKU_0019,26.90284166381752,0,9.33,9.33
2024-07-01,SKU_0019,28.138365406628772,0,15.96,15.96
2024-07-02,SKU_0019,26.454812746577172,0,11.27,11.27
2024-07-03,SKU_0019,26.825870135200333,0,16.05,16.05
2024-07-04,SKU_0019,28.096627660511327,0,11.96,11.96
2024-07-05,SKU_0019,27.719452568212997,0,9.38,9.38
2024-07-06,SKU_0019,29.148789581346733,0,8.72,8.72
2024-07-07,SKU_0019,30.611348851469806,0,6.33,6.33
2024-07-08,SKU_0019,31.726463004648892,0,14.12,14.12
2024-07-09,SKU_0019,31.69511999483339,0,8.36,8.36
2024-07-10,SKU_0019,29.53766770792331,0,10.73,10.73
2024-07-11,SKU_0019,29.401897049766134,0,9.43,9.43
2024-07-12,SKU_0019,29.714141509488115,0,9.5,9.5
2024-07-13,SKU_0019,26.550803883457036,0,11.69,11.69
2024-07-14,SKU_0019,26.821777324589622,0,11.02,11.02
2024-07-15,SKU_0019,26.666445931339872,1,22.92,22.92
2024-07-16,SKU_0019,24.670507556140223,1,19.96,19.96
2024-07-17,SKU_0019,24.182473148579206,0,21.04,21.04
2024-07-18,SKU_0019,23.73420697693182,0,15.97,15.97
2024-07-19,SKU_0019,26.64823746182102,0,11.45,11.45
2024-07-20,SKU_0019,27.00251777758379,0,11.26,11.26
2024-07-21,SKU_0019,28.734337257784443,1,8.33,8.33
2024-07-22,SKU_0019,28.53193280927313,0,15.9,15.9
2024-07-23,SKU_0019,25.497716993193585,0,15.27,15.27
2024-07-24,SKU_0019,26.54733668323205,0,10.95,10.95
2024-07-25,SKU_0019,25.519381585291985,0,12.58,12.58
2024-07-26,SKU_0019,25.01066209706619,0,12.28,12.28
2024-07-27,SKU_0019,23.479411784661664,0,9.97,9.97
2024-07-28,SKU_0019,23.582148698333732,0,8.0,8.0
2024-07-29,SKU_0019,25.138504547737227,0,13.49,13.49
2024-07-30,SKU_0019,26.585474705209187,0,12.28,12.28
2024-07-31,SKU_0019,29.23996311411874,0,14.01,14.01
2024-08-01,SKU_0019,32.43421684062543,0,7.26,7.26
2024-08-02,SKU_0019,28.687499978046144,0,14.27,14.27
2024-08-03,SKU_0019,26.704824805306483,0,9.73,9.73
2024-08-04,SKU_0019,23.959208984509022,0,11.88,11.88
2024-08-05,SKU_0019,24.88508388780001,0,14.93,14.93
2024-08-06,SKU_0019,23.87146174675846,0,11.8,11.8
2024-08-07,SKU_0019,23.18099718966046,0,16.85,16.85
2024-08-08,SKU_0019,22.881689612135062,0,24.21,24.21
2024-08-09,SKU_0019,23.412995975291114,0,12.21,12.21
2024-08-10,SKU_0019,21.416721359915833,0,12.85,12.85
2024-08-11,SKU_0019,19.85865994204801,0,14.49,14.49
2024-08-12,SKU_0019,19.860204457590516,0,26.43,26.43
2024-08-13,SKU_0019,21.341268995302993,1,26.86,26.86
2024-08-14,SKU_0019,21.30877299214032,0,16.62,16.62
2024-08-15,SKU_0019,20.320277581003833,0,34.76,15.62
2024-08-16,SKU_0019,17.862914754617094,0,16.11,0.0
2024-08-17,SKU_0019,18.913714566998145,0,15.8,0.0
2024-08-18,SKU_0019,18.09673252363528,0,15.7,15.7
2024-08-19,SKU_0019,16.89276094097107,0,22.78,22.78
2024-08-20,SKU_0019,15.240641916653068,0,30.69,30.69
2024-08-21,SKU_0019,13.97988654454807,0,41.56,41.56
2024-08-22,SKU_0019,13.196435668178752,0,55.86,29.34
2024-08-23,SKU_0019,13.008667210619576,1,35.52,0.0
2024-08-24,SKU_0019,12.09861933484139,1,64.86,0.0
2024-08-25,SKU_0019,12.234181834879754,0,47.39,47.39
2024-08-26,SKU_0019,12.054607589113868,0,53.81,53.81
2024-08-27,SKU_0019,13.773776031347467,0,46.26,14.58
2024-08-28,SKU_0019,12.434811393612957,0,59.99,0.0
2024-08-29,SKU_0019,12.555874900148094,1,90.54,0.0
2024-08-30,SKU_0019,12.687648674495625,0,27.51,0.0
2024-08-31,SKU_0019,11.926890189669365,0,42.9,0.0
2024-09-01,SKU_0019,11.995249237578113,0,33.56,33.56
2024-09-02,SKU_0019,12.562125023724509,0,52.26,52.26
2024-09-03,SKU_0019,12.635064244455421,0,46.25,46.25
2024-09-04,SKU_0019,13.729456011410266,0,53.5,53.5
2024-09-05,SKU_0019,12.047803262771785,0,38.77,38.77
2024-09-06,SKU_0019,11.454106783083468,0,33.26,33.26
2024-09-07,SKU_0019,12.514046076163794,0,32.7,32.7
2024-09-08,SKU_0019,13.217917288442186,0,42.72,42.72
2024-09-09,SKU_0019,13.653610364289069,0,41.67,41.67
2024-09-10,SKU_0019,14.702196532500516,0,43.21,43.21
2024-09-11,SKU_0019,13.105125770653938,0,59.55,59.55
2024-09-12,SKU_0019,13.745892794587629,1,51.79,51.79
2024-09-13,SKU_0019,14.652372729225627,0,32.84,22.5
2024-09-14,SKU_0019,14.084575654768942,0,23.62,0.0
2024-09-15,SKU_0019,16.491325254283435,0,19.67,19.67
2024-09-16,SKU_0019,16.686757459054142,0,24.49,24.49
2024-09-17,SKU_0019,14.629635435947078,0,34.89,34.89
2024-09-18,SKU_0019,14.968165048383025,0,38.24,38.24
2024-09-19,SKU_0019,14.335428831138064,0,35.57,35.57
2024-09-20,SKU_0019,15.373322934259503,0,22.89,22.89
2024-09-21,SKU_0019,15.887146281215065,0,20.43,20.43
2024-09-22,SKU_0019,15.327292272534319,0,24.66,24.66
2024-09-23,SKU_0019,16.773196452342166,0,20.11,20.11
2024-09-24,SKU_0019,17.745806622979647,0,29.28,29.28
2024-09-25,SKU_0019,16.88581705654513,0,27.86,27.86
2024-09-26,SKU_0019,16.73247325029016,0,29.0,29.0
2024-09-27,SKU_0019,17.259562621851043,0,18.51,18.51
2024-09-28,SKU_0019,16.886433515717655,0,23.05,23.05
2024-09-29,SKU_0019,16.55100102307988,0,24.99,24.99
2024-09-30,SKU_0019,16.58751139246023,0,20.71,20.71
2024-10-01,SKU_0019,15.559979035645874,0,38.26,38.26
2024-10-02,SKU_0019,13.609066854825937,0,61.59,61.59
2024-10-03,SKU_0019,13.805738552314631,0,33.1,33.1
2024-10-04,SKU_0019,12.252749317531773,0,33.87,33.87
2024-10-05,SKU_0019,11.54402542260745,0,44.31,44.31
2024-10-06,SKU_0019,10.379919082299429,0,38.29,38.29
2024-10-07,SKU_0019,9.40241353444127,0,63.76,63.76
2024-10-08,SKU_0019,9.646042482066285,1,95.26,95.26
2024-10-09,SKU_0019,9.518233128625871,0,105.25,58.14
2024-10-10,SKU_0019,9.371800264865172,0,72.47,0.0
2024-10-11,SKU_0019,8.660315047227988,0,73.42,0.0
2024-10-12,SKU_0019,8.326141604792024,0,61.18,0.0
2024-10-13,SKU_0019,8.516346767434293,0,91.25,91.25
2024-10-14,SKU_0019,8.489772721334203,1,105.03,105.03
2024-10-15,SKU_0019,8.919346427666893,0,74.7,74.7
2024-10-16,SKU_0019,9.451072188726334,0,69.23,48.82
2024-10-17,SKU_0019,9.30912407643182,0,97.51,0.0
2024-10-18,SKU_0019,8.329971589456052,1,134.96,0.0
2024-10-19,SKU_0019,7.960257524041087,1,137.51,0.0
2024-10-20,SKU_0019,7.913736086617872,0,65.25,65.25
2024-10-21,SKU_0019,7.553498033259094,0,108.94,108.94
2024-10-22,SKU_0019,7.0903401750360775,0,250.04,250.04
2024-10-23,SKU_0019,7.120076402113371,0,149.76,85.49
2024-10-24,SKU_0019,8.237827383994826,0,96.45,0.0
2024-10-25,SKU_0019,8.000030534155792,0,91.52,0.0
2024-10-26,SKU_0019,7.99868383318179,1,119.37,0.0
2024-10-27,SKU_0019,7.393157088751686,0,107.0,107.0
2024-10-28,SKU_0019,7.9658122690968485,0,92.42,92.42
2024-10-29,SKU_0019,8.395060528442993,0,100.88,100.88
2024-10-30,SKU_0019,8.81088200427987,0,101.73,101.73
2024-10-31,SKU_0019,9.559881175150256,0,71.45,71.45
2024-11-01,SKU_0019,9.317877030533499,0,54.64,54.64
2024-11-02,SKU_0019,9.150328196700698,0,88.33,4.66
2024-11-03,SKU_0019,10.138929889856422,0,49.86,49.86
2024-11-04,SKU_0019,10.53124070800091,0,58.49,58.49
2024-11-05,SKU_0019,9.218320254064691,0,90.61,90.61
2024-11-06,SKU_0019,9.473345274313155,0,94.16,94.16
2024-11-07,SKU_0019,9.148411071658831,0,99.59,99.59
2024-11-08,SKU_0019,9.654947905972435,0,60.61,60.61
2024-11-09,SKU_0019,9.894330818112946,0,67.85,67.85
2024-11-10,SKU_0019,8.91316486967085,1,108.62,108.62
2024-11-11,SKU_0019,9.058098259328046,0,81.61,81.61
2024-11-12,SKU_0019,9.173297851942568,0,86.87,86.87
2024-11-13,SKU_0019,9.375544083007439,1,169.67,169.67
2024-11-14,SKU_0019,9.704952641531328,0,80.58,80.58
2024-11-15,SKU_0019,10.616339689487603,0,44.22,44.22
2024-11-16,SKU_0019,10.88327964293404,1,77.6,77.6
2024-11-17,SKU_0019,10.898242540323961,0,42.37,42.37
2024-11-18,SKU_0019,11.675347816262102,0,63.83,63.83
2024-11-19,SKU_0019,13.357046029295228,0,30.2,30.2
2024-11-20,SKU_0019,14.110910370653508,0,43.66,43.66
2024-11-21,SKU_0019,14.286580226174829,0,51.77,51.77
2024-11-22,SKU_0019,14.662196048564969,1,43.39,43.39
2024-11-23,SKU_0019,14.889184985130958,0,29.39,29.39
2024-11-24,SKU_0019,14.905737625926479,0,23.18,23.18
2024-11-25,SKU_0019,16.973553636131673,0,29.07,29.07
2024-11-26,SKU_0019,16.2275961952871,0,35.42,35.42
2024-11-27,SKU_0019,17.391952713677014,0,34.04,34.04
2024-11-28,SKU_0019,17.261113466484275,0,44.21,44.21
2024-11-29,SKU_0019,15.794014588523257,0,36.41,36.41
