data/raw/sales.csv
date,sku,price,promo,true_demand_qty,sales_qty
2024-11-30,SKU_0019,15.616561412538147,0,28.57,28.57
2024-12-01,SKU_0019,15.112548574201721,0,32.51,32.51
2024-12-02,SKU_0019,15.645448894246876,1,37.06,37.06
2024-12-03,SKU_0019,15.731390050792413,0,34.94,34.94
2024-12-04,SKU_0019,14.79569811711123,0,33.11,33.11
2024-12-05,SKU_0019,16.160935569423405,0,26.43,26.43
2024-12-06,SKU_0019,17.25332685140635,0,20.36,20.36
2024-12-07,SKU_0019,18.975872765277227,1,23.64,23.64
2024-12-08,SKU_0019,19.24759653478841,0,14.08,14.08
2024-12-09,SKU_0019,19.206374199721267,0,22.35,22.35
2024-12-10,SKU_0019,20.0345011021592,0,24.2,24.2
2024-12-11,SKU_0019,19.3522238633023,0,22.16,22.16
2024-12-12,SKU_0019,19.50383113026882,0,33.25,33.25
2024-12-13,SKU_0019,19.29932730291163,0,15.48,15.48
2024-12-14,SKU_0019,17.67954252338522,1,34.81,34.81
2024-12-15,SKU_0019,17.815262109268875,0,13.58,13.58
2024-12-16,SKU_0019,17.350086609567754,0,27.16,27.16
2024-12-17,SKU_0019,17.099416984355216,0,27.12,27.12
2024-12-18,SKU_0019,17.476750681887246,0,30.29,30.29
2024-12-19,SKU_0019,18.863398425849894,0,38.41,38.41
2024-12-20,SKU_0019,17.926808030068305,0,22.16,22.16
2024-12-21,SKU_0019,17.56843375146851,0,16.84,16.84
2024-12-22,SKU_0019,16.78018612583495,0,26.95,26.95
2024-12-23,SKU_0019,15.96482648799879,0,31.19,31.19
2024-12-24,SKU_0019,15.40533412522015,0,44.28,44.28
2024-12-25,SKU_0019,15.224817158735027,0,38.2,38.2
2024-12-26,SKU_0019,15.76952221854971,0,32.29,32.29
2024-12-27,SKU_0019,16.075652327434753,0,25.53,25.53
2024-12-28,SKU_0019,15.087920089773084,0,33.63,33.63
2024-12-29,SKU_0019,16.306177912384342,0,25.27,25.27
2024-12-30,SKU_0019,17.25684346519502,0,24.04,24.04
2024-01-01,SKU_0020,16.403768419387983,0,21.72,21.72
2024-01-02,SKU_0020,17.989233249974287,0,24.3,24.3
2024-01-03,SKU_0020,18.190297605101833,0,27.82,27.82
2024-01-04,SKU_0020,16.04830703192422,0,21.66,10.16
2024-01-05,SKU_0020,14.83509390746915,0,19.83,0.0
2024-01-06,SKU_0020,13.960554942739401,0,19.31,0.0
2024-01-07,SKU_0020,14.765285725302574,0,14.99,0.0
2024-01-08,SKU_0020,15.495959546981844,1,35.42,0.0
2024-01-09,SKU_0020,15.219162879557736,1,36.07,36.07
2024-01-10,SKU_0020,14.726443598188515,0,23.01,23.01
2024-01-11,SKU_0020,15.373235708041681,0,20.05,20.05
2024-01-12,SKU_0020,14.365890347803493,0,20.58,20.58
2024-01-13,SKU_0020,14.765845975267407,0,15.75,15.75
2024-01-14,SKU_0020,15.099594503010835,0,21.55,21.55
2024-01-15,SKU_0020,14.852861106141887,0,22.02,22.02
2024-01-16,SKU_0020,15.211522375155948,1,39.09,39.09
2024-01-17,SKU_0020,15.304988987458042,1,32.28,32.28
2024-01-18,SKU_0020,15.768653639614625,0,25.1,25.1
2024-01-19,SKU_0020,14.555630344665577,0,27.71,27.71
2024-01-20,SKU_0020,15.102314388936158,0,17.22,17.22
2024-01-21,SKU_0020,16.061804829742957,0,16.36,16.36
2024-01-22,SKU_0020,16.37410572588935,0,18.95,18.95
2024-01-23,SKU_0020,16.975550771048244,0,26.36,26.36
2024-01-24,SKU_0020,16.863962688888858,0,36.73,36.73
2024-01-25,SKU_0020,17.79039871721307,0,18.28,18.28
2024-01-26,SKU_0020,17.860181567320918,0,19.14,19.14
2024-01-27,SKU_0020,16.671443148191756,0,12.14,12.14
2024-01-28,SKU_0020,17.51241808061593,0,16.34,16.34
2024-01-29,SKU_0020,15.87684024547623,0,24.66,24.66
2024-01-30,SKU_0020,16.14851740154364,0,20.25,20.25
2024-01-31,SKU_0020,15.780497981610775,0,26.86,26.86
2024-02-01,SKU_0020,15.36185252752075,0,28.24,28.24
2024-02-02,SKU_0020,15.521197227128502,0,21.93,21.93
2024-02-03,SKU_0020,14.874515229006438,0,19.93,19.93
2024-02-04,SKU_0020,15.338741038998458,0,16.06,16.06
2024-02-05,SKU_0020,15.391101535703635,0,25.71,25.71
2024-02-06,SKU_0020,14.831479022554191,1,35.13,35.13
2024-02-07,SKU_0020,16.071421895163887,1,45.5,45.5
2024-02-08,SKU_0020,16.270108888381856,0,16.53,16.53
2024-02-09,SKU_0020,16.89770256520181,1,26.05,26.05
2024-02-10,SKU_0020,18.396731143175153,0,17.09,17.09
2024-02-11,SKU_0020,20.009030681493197,0,22.3,22.3
2024-02-12,SKU_0020,20.717335901644283,0,21.15,21.15
2024-02-13,SKU_0020,20.344514969485708,0,26.13,26.13
2024-02-14,SKU_0020,18.672075399409174,0,29.72,29.72
2024-02-15,SKU_0020,18.905077857042563,0,31.41,31.41
2024-02-16,SKU_0020,20.18834816799945,0,17.58,17.58
2024-02-17,SKU_0020,20.62212448883278,0,12.03,12.03
2024-02-18,SKU_0020,16.7716416110654,0,13.91,13.91
2024-02-19,SKU_0020,17.670440054736705,1,35.21,35.21
2024-02-20,SKU_0020,18.686159934104005,0,28.04,28.04
2024-02-21,SKU_0020,18.351472339086246,0,26.83,26.83
2024-02-22,SKU_0020,19.47266151429911,0,21.67,21.67
2024-02-23,SKU_0020,20.220348181909735,0,19.92,19.92
2024-02-24,SKU_0020,19.405548407899715,0,17.44,17.44
2024-02-25,SKU_0020,20.943683400148334,1,25.03,25.03
2024-02-26,SKU_0020,19.41000155264361,0,17.77,17.77
2024-02-27,SKU_0020,19.343448762623055,0,18.7,18.7
2024-02-28,SKU_0020,19.162086361709722,0,23.22,23.22
2024-02-29,SKU_0020,18.23617701154141,0,19.54,19.54
2024-03-01,SKU_0020,18.571627280677358,0,15.42,15.42
2024-03-02,SKU_0020,20.09070228272122,0,22.68,22.68
2024-03-03,SKU_0020,21.65251572263973,0,10.74,10.74
2024-03-04,SKU_0020,22.613373979182413,0,22.54,22.54
2024-03-05,SKU_0020,20.42554145520731,0,31.23,31.23
2024-03-06,SKU_0020,18.85218857213498,0,34.62,34.62
2024-03-07,SKU_0020,19.04108777864164,0,26.65,26.65
2024-03-08,SKU_0020,19.00201557619093,0,26.47,26.47
2024-03-09,SKU_0020,18.442545794098187,1,33.45,33.45
2024-03-10,SKU_0020,20.67612511831978,0,16.48,16.48
2024-03-11,SKU_0020,20.807869736892023,1,31.65,31.65
2024-03-12,SKU_0020,21.496196926690462,0,32.9,32.9
2024-03-13,SKU_0020,22.808873873400096,0,21.59,21.59
2024-03-14,SKU_0020,22.884210437369617,0,21.75,21.75
2024-03-15,SKU_0020,26.73332467345114,0,14.83,14.83
2024-03-16,SKU_0020,25.26673135300919,0,16.16,16.16
2024-03-17,SKU_0020,24.364429681312387,0,10.96,10.96
2024-03-18,SKU_0020,23.024404661564407,0,27.45,27.45
2024-03-19,SKU_0020,25.287601664137355,0,25.97,25.97
2024-03-20,SKU_0020,26.534330238271593,0,26.59,26.59
2024-03-21,SKU_0020,25.681997511372796,0,13.38,13.38
2024-03-22,SKU_0020,24.384743686909516,0,14.46,14.46
2024-03-23,SKU_0020,26.49751905507617,0,19.4,19.4
2024-03-24,SKU_0020,27.07883349786872,0,14.61,14.61
2024-03-25,SKU_0020,29.470137104603182,0,12.7,12.7
2024-03-26,SKU_0020,29.363972215450385,0,22.45,22.45
2024-03-27,SKU_0020,30.279187865364683,0,25.15,25.15
2024-03-28,SKU_0020,30.82956914757461,0,21.54,21.54
2024-03-29,SKU_0020,29.696452274449847,0,15.45,15.45
2024-03-30,SKU_0020,29.44072550609423,0,17.04,17.04
2024-03-31,SKU_0020,27.421317900330056,0,13.07,13.07
2024-04-01,SKU_0020,28.246431919251727,1,27.31,27.31
2024-04-02,SKU_0020,29.56650316361607,0,21.99,21.99
2024-04-03,SKU_0020,31.376265856415785,0,20.95,20.95
2024-04-04,SKU_0020,32.656516954517116,0,17.37,17.37
2024-04-05,SKU_0020,32.40626693646886,0,14.13,14.13
2024-04-06,SKU_0020,35.56884331099229,0,12.24,12.24
2024-04-07,SKU_0020,37.52504497404844,0,11.83,11.83
2024-04-08,SKU_0020,40.78528498107044,0,17.2,17.2
2024-04-09,SKU_0020,44.495967024195636,0,15.16,15.16
2024-04-10,SKU_0020,44.16190665393577,0,24.13,24.13
2024-04-11,SKU_0020,45.20172927896747,0,13.8,13.8
2024-04-12,SKU_0020,47.35200938100097,1,19.44,19.44
2024-04-13,SKU_0020,44.1971694857158,0,12.97,12.97
2024-04-14,SKU_0020,41.3074288009109,0,12.22,12.22
2024-04-15,SKU_0020,38.20948025916008,0,15.6,15.6
2024-04-16,SKU_0020,37.9624553357358,0,15.92,15.92
2024-04-17,SKU_0020,37.210784689907825,0,17.47,17.47
2024-04-18,SKU_0020,34.139613374133134,0,18.94,18.94
2024-04-19,SKU_0020,34.446930255474335,0,14.36,14.36
2024-04-20,SKU_0020,34.24986938907368,0,15.61,15.61
2024-04-21,SKU_0020,36.767605105768105,0,11.48,11.48
2024-04-22,SKU_0020,41.48765471338808,0,13.46,13.46
2024-04-23,SKU_0020,42.63957986004813,0,12.27,12.27
2024-04-24,SKU_0020,40.89407125040801,0,20.72,20.72
2024-04-25,SKU_0020,42.512092207015684,0,17.72,17.72
2024-04-26,SKU_0020,42.53582803481668,0,15.48,15.48
2024-04-27,SKU_0020,41.9273860382005,0,13.38,13.38
2024-04-28,SKU_0020,39.81497711321675,0,13.94,13.94
2024-04-29,SKU_0020,38.72130434851166,0,17.74,17.74
2024-04-30,SKU_0020,38.310441683852524,1,27.18,27.18
2024-05-01,SKU_0020,40.204071491570765,0,21.24,21.24
2024-05-02,SKU_0020,41.45588319315757,0,11.03,11.03
2024-05-03,SKU_0020,46.25475987048091,0,9.64,9.64
2024-05-04,SKU_0020,48.164616752746966,0,7.72,7.72
2024-05-05,SKU_0020,49.40651779624797,0,13.41,13.41
2024-05-06,SKU_0020,48.50702014650518,0,11.16,11.16
2024-05-07,SKU_0020,45.579623056292995,0,14.25,14.25
2024-05-08,SKU_0020,44.047436142314275,1,22.83,22.83
2024-05-09,SKU_0020,42.23616428254805,0,12.15,12.15
2024-05-10,SKU_0020,36.2203971921007,0,14.75,14.75
2024-05-11,SKU_0020,34.09342367344516,1,10.44,10.44
2024-05-12,SKU_0020,37.53362122201125,0,9.51,9.51
2024-05-13,SKU_0020,38.37296249861045,0,15.34,15.34
2024-05-14,SKU_0020,37.51578128354493,0,13.9,13.9
2024-05-15,SKU_0020,38.423546739498924,0,23.66,23.66
2024-05-16,SKU_0020,34.17403675200036,1,23.37,23.37
2024-05-17,SKU_0020,34.75738472309007,0,17.31,17.31
2024-05-18,SKU_0020,37.526284041913236,0,12.0,12.0
2024-05-19,SKU_0020,37.254570616563925,0,11.88,11.88
2024-05-20,SKU_0020,33.49697937446726,0,12.87,12.87
2024-05-21,SKU_0020,32.67528019724715,0,22.88,22.88
2024-05-22,SKU_0020,35.28205770649147,0,20.61,20.61
2024-05-23,SKU_0020,35.83382693967907,0,25.23,25.23
2024-05-24,SKU_0020,32.91056491232684,0,16.54,16.54
2024-05-25,SKU_0020,37.93413926988504,0,10.09,10.09
2024-05-26,SKU_0020,35.18510951474051,1,17.1,17.1
2024-05-27,SKU_0020,34.6759891828605,0,16.47,16.47
2024-05-28,SKU_0020,32.5834448604406,0,23.6,23.6
2024-05-29,SKU_0020,30.619718967683202,0,26.21,26.21
2024-05-30,SKU_0020,29.800201200386958,0,17.59,17.59
2024-05-31,SKU_0020,30.95963176545584,0,11.18,11.18
2024-06-01,SKU_0020,33.4521493957635,0,7.96,7.96
2024-06-02,SKU_0020,32.68597056596073,0,9.87,9.87
2024-06-03,SKU_0020,30.763758894724262,0,14.14,14.14
2024-06-04,SKU_0020,31.660052000232067,0,25.21,25.21
2024-06-05,SKU_0020,32.63983619819437,0,25.77,25.77
2024-06-06,SKU_0020,33.11399795002587,0,20.31,20.31
2024-06-07,SKU_0020,33.66640583114054,1,22.71,22.71
2024-06-08,SKU_0020,33.439789514459456,0,9.81,9.81
2024-06-09,SKU_0020,33.63729915085032,0,8.83,8.83
2024-06-10,SKU_0020,33.2726745929108,0,12.19,12.19
2024-06-11,SKU_0020,35.47935936149803,0,11.39,11.39
2024-06-12,SKU_0020,40.554983513213344,0,13.15,13.15
2024-06-13,SKU_0020,40.99449789825968,0,13.12,13.12
2024-06-14,SKU_0020,40.978335524823976,0,12.03,12.03
2024-06-15,SKU_0020,41.61227547027349,0,10.02,10.02
2024-06-16,SKU_0020,40.00161783214719,0,9.22,9.22
2024-06-17,SKU_0020,41.88042782161524,0,14.31,14.31
2024-06-18,SKU_0020,43.00383018991933,0,13.11,13.11
2024-06-19,SKU_0020,41.93249122946334,0,15.8,15.8
2024-06-20,SKU_0020,44.264587695924654,0,10.88,10.88
2024-06-21,SKU_0020,44.31505089497417,0,13.52,13.52
2024-06-22,SKU_0020,41.80939062346664,0,9.55,9.55
2024-06-23,SKU_0020,42.70078213682508,1,15.22,15.22
2024-06-24,SKU_0020,43.31230554213854,0,9.6,9.6
2024-06-25,SKU_0020,45.88149496900414,0,14.61,14.61
2024-06-26,SKU_0020,48.22871994372254,0,15.94,15.94
2024-06-27,SKU_0020,47.91368261579503,0,8.42,8.42
2024-06-28,SKU_0020,46.57555799761658,0,13.04,13.04
2024-06-29,SKU_0020,46.58043122045964,0,6.8,6.8
2024-06-30,SKU_0020,47.606964084141225,0,9.53,9.53
2024-07-01,SKU_0020,49.00901777931289,0,15.92,15.92
2024-07-02,SKU_0020,49.90339567187078,0,15.89,15.89
2024-07-03,SKU_0020,49.632374543159884,0,10.13,10.13
2024-07-04,SKU_0020,52.69140527951213,0,11.3,11.3
2024-07-05,SKU_0020,50.60215887647157,0,12.3,12.3
2024-07-06,SKU_0020,58.71871191748195,0,6.33,6.33
2024-07-07,SKU_0020,61.469595525398084,0,7.16,7.16
2024-07-08,SKU_0020,57.44876727294162,0,9.17,9.17
2024-07-09,SKU_0020,58.09080016774055,1,17.54,17.54
2024-07-10,SKU_0020,60.84735297177263,0,8.71,8.71
2024-07-11,SKU_0020,59.58513744718175,0,12.07,12.07
2024-07-12,SKU_0020,54.47258395637914,0,7.93,7.93
2024-07-13,SKU_0020,51.18024879678252,1,10.48,10.48
2024-07-14,SKU_0020,52.87228394579256,0,7.83,7.83
2024-07-15,SKU_0020,47.58903036860165,0,12.16,12.16
2024-07-16,SKU_0020,43.62548971100571,0,13.45,13.45
2024-07-17,SKU_0020,45.0535458758551,0,18.33,18.33
2024-07-18,SKU_0020,44.455946730824245,0,14.99,14.99
2024-07-19,SKU_0020,42.638257530603305,1,11.48,11.48
2024-07-20,SKU_0020,41.391187072111244,0,11.41,11.41
2024-07-21,SKU_0020,37.89499922245904,0,10.32,10.32
2024-07-22,SKU_0020,39.01266599760792,0,12.21,12.21
2024-07-23,SKU_0020,37.16969390492695,0,17.12,17.12
2024-07-24,SKU_0020,35.993868992801005,0,12.4,12.4
2024-07-25,SKU_0020,36.750643157576455,0,10.17,10.17
2024-07-26,SKU_0020,36.18910382687963,0,10.89,10.89
2024-07-27,SKU_0020,34.69095102915836,0,8.31,8.31
2024-07-28,SKU_0020,30.787617200746084,0,16.14,16.14
2024-07-29,SKU_0020,31.473883948550586,0,11.19,11.19
2024-07-30,SKU_0020,31.623410945794145,0,15.62,15.62
2024-07-31,SKU_0020,30.656798591921113,0,16.99,16.99
2024-08-01,SKU_0020,28.80677219683605,0,19.26,19.26
2024-08-02,SKU_0020,28.82883939363595,0,9.89,9.89
2024-08-03,SKU_0020,29.672021345641536,0,7.27,7.27
2024-08-04,SKU_0020,29.846574987053913,0,14.01,14.01
2024-08-05,SKU_0020,32.92900972069565,0,12.62,12.62
2024-08-06,SKU_0020,34.35132164753664,0,16.98,16.98
2024-08-07,SKU_0020,34.13091283748528,0,17.84,17.84
2024-08-08,SKU_0020,35.6767863084325,0,15.99,15.99
2024-08-09,SKU_0020,35.78110534883569,0,9.66,9.66
2024-08-10,SKU_0020,35.87825981227691,0,7.73,7.73
2024-08-11,SKU_0020,38.78033792354103,0,5.99,5.99
2024-08-12,SKU_0020,36.746018915076775,1,12.46,12.46
2024-08-13,SKU_0020,36.79744707596367,0,13.75,13.75
2024-08-14,SKU_0020,39.52016587021476,0,11.75,11.75
2024-08-15,SKU_0020,40.25968127373303,0,9.46,9.46
2024-08-16,SKU_0020,39.37800156095988,0,9.76,9.76
2024-08-17,SKU_0020,35.54635923323852,0,11.34,11.34
2024-08-18,SKU_0020,31.019527387768445,0,9.84,9.84
2024-08-19,SKU_0020,35.13464895558207,0,9.15,9.15
2024-08-20,SKU_0020,35.79107292114052,0,17.46,17.46
2024-08-21,SKU_0020,34.55851983676927,0,12.28,12.28
2024-08-22,SKU_0020,35.29077250239434,0,16.92,16.92
2024-08-23,SKU_0020,33.340106753131614,0,9.9,9.9
2024-08-24,SKU_0020,32.684109200853094,0,9.12,9.12
2024-08-25,SKU_0020,30.890002227701473,0,13.38,13.38
2024-08-26,SKU_0020,28.378623383215352,0,9.73,9.73
2024-08-27,SKU_0020,25.011533718599768,0,13.26,13.26
2024-08-28,SKU_0020,22.725272329539578,0,16.81,16.81
2024-08-29,SKU_0020,24.161365476246694,0,14.98,14.98
2024-08-30,SKU_0020,22.7722336593316,0,21.7,21.7
2024-08-31,SKU_0020,23.51492905922392,0,8.9,8.9
2024-09-01,SKU_0020,24.904147153515552,0,8.41,8.41
2024-09-02,SKU_0020,24.92893365525333,0,11.23,11.23
2024-09-03,SKU_0020,24.48633214685639,0,17.1,17.1
2024-09-04,SKU_0020,24.68254874931249,0,18.62,18.62
2024-09-05,SKU_0020,24.07320132479329,0,13.22,13.22
2024-09-06,SKU_0020,25.876463213202026,0,11.78,11.78
2024-09-07,SKU_0020,28.960297253346262,0,13.74,13.74
2024-09-08,SKU_0020,31.59233543223396,0,9.47,9.47
2024-09-09,SKU_0020,27.766235924846992,0,13.41,13.41
2024-09-10,SKU_0020,27.04762340078094,0,22.23,22.23
2024-09-11,SKU_0020,27.054373932203276,0,13.77,13.77
2024-09-12,SKU_0020,27.816577833019778,0,11.9,11.9
2024-09-13,SKU_0020,25.078058378237184,1,14.35,14.35
2024-09-14,SKU_0020,22.58727457994601,0,9.57,9.57
2024-09-15,SKU_0020,24.42956455666945,0,7.51,7.51
2024-09-16,SKU_0020,23.623616288627385,0,14.06,14.06
2024-09-17,SKU_0020,21.60667990115364,0,17.96,17.96
2024-09-18,SKU_0020,20.222261925760016,0,17.9,17.9
2024-09-19,SKU_0020,20.701632288909128,0,17.15,17.15
2024-09-20,SKU_0020,19.704749351321436,1,18.95,18.95
2024-09-21,SKU_0020,19.992500516175685,0,8.72,8.72
2024-09-22,SKU_0020,18.852274830533165,0,13.22,13.22
2024-09-23,SKU_0020,16.97907289610852,0,18.41,18.41
2024-09-24,SKU_0020,18.49396364586903,0,13.6,13.6
2024-09-25,SKU_0020,18.941130682564975,0,25.74,25.74
2024-09-26,SKU_0020,18.565606060638284,1,18.03,18.03
2024-09-27,SKU_0020,17.99383193925492,0,11.29,11.29
2024-09-28,SKU_0020,19.646968493515782,0,11.9,11.9
2024-09-29,SKU_0020,20.3567968569086,0,13.25,13.25
2024-09-30,SKU_0020,21.8068389937073,0,16.62,16.62
2024-10-01,SKU_0020,21.05634785035366,0,19.42,19.42
2024-10-02,SKU_0020,21.120456383372424,0,16.25,16.25
2024-10-03,SKU_0020,21.636333383392785,0,16.2,16.2
2024-10-04,SKU_0020,20.933900032727937,0,12.2,12.2
2024-10-05,SKU_0020,20.814251690879953,0,11.46,11.46
2024-10-06,SKU_0020,20.098020128293015,0,12.18,12.18
2024-10-07,SKU_0020,20.585045405656643,0,13.32,13.32
2024-10-08,SKU_0020,19.0160091484997,0,17.21,17.21
2024-10-09,SKU_0020,19.67993152716735,0,13.0,13.0
2024-10-10,SKU_0020,20.050261667429414,0,19.62,19.62
2024-10-11,SKU_0020,19.807164044758125,0,14.3,14.3
2024-10-12,SKU_0020,20.348653068962886,0,7.1,7.1
2024-10-13,SKU_0020,19.90793296232032,0,14.23,14.23
2024-10-14,SKU_0020,19.123356648351596,0,15.3,15.3
2024-10-15,SKU_0020,19.757516839866263,0,15.05,15.05
2024-10-16,SKU_0020,20.465793009337276,0,15.1,15.1
2024-10-17,SKU_0020,19.85227568028437,0,14.67,14.67
2024-10-18,SKU_0020,19.158289746056028,0,11.48,11.48
2024-10-19,SKU_0020,18.949112522479595,0,10.08,10.08
2024-10-20,SKU_0020,18.33179087027232,0,18.04,18.04
2024-10-21,SKU_0020,20.088427545764972,0,16.33,16.33
2024-10-22,SKU_0020,20.47352213470005,0,26.98,26.98
2024-10-23,SKU_0020,20.491465084972578,0,19.57,19.57
2024-10-24,SKU_0020,19.376189438168147,0,19.36,19.36
2024-10-25,SKU_0020,20.25464865738075,0,11.36,11.36
2024-10-26,SKU_0020,19.524850454926007,0,11.37,11.37
2024-10-27,SKU_0020,18.774943679264506,0,12.61,12.61
2024-10-28,SKU_0020,19.665780160904085,0,17.59,17.59
2024-10-29,SKU_0020,20.12815217628463,0,18.18,18.18
2024-10-30,SKU_0020,17.32087782122628,0,22.4,22.4
2024-10-31,SKU_0020,17.15768775112828,0,19.97,19.97
2024-11-01,SKU_0020,17.287393142574807,0,14.16,14.16
2024-11-02,SKU_0020,16.93871357790112,0,11.93,11.93
2024-11-03,SKU_0020,17.102481438962922,0,12.0,12.0
2024-11-04,SKU_0020,15.34273828490877,0,22.6,22.6
2024-11-05,SKU_0020,12.945924785408792,0,22.64,22.64
2024-11-06,SKU_0020,12.209971523999602,0,27.71,27.71
2024-11-07,SKU_0020,12.418506047492125,0,22.25,22.25
2024-11-08,SKU_0020,10.233743121073932,0,25.59,25.59
2024-11-09,SKU_0020,9.728674370957384,0,12.18,12.18
