data/raw/sales.csv
date,sku,price,promo,true_demand_qty,sales_qty
2024-11-10,SKU_0020,8.668640620661344,0,21.95,21.95
2024-11-11,SKU_0020,8.543361400637123,0,20.2,20.2
2024-11-12,SKU_0020,9.608311378124855,0,31.45,31.45
2024-11-13,SKU_0020,9.483921895636609,1,39.58,39.58
2024-11-14,SKU_0020,9.422945844692606,0,20.4,20.4
2024-11-15,SKU_0020,9.909576556458754,0,22.99,22.99
2024-11-16,SKU_0020,9.922252995417438,0,19.1,19.1
2024-11-17,SKU_0020,9.795082810957169,0,18.75,18.75
2024-11-18,SKU_0020,10.35510113128692,1,30.95,22.12
2024-11-19,SKU_0020,10.652477457835996,0,28.88,28.88
2024-11-20,SKU_0020,10.83855880869503,0,36.56,36.56
2024-11-21,SKU_0020,10.74868290703095,0,24.37,24.37
2024-11-22,SKU_0020,10.527799653273275,0,25.95,25.95
2024-11-23,SKU_0020,11.123384428775587,0,17.34,17.34
2024-11-24,SKU_0020,10.901079711483654,0,24.44,24.44
2024-11-25,SKU_0020,11.736891645363084,0,21.5,21.5
2024-11-26,SKU_0020,11.022164843528408,0,24.53,24.53
2024-11-27,SKU_0020,12.012349774857368,0,22.35,22.35
2024-11-28,SKU_0020,12.357432123768797,0,24.32,24.32
2024-11-29,SKU_0020,11.659783092937817,0,17.43,17.43
2024-11-30,SKU_0020,12.021350727845018,0,22.63,22.63
2024-12-01,SKU_0020,11.561332471003766,0,15.67,15.67
2024-12-02,SKU_0020,11.584544111832447,1,26.99,26.99
2024-12-03,SKU_0020,11.251193110475413,0,31.83,31.83
2024-12-04,SKU_0020,11.16182470302965,0,37.68,37.68
2024-12-05,SKU_0020,11.810456640858662,0,29.78,29.78
2024-12-06,SKU_0020,12.183663465608918,0,25.2,25.2
2024-12-07,SKU_0020,11.388158308865906,0,17.76,17.76
2024-12-08,SKU_0020,10.681233084262479,0,19.73,19.73
2024-12-09,SKU_0020,10.856183449263163,0,36.94,36.94
2024-12-10,SKU_0020,11.082042975855705,0,41.06,41.06
2024-12-11,SKU_0020,10.642541835128018,0,36.1,36.1
2024-12-12,SKU_0020,11.708771697498545,0,33.05,33.05
2024-12-13,SKU_0020,12.294450416054413,0,24.68,24.68
2024-12-14,SKU_0020,11.8415364995038,0,14.21,14.21
2024-12-15,SKU_0020,11.339339755718258,0,19.64,19.64
2024-12-16,SKU_0020,11.185399157715636,0,33.57,33.57
2024-12-17,SKU_0020,10.964886344501156,0,34.87,34.87
2024-12-18,SKU_0020,11.823244493424728,0,29.8,29.8
2024-12-19,SKU_0020,12.542700269513618,0,35.28,35.28
2024-12-20,SKU_0020,12.569120039406794,0,22.65,22.65
2024-12-21,SKU_0020,13.0909002179851,0,20.34,20.34
2024-12-22,SKU_0020,13.753534732986143,0,19.56,19.56
2024-12-23,SKU_0020,13.801696318802408,0,25.17,25.17
2024-12-24,SKU_0020,14.139165291725496,0,30.21,30.21
2024-12-25,SKU_0020,14.6523375178704,0,35.45,35.45
2024-12-26,SKU_0020,15.087343653034099,0,32.0,32.0
2024-12-27,SKU_0020,14.398557010826229,0,18.21,18.21
2024-12-28,SKU_0020,13.824818356317842,0,18.65,18.65
2024-12-29,SKU_0020,13.587492885451988,0,24.15,24.15
2024-12-30,SKU_0020,13.023427774926342,0,23.31,23.31
2024-01-01,SKU_0021,23.257579213658268,1,24.27,24.27
2024-01-02,SKU_0021,22.756485150454285,0,27.41,27.41
2024-01-03,SKU_0021,22.660814705474017,0,29.21,29.21
2024-01-04,SKU_0021,24.32413052455244,0,25.19,25.19
2024-01-05,SKU_0021,25.260274404047404,0,18.07,1.92
2024-01-06,SKU_0021,26.160824365517886,0,20.75,0.0
2024-01-07,SKU_0021,24.795704641336197,0,18.57,18.57
2024-01-08,SKU_0021,26.14783600526133,0,28.96,28.96
2024-01-09,SKU_0021,28.42418604725795,0,18.85,18.85
2024-01-10,SKU_0021,29.10513612134189,0,22.14,22.14
2024-01-11,SKU_0021,29.852414065851054,0,20.83,20.83
2024-01-12,SKU_0021,27.670978927006566,0,21.84,21.84
2024-01-13,SKU_0021,29.478179753151455,0,17.97,17.97
2024-01-14,SKU_0021,32.80234980421293,0,11.56,11.56
2024-01-15,SKU_0021,33.44416383758732,0,18.99,18.99
2024-01-16,SKU_0021,32.272512458427585,0,14.11,14.11
2024-01-17,SKU_0021,31.96035310177734,0,24.92,24.92
2024-01-18,SKU_0021,31.16422886017261,0,14.9,14.9
2024-01-19,SKU_0021,30.497476637300164,0,17.79,17.79
2024-01-20,SKU_0021,31.706538796941715,0,16.31,16.31
2024-01-21,SKU_0021,32.24267151291847,0,16.15,16.15
2024-01-22,SKU_0021,34.244534449847755,0,11.04,11.04
2024-01-23,SKU_0021,35.0151605597903,0,16.21,16.21
2024-01-24,SKU_0021,33.24604617880564,0,23.18,23.18
2024-01-25,SKU_0021,32.26213742444676,0,21.61,21.61
2024-01-26,SKU_0021,31.190821296464726,1,20.17,20.17
2024-01-27,SKU_0021,30.843796916049396,0,8.94,8.94
2024-01-28,SKU_0021,34.3505654240939,0,15.85,15.85
2024-01-29,SKU_0021,38.62549129327674,0,16.99,16.99
2024-01-30,SKU_0021,40.613825034303204,0,14.76,14.76
2024-01-31,SKU_0021,40.90426574446379,0,15.42,15.42
2024-02-01,SKU_0021,37.69529257867839,0,16.58,16.58
2024-02-02,SKU_0021,38.19618798690646,0,15.85,15.85
2024-02-03,SKU_0021,36.42791156103259,0,11.41,11.41
2024-02-04,SKU_0021,40.17185378186076,0,9.54,9.54
2024-02-05,SKU_0021,36.48131655516702,0,15.54,15.54
2024-02-06,SKU_0021,37.332688655980725,0,16.59,16.59
2024-02-07,SKU_0021,35.424899609190426,0,18.85,18.85
2024-02-08,SKU_0021,35.40468091184837,0,11.84,11.84
2024-02-09,SKU_0021,36.84825015775064,0,14.16,14.16
2024-02-10,SKU_0021,39.178426593184724,0,12.43,12.43
2024-02-11,SKU_0021,39.03602123390984,0,12.94,12.94
2024-02-12,SKU_0021,40.860255165678055,1,17.6,17.6
2024-02-13,SKU_0021,39.26798784655861,0,15.43,15.43
2024-02-14,SKU_0021,39.85077812589036,0,16.36,16.36
2024-02-15,SKU_0021,42.32061739968265,0,16.37,16.37
2024-02-16,SKU_0021,43.172354357589,1,14.26,14.26
2024-02-17,SKU_0021,41.822719609090065,0,12.12,12.12
2024-02-18,SKU_0021,41.128330110363734,0,8.62,8.62
2024-02-19,SKU_0021,43.71260676784987,0,9.73,9.73
2024-02-20,SKU_0021,40.9407487027968,0,13.86,13.86
2024-02-21,SKU_0021,38.685581510734494,0,13.99,13.99
2024-02-22,SKU_0021,40.10745733276398,0,10.93,10.93
2024-02-23,SKU_0021,39.06448216948947,0,13.14,13.14
2024-02-24,SKU_0021,35.802945908465794,0,12.65,12.65
2024-02-25,SKU_0021,38.82557962100145,0,11.49,11.49
2024-02-26,SKU_0021,36.34669508965161,0,16.24,16.24
2024-02-27,SKU_0021,35.91436949583493,0,13.78,13.78
2024-02-28,SKU_0021,34.60389476864675,0,18.54,18.54
2024-02-29,SKU_0021,33.991321164496355,0,17.68,17.68
2024-03-01,SKU_0021,32.23420206282933,0,16.59,16.59
2024-03-02,SKU_0021,33.6456850974437,0,9.74,9.74
2024-03-03,SKU_0021,33.87015456932632,0,11.41,11.41
2024-03-04,SKU_0021,35.929311767881,0,14.27,14.27
2024-03-05,SKU_0021,34.63980150474058,0,24.41,24.41
2024-03-06,SKU_0021,39.369234445449216,0,17.69,17.69
2024-03-07,SKU_0021,35.11771600099498,0,22.04,22.04
2024-03-08,SKU_0021,31.93164863028337,0,16.42,16.42
2024-03-09,SKU_0021,35.473386131860856,0,12.09,12.09
2024-03-10,SKU_0021,36.49682348329247,0,13.6,13.6
2024-03-11,SKU_0021,37.25210278847734,0,14.3,14.3
2024-03-12,SKU_0021,38.228637685241466,0,15.02,15.02
2024-03-13,SKU_0021,39.561536612370475,0,12.46,12.46
2024-03-14,SKU_0021,40.279530497181206,1,15.37,15.37
2024-03-15,SKU_0021,38.011515082383504,0,15.18,15.18
2024-03-16,SKU_0021,39.9241177674432,0,12.97,12.97
2024-03-17,SKU_0021,41.53852414553476,0,8.63,8.63
2024-03-18,SKU_0021,45.25563343089416,1,9.21,9.21
2024-03-19,SKU_0021,50.30888102840155,0,13.31,13.31
2024-03-20,SKU_0021,51.3163896496623,0,11.31,11.31
2024-03-21,SKU_0021,47.672620836375216,0,8.54,8.54
2024-03-22,SKU_0021,53.022090166654465,0,4.08,4.08
2024-03-23,SKU_0021,49.87997532946814,0,5.86,5.86
2024-03-24,SKU_0021,50.90175884313311,0,6.67,6.67
2024-03-25,SKU_0021,50.12367454322267,0,7.41,7.41
2024-03-26,SKU_0021,48.845190600065095,0,13.35,13.35
2024-03-27,SKU_0021,51.137287538162006,0,9.56,9.56
2024-03-28,SKU_0021,51.89287536197213,0,9.82,9.82
2024-03-29,SKU_0021,53.51574951095987,0,12.06,12.06
2024-03-30,SKU_0021,50.95968431847426,0,7.04,7.04
2024-03-31,SKU_0021,50.430205882972324,0,7.27,7.27
2024-04-01,SKU_0021,48.1546747057213,0,9.77,9.77
2024-04-02,SKU_0021,47.58292243840273,0,13.86,13.86
2024-04-03,SKU_0021,47.24506438714079,0,14.23,14.23
2024-04-04,SKU_0021,52.77335596437864,0,7.8,7.8
2024-04-05,SKU_0021,51.95838608461705,0,7.24,7.24
2024-04-06,SKU_0021,45.73698320464763,1,8.51,8.51
2024-04-07,SKU_0021,49.7302163574801,0,7.18,7.18
2024-04-08,SKU_0021,51.088952791368726,0,13.04,13.04
2024-04-09,SKU_0021,50.68893588838588,1,14.75,14.75
2024-04-10,SKU_0021,49.376506676211044,0,11.68,11.68
2024-04-11,SKU_0021,46.649359549353974,0,14.84,14.84
2024-04-12,SKU_0021,52.4018598584363,0,8.03,8.03
2024-04-13,SKU_0021,52.56511976794011,0,4.7,4.7
2024-04-14,SKU_0021,47.360460261572854,0,11.42,11.42
2024-04-15,SKU_0021,48.30099258621265,0,9.55,9.55
2024-04-16,SKU_0021,51.92614460818831,0,6.68,6.68
2024-04-17,SKU_0021,52.41582204165293,0,7.8,7.8
2024-04-18,SKU_0021,49.65568496678921,0,13.06,13.06
2024-04-19,SKU_0021,46.78901380532909,0,6.71,6.71
2024-04-20,SKU_0021,44.28337356103085,0,11.16,11.16
2024-04-21,SKU_0021,48.516734117145106,1,9.48,9.48
2024-04-22,SKU_0021,48.308567624701,0,11.29,11.29
2024-04-23,SKU_0021,43.679787372599904,0,13.03,13.03
2024-04-24,SKU_0021,44.69821192457439,0,15.26,15.26
2024-04-25,SKU_0021,45.07806237228074,0,12.86,12.86
2024-04-26,SKU_0021,43.88014668434715,0,10.04,10.04
2024-04-27,SKU_0021,41.27419857448825,0,7.64,7.64
2024-04-28,SKU_0021,38.72184375452053,0,11.94,11.94
2024-04-29,SKU_0021,41.33054883736568,0,8.65,8.65
2024-04-30,SKU_0021,41.94891964472183,0,17.47,17.47
2024-05-01,SKU_0021,43.17110039532388,0,14.97,14.97
2024-05-02,SKU_0021,43.80976893820374,0,13.73,13.73
2024-05-03,SKU_0021,44.67965041281792,0,5.77,5.77
2024-05-04,SKU_0021,43.441468057708235,0,6.89,6.89
2024-05-05,SKU_0021,42.90827547528849,0,8.44,8.44
2024-05-06,SKU_0021,46.0146312781021,0,11.87,11.87
2024-05-07,SKU_0021,50.09067320800617,0,8.96,8.96
2024-05-08,SKU_0021,46.54917627053212,0,21.01,21.01
2024-05-09,SKU_0021,45.971138607206534,0,10.87,10.87
2024-05-10,SKU_0021,48.34539138333953,0,6.93,6.93
2024-05-11,SKU_0021,54.12497278299341,0,5.78,5.78
2024-05-12,SKU_0021,60.232571351410996,0,4.45,4.45
2024-05-13,SKU_0021,57.42431325139901,1,6.76,6.76
2024-05-14,SKU_0021,61.98984346487701,0,9.31,9.31
2024-05-15,SKU_0021,62.208318868558955,0,8.7,8.7
2024-05-16,SKU_0021,66.23133789298458,0,7.01,7.01
2024-05-17,SKU_0021,69.4391239157287,0,6.07,6.07
2024-05-18,SKU_0021,64.36774227685193,0,4.95,4.95
2024-05-19,SKU_0021,66.5272107843273,1,4.35,4.35
2024-05-20,SKU_0021,70.66517265920922,0,5.87,5.87
2024-05-21,SKU_0021,70.57976783570551,0,4.86,4.86
2024-05-22,SKU_0021,69.5443405890009,1,7.01,7.01
2024-05-23,SKU_0021,63.28603625445118,0,6.63,6.63
2024-05-24,SKU_0021,65.93581438485583,0,4.88,4.88
2024-05-25,SKU_0021,66.76684744281758,1,3.47,3.47
2024-05-26,SKU_0021,63.17291358051672,0,3.98,3.98
2024-05-27,SKU_0021,61.94985248548912,0,6.15,6.15
2024-05-28,SKU_0021,62.52680981667451,0,6.43,6.43
2024-05-29,SKU_0021,60.465761213972215,1,11.85,11.85
2024-05-30,SKU_0021,60.47547446722503,0,9.15,9.15
2024-05-31,SKU_0021,54.447772710023145,0,5.35,5.35
2024-06-01,SKU_0021,59.03953150927398,0,5.04,5.04
2024-06-02,SKU_0021,59.09591501949603,0,7.24,7.24
2024-06-03,SKU_0021,55.323655944754535,0,7.07,7.07
2024-06-04,SKU_0021,47.73276507456026,0,10.09,10.09
2024-06-05,SKU_0021,50.7730731212794,1,14.55,14.55
2024-06-06,SKU_0021,52.50202028889579,0,8.21,8.21
2024-06-07,SKU_0021,53.16991842889903,0,8.79,8.79
2024-06-08,SKU_0021,55.99775907599895,0,4.71,4.71
2024-06-09,SKU_0021,58.96626951067635,0,4.72,4.72
2024-06-10,SKU_0021,59.658215138439445,0,7.39,7.39
2024-06-11,SKU_0021,58.75516172888836,0,7.86,7.86
2024-06-12,SKU_0021,57.30285869624647,0,8.5,8.5
2024-06-13,SKU_0021,58.76856093266346,0,4.84,4.84
2024-06-14,SKU_0021,63.90700094841326,0,4.64,4.64
2024-06-15,SKU_0021,63.51364254879196,0,5.05,5.05
2024-06-16,SKU_0021,69.39698137061981,0,3.35,3.35
2024-06-17,SKU_0021,70.96824467360578,0,5.39,5.39
2024-06-18,SKU_0021,72.60791783588324,0,5.68,5.68
2024-06-19,SKU_0021,83.87944127634714,0,4.26,4.26
2024-06-20,SKU_0021,92.62334706425519,0,4.42,4.42
2024-06-21,SKU_0021,102.43800564874154,0,2.15,2.15
2024-06-22,SKU_0021,97.65110499758657,0,1.99,1.99
2024-06-23,SKU_0021,111.37823409813552,0,1.73,1.73
2024-06-24,SKU_0021,110.83015736239597,0,2.29,2.29
2024-06-25,SKU_0021,109.32766182898074,0,3.2,3.2
2024-06-26,SKU_0021,96.04285902824236,0,2.6,2.6
2024-06-27,SKU_0021,97.94165943590441,0,3.58,3.58
2024-06-28,SKU_0021,91.77782879271344,0,2.71,2.71
2024-06-29,SKU_0021,94.05370808869748,0,2.43,2.43
2024-06-30,SKU_0021,87.7219430376145,0,4.16,4.16
2024-07-01,SKU_0021,97.71294659377502,0,2.43,2.43
2024-07-02,SKU_0021,101.00080648367528,0,2.38,2.38
2024-07-03,SKU_0021,115.80651175631161,0,2.63,2.63
2024-07-04,SKU_0021,108.91190609024278,0,2.66,2.66
2024-07-05,SKU_0021,119.52076346627766,0,2.04,2.04
2024-07-06,SKU_0021,107.2676769327065,0,1.55,1.55
2024-07-07,SKU_0021,108.61525776452888,0,1.52,1.52
2024-07-08,SKU_0021,104.57604451870853,0,1.73,1.73
2024-07-09,SKU_0021,101.80274958109204,0,2.23,2.23
2024-07-10,SKU_0021,98.6962871609127,0,2.93,2.93
2024-07-11,SKU_0021,93.42550279806942,0,3.02,3.02
2024-07-12,SKU_0021,86.62453233752329,0,4.22,4.22
2024-07-13,SKU_0021,84.35528396645542,0,1.76,1.76
2024-07-14,SKU_0021,84.94458937532588,0,2.76,2.76
2024-07-15,SKU_0021,91.0875211884988,0,2.48,2.48
2024-07-16,SKU_0021,92.71607249913602,0,3.47,3.47
2024-07-17,SKU_0021,99.43799175846095,0,2.75,2.75
2024-07-18,SKU_0021,90.99855608296959,0,3.87,3.87
2024-07-19,SKU_0021,88.66502233328727,0,3.23,3.23
2024-07-20,SKU_0021,92.52933875666459,0,2.03,2.03
2024-07-21,SKU_0021,94.45440349165561,1,3.38,3.38
2024-07-22,SKU_0021,89.69784178832235,0,3.33,3.33
2024-07-23,SKU_0021,94.86841649721443,1,4.91,4.91
2024-07-24,SKU_0021,91.89204379824834,0,3.37,3.37
2024-07-25,SKU_0021,87.70444983509107,0,3.94,3.94
2024-07-26,SKU_0021,90.30469956730617,1,2.54,2.54
2024-07-27,SKU_0021,90.33813311581945,0,1.77,1.77
2024-07-28,SKU_0021,87.54779955382455,0,3.63,3.63
2024-07-29,SKU_0021,84.67097080238445,0,2.47,2.47
2024-07-30,SKU_0021,79.40687928099292,0,3.7,3.7
2024-07-31,SKU_0021,77.54358074900587,0,2.98,2.98
2024-08-01,SKU_0021,82.83417159564053,1,3.5,3.5
2024-08-02,SKU_0021,84.05856047529157,0,2.23,2.23
2024-08-03,SKU_0021,89.03498205561269,0,1.84,1.84
2024-08-04,SKU_0021,91.83499751955229,0,2.25,2.25
2024-08-05,SKU_0021,88.5226710400788,0,3.11,3.11
2024-08-06,SKU_0021,80.1828949873188,0,3.18,3.18
2024-08-07,SKU_0021,75.84554356330074,0,3.76,3.76
2024-08-08,SKU_0021,72.85162234939185,0,5.18,5.18
2024-08-09,SKU_0021,69.65188960742005,0,5.06,5.06
2024-08-10,SKU_0021,73.87474511581006,0,3.56,3.56
2024-08-11,SKU_0021,78.30459873519105,0,1.93,1.93
2024-08-12,SKU_0021,89.41774138064308,0,3.41,3.41
2024-08-13,SKU_0021,85.41278882802034,0,4.99,4.99
2024-08-14,SKU_0021,94.00450813765282,0,2.19,2.19
2024-08-15,SKU_0021,103.42211034830785,0,2.91,2.91
2024-08-16,SKU_0021,101.99083403951676,0,2.01,2.01
2024-08-17,SKU_0021,104.9302948049556,0,1.45,1.45
2024-08-18,SKU_0021,113.03983352355348,0,1.5,1.5
2024-08-19,SKU_0021,112.64088939590161,1,2.37,2.37
2024-08-20,SKU_0021,111.72285343048623,1,3.31,3.31
2024-08-21,SKU_0021,107.5957379049048,0,3.03,3.03
2024-08-22,SKU_0021,93.38948188796346,1,2.38,2.38
2024-08-23,SKU_0021,93.78519636265959,0,1.89,1.89
2024-08-24,SKU_0021,89.87455481203656,0,1.99,1.99
2024-08-25,SKU_0021,84.25887839297886,0,3.14,3.14
2024-08-26,SKU_0021,86.42054563203405,0,1.58,1.58
2024-08-27,SKU_0021,79.21349769635655,0,3.31,3.31
2024-08-28,SKU_0021,83.13880024948745,1,3.16,3.16
2024-08-29,SKU_0021,85.58649158867716,0,2.32,2.32
2024-08-30,SKU_0021,83.55590004209068,0,3.1,3.1
2024-08-31,SKU_0021,83.23910540398279,0,1.95,1.95
2024-09-01,SKU_0021,77.50201907723095,0,1.62,1.62
2024-09-02,SKU_0021,81.07091819037363,0,2.89,2.89
2024-09-03,SKU_0021,81.98744774729334,0,5.25,5.25
2024-09-04,SKU_0021,83.28572421958192,0,2.46,2.46
2024-09-05,SKU_0021,85.83188687484466,0,3.34,3.34
2024-09-06,SKU_0021,82.58645256264505,0,3.5,3.5
2024-09-07,SKU_0021,75.39207459531703,0,2.48,2.48
2024-09-08,SKU_0021,79.84931216349274,0,3.57,3.57
2024-09-09,SKU_0021,83.21805781583518,0,2.48,2.48
2024-09-10,SKU_0021,80.58744250082933,0,4.74,4.74
2024-09-11,SKU_0021,82.59006947984064,0,4.52,4.52
2024-09-12,SKU_0021,89.06512604158591,0,2.78,2.78
2024-09-13,SKU_0021,95.36292762321,0,1.5,1.5
2024-09-14,SKU_0021,92.18674654288512,0,1.48,1.48
2024-09-15,SKU_0021,84.30917618959775,0,1.38,1.38
2024-09-16,SKU_0021,77.90248110995573,0,3.5,3.5
2024-09-17,SKU_0021,76.45896881075042,1,5.01,5.01
2024-09-18,SKU_0021,83.47049945776381,0,3.51,3.51
2024-09-19,SKU_0021,79.9008542972817,1,3.84,3.84
2024-09-20,SKU_0021,77.09256738215709,0,3.69,3.69
2024-09-21,SKU_0021,74.29117784495726,1,3.19,3.19
2024-09-22,SKU_0021,71.95841336201654,0,2.53,2.53
2024-09-23,SKU_0021,71.90995773071114,0,3.62,3.62
2024-09-24,SKU_0021,66.59381722868993,0,7.14,7.14
2024-09-25,SKU_0021,71.07057064988136,0,5.04,5.04
2024-09-26,SKU_0021,70.45569492820874,0,3.72,3.72
2024-09-27,SKU_0021,81.75542316733922,0,2.53,2.53
2024-09-28,SKU_0021,76.19667953617946,0,2.65,2.65
2024-09-29,SKU_0021,83.82320315156025,1,2.42,2.42
2024-09-30,SKU_0021,91.12120836420262,0,2.17,2.17
2024-10-01,SKU_0021,88.8979906373937,0,2.99,2.99
2024-10-02,SKU_0021,86.81556301043517,0,4.38,4.38
2024-10-03,SKU_0021,82.14681177918088,0,3.69,3.69
2024-10-04,SKU_0021,77.78267721344602,1,3.03,3.03
2024-10-05,SKU_0021,77.77984932110843,0,2.79,2.79
2024-10-06,SKU_0021,77.87649314503575,0,2.49,2.49
2024-10-07,SKU_0021,70.73799460191621,0,3.86,3.86
2024-10-08,SKU_0021,81.17385023975991,0,3.65,3.65
2024-10-09,SKU_0021,79.91968097189059,0,2.43,2.43
2024-10-10,SKU_0021,80.23492381456306,0,1.78,1.78
2024-10-11,SKU_0021,77.27609307026876,0,2.93,2.93
2024-10-12,SKU_0021,76.04794987679347,0,2.06,2.06
2024-10-13,SKU_0021,74.4324032141957,0,1.94,1.94
2024-10-14,SKU_0021,74.41931724645626,0,2.84,2.84
2024-10-15,SKU_0021,74.35419948212024,0,4.82,4.82
2024-10-16,SKU_0021,78.0330250246863,0,4.16,4.16
2024-10-17,SKU_0021,79.10414940111305,0,3.94,3.94
2024-10-18,SKU_0021,82.51848363312035,0,2.78,2.78
2024-10-19,SKU_0021,82.4699234786585,0,1.8,1.8
2024-10-20,SKU_0021,83.62218170385785,0,2.63,2.63
2024-10-21,SKU_0021,82.4201936386574,0,3.23,3.23
2024-10-22,SKU_0021,87.53311504131962,0,3.05,3.05
2024-10-23,SKU_0021,89.24402977567856,0,3.19,3.19
2024-10-24,SKU_0021,88.40159689308142,0,3.35,3.35
2024-10-25,SKU_0021,87.41050114187652,0,2.02,2.02
2024-10-26,SKU_0021,86.83945467463298,0,2.5,2.5
2024-10-27,SKU_0021,86.99822366083036,0,2.4,2.4
