data/raw/sales.csv
date,sku,price,promo,true_demand_qty,sales_qty
2024-10-28,SKU_0021,86.70452160048991,0,2.68,2.68
2024-10-29,SKU_0021,83.845476171331,0,4.6,4.6
2024-10-30,SKU_0021,87.78314999131992,0,2.53,2.53
2024-10-31,SKU_0021,92.25478285448273,0,2.47,2.47
2024-11-01,SKU_0021,102.6767330319782,0,1.61,1.61
2024-11-02,SKU_0021,99.0245457104944,0,1.78,1.78
2024-11-03,SKU_0021,103.06440451596245,0,2.1,2.1
2024-11-04,SKU_0021,91.9096326397004,0,2.04,2.04
2024-11-05,SKU_0021,96.59707143070038,0,5.32,5.32
2024-11-06,SKU_0021,88.51335967547743,0,2.88,2.88
2024-11-07,SKU_0021,83.43714811119631,0,3.47,3.47
2024-11-08,SKU_0021,85.11703152065138,0,2.52,2.52
2024-11-09,SKU_0021,82.00147285976415,0,2.3,2.3
2024-11-10,SKU_0021,78.35391990195023,0,2.23,2.23
2024-11-11,SKU_0021,76.10751691963826,0,4.22,4.22
2024-11-12,SKU_0021,79.51332330590806,0,3.21,3.21
2024-11-13,SKU_0021,75.18495711547106,1,3.63,3.63
2024-11-14,SKU_0021,74.94105571482864,0,3.12,3.12
2024-11-15,SKU_0021,73.25763713284785,0,4.36,4.36
2024-11-16,SKU_0021,76.95154591459573,0,3.3,3.3
2024-11-17,SKU_0021,80.96777655289887,0,1.69,1.69
2024-11-18,SKU_0021,72.52521883238569,0,4.42,4.42
2024-11-19,SKU_0021,77.2186426101956,0,2.74,2.74
2024-11-20,SKU_0021,74.4401582822729,0,4.48,4.48
2024-11-21,SKU_0021,75.50305280903797,0,3.09,3.09
2024-11-22,SKU_0021,71.36721324063838,0,4.15,4.15
2024-11-23,SKU_0021,72.97425018526957,0,3.19,3.19
2024-11-24,SKU_0021,85.0455996361344,0,2.9,2.9
2024-11-25,SKU_0021,85.6969737314368,0,2.77,2.77
2024-11-26,SKU_0021,83.36484098617201,0,3.55,3.55
2024-11-27,SKU_0021,82.21164638065709,0,2.91,2.91
2024-11-28,SKU_0021,75.27553473192945,0,3.29,3.29
2024-11-29,SKU_0021,82.11272310045472,0,3.44,3.44
2024-11-30,SKU_0021,83.6687843985959,0,2.53,2.53
2024-12-01,SKU_0021,78.56545408032987,0,2.83,2.83
2024-12-02,SKU_0021,73.91775009877357,1,5.84,5.84
2024-12-03,SKU_0021,73.98555952767481,0,3.52,3.52
2024-12-04,SKU_0021,78.24067525459732,0,5.03,5.03
2024-12-05,SKU_0021,73.01977257900033,0,3.43,3.43
2024-12-06,SKU_0021,78.06445426809665,0,4.24,4.24
2024-12-07,SKU_0021,77.6364325871265,0,3.02,3.02
2024-12-08,SKU_0021,73.42189631223066,0,3.83,3.83
2024-12-09,SKU_0021,71.39021252157936,0,3.58,3.58
2024-12-10,SKU_0021,79.2869867013121,0,6.47,6.47
2024-12-11,SKU_0021,72.95050612052833,0,7.44,7.44
2024-12-12,SKU_0021,69.81630898094703,0,5.21,5.21
2024-12-13,SKU_0021,73.92289943895094,0,4.46,4.46
2024-12-14,SKU_0021,74.88922885579227,0,2.77,2.77
2024-12-15,SKU_0021,71.41697770677578,0,2.63,2.63
2024-12-16,SKU_0021,75.67313564537095,0,4.51,4.51
2024-12-17,SKU_0021,80.4118024666136,0,3.49,3.49
2024-12-18,SKU_0021,82.02666705396874,0,5.51,5.51
2024-12-19,SKU_0021,79.06739634944601,0,4.96,4.96
2024-12-20,SKU_0021,76.92280064704663,0,3.55,3.55
2024-12-21,SKU_0021,78.2479705674483,0,2.91,2.91
2024-12-22,SKU_0021,72.3248046727626,0,4.14,4.14
2024-12-23,SKU_0021,78.32244713226521,0,3.95,3.95
2024-12-24,SKU_0021,86.73407151945995,0,3.51,3.51
2024-12-25,SKU_0021,85.51480316328107,0,3.01,3.01
2024-12-26,SKU_0021,87.36159476421287,0,4.26,4.26
2024-12-27,SKU_0021,93.80366141128282,1,3.25,3.25
2024-12-28,SKU_0021,105.48170650244526,0,3.11,3.11
2024-12-29,SKU_0021,115.81063727326257,1,1.93,1.93
2024-12-30,SKU_0021,104.35767372247753,0,2.58,2.58
2024-01-01,SKU_0022,11.431273982564505,1,44.09,44.09
2024-01-02,SKU_0022,12.277894379732945,0,43.42,37.91
2024-01-03,SKU_0022,11.415073442652826,0,34.14,0.0
2024-01-04,SKU_0022,10.2778511742713,0,38.64,0.0
2024-01-05,SKU_0022,11.049645156024468,0,35.92,35.92
2024-01-06,SKU_0022,10.923071998638315,0,24.39,24.39
2024-01-07,SKU_0022,10.671571235278027,0,33.01,33.01
2024-01-08,SKU_0022,10.600596618919562,0,35.97,35.97
2024-01-09,SKU_0022,10.734543289718257,1,56.91,56.91
2024-01-10,SKU_0022,10.40226751590323,0,56.18,56.18
2024-01-11,SKU_0022,10.722878972093909,0,37.5,37.5
2024-01-12,SKU_0022,10.12131833860289,0,24.45,24.45
2024-01-13,SKU_0022,9.939675311707555,1,33.29,33.29
2024-01-14,SKU_0022,8.70286759523931,0,27.35,27.35
2024-01-15,SKU_0022,9.337016868143964,0,25.3,25.3
2024-01-16,SKU_0022,9.238888131256319,1,57.1,57.1
2024-01-17,SKU_0022,9.617917756321424,0,49.58,49.58
2024-01-18,SKU_0022,9.896906829522726,0,51.43,51.43
2024-01-19,SKU_0022,10.228839101198535,0,26.45,26.45
2024-01-20,SKU_0022,10.22406813634545,0,28.78,28.78
2024-01-21,SKU_0022,10.465019356420932,0,37.33,37.33
2024-01-22,SKU_0022,9.878504567842375,0,34.17,34.17
2024-01-23,SKU_0022,9.208163498517928,0,53.18,53.18
2024-01-24,SKU_0022,9.152472591756682,0,68.84,68.84
2024-01-25,SKU_0022,8.786684833993943,0,31.5,31.5
2024-01-26,SKU_0022,9.57126460110201,1,46.43,46.43
2024-01-27,SKU_0022,9.78914388408558,0,37.3,37.3
2024-01-28,SKU_0022,9.377236667912504,0,30.1,30.1
2024-01-29,SKU_0022,9.225696560613768,0,53.59,53.59
2024-01-30,SKU_0022,9.299615822719078,0,55.02,55.02
2024-01-31,SKU_0022,9.261749044817888,0,72.19,72.19
2024-02-01,SKU_0022,9.413997472803368,0,50.42,50.42
2024-02-02,SKU_0022,9.452856275341196,0,52.3,52.3
2024-02-03,SKU_0022,8.696125157808085,0,34.14,34.14
2024-02-04,SKU_0022,7.643252773296847,0,28.0,28.0
2024-02-05,SKU_0022,7.473823574429701,0,40.93,40.93
2024-02-06,SKU_0022,7.729439017542266,0,66.98,66.98
2024-02-07,SKU_0022,7.56319822052341,0,70.42,70.42
2024-02-08,SKU_0022,8.14568217660183,0,46.48,46.48
2024-02-09,SKU_0022,8.122798930242341,0,57.29,57.29
2024-02-10,SKU_0022,8.811930610507867,0,30.25,30.25
2024-02-11,SKU_0022,9.442499860522735,0,36.56,36.56
2024-02-12,SKU_0022,10.057292293668294,0,43.75,43.75
2024-02-13,SKU_0022,9.356649571917723,0,38.32,38.32
2024-02-14,SKU_0022,9.366277275246345,0,50.97,50.97
2024-02-15,SKU_0022,10.079282948169462,0,71.95,71.95
2024-02-16,SKU_0022,10.245338355043948,0,29.69,29.69
2024-02-17,SKU_0022,10.591845385567245,0,33.77,33.77
2024-02-18,SKU_0022,9.745553829325878,0,26.4,26.4
2024-02-19,SKU_0022,10.934670918367074,0,32.26,32.26
2024-02-20,SKU_0022,10.427599563191201,0,36.02,36.02
2024-02-21,SKU_0022,9.251545204188648,1,80.26,80.26
2024-02-22,SKU_0022,9.058676633152956,0,40.37,40.37
2024-02-23,SKU_0022,7.821481692191055,0,54.09,54.09
